=== MQTT / TLS 1.3 / mTLS, DEPLOY certificates, X25519MLKEM768 (wolfSSL 5.9.4) on RP2040 ===
CPU clock: 200 MHz
#config iterations=50 warmup=5 pipe_iterations=3 messages=200 payload_B=51 schemes=2 sweep_iterations=20 sweep_warmup=2 groups=13 kex_iterations=50 kex_warmup=2 blocks=16
#kat LoRaWAN / AES-CMAC / Ascon known-answer checks: OK
#lora restored from flash: devaddr=c4814f9a fcnt=320 reserved=384
#time 1791469930 (NTP pool.ntp.org): certificate and CRL dates are checked
#wifi rssi=-13 dBm channel=10 ip=192.168.50.235 broker=192.168.50.132
#block connect TLS
#lib wolfSSL 5.9.4
iter,tcp_ms,tls_ms,mqtt_ms,total_ms,hs_tx_B,hs_rx_B,mqtt_tx_B,mqtt_rx_B,hs_writes,hs_reads,writes,reads,free_heap_B,hs_keygen_us,hs_derive_us,hs_verify_us,hs_sign_us,hs_keygen_n,hs_derive_n,hs_verify_n,hs_sign_n
#suite TLS13-AES256-GCM-SHA384
0,4.4030,286.3970,11.5770,302.3770,1393,7791,45,568,2,12,3,18,122028,66685.0,72878.0,58621.0,0.0,2,2,2,0
1,5.4560,282.7050,11.2680,299.4290,1393,7791,45,568,2,12,3,18,121788,66462.0,72358.0,58679.0,0.0,2,2,2,0
2,6.3830,284.0010,12.0240,302.4080,1393,7791,45,568,2,12,3,18,121788,66474.0,72591.0,58346.0,0.0,2,2,2,0
3,4.4510,282.2680,14.1890,300.9080,1393,7791,45,568,2,12,3,18,121788,66493.0,72282.0,58253.0,0.0,2,2,2,0
4,8.7100,284.1920,11.4730,304.3750,1393,7791,45,568,2,12,3,18,121788,66722.0,72517.0,58707.0,0.0,2,2,2,0
5,5.8120,284.0550,11.8140,301.6810,1393,7791,45,568,2,12,3,18,121788,66380.0,72707.0,58327.0,0.0,2,2,2,0
6,6.4390,282.5580,13.1210,302.1180,1393,7791,45,568,2,12,3,18,121788,66903.0,72503.0,58791.0,0.0,2,2,2,0
7,22.7940,294.2070,16.6540,333.6550,1393,7791,45,568,2,12,3,18,121788,66479.0,70399.0,58212.0,0.0,2,2,2,0
8,6.5150,284.8900,12.9610,304.3660,1393,7791,45,568,2,12,3,18,121788,66572.0,72487.0,58463.0,0.0,2,2,2,0
9,7.3760,285.7410,14.7790,307.8960,1393,7791,45,568,2,12,3,18,121788,66363.0,72436.0,58491.0,0.0,2,2,2,0
10,6.4080,281.6940,13.7060,301.8080,1393,7791,45,568,2,12,3,18,121788,66535.0,73259.0,58134.0,0.0,2,2,2,0
11,6.4820,280.6880,11.4850,298.6550,1393,7791,45,568,2,12,3,18,121788,66585.0,72417.0,58609.0,0.0,2,2,2,0
12,6.4940,282.0900,12.4020,300.9860,1393,7791,45,568,2,12,3,18,121788,66678.0,72137.0,58181.0,0.0,2,2,2,0
13,5.6560,278.7560,12.0840,296.4960,1393,7791,45,568,2,12,3,18,121788,66632.0,72456.0,58402.0,0.0,2,2,2,0
14,5.4300,286.0070,12.1040,303.5410,1393,7791,45,568,2,12,3,18,121788,66438.0,73542.0,58492.0,0.0,2,2,2,0
15,5.4130,282.8760,13.1970,301.4860,1393,7791,45,568,2,12,3,18,121788,66635.0,72463.0,58341.0,0.0,2,2,2,0
16,4.8120,283.5570,12.3640,300.7330,1393,7791,45,568,2,12,3,18,121788,66507.0,72389.0,58410.0,0.0,2,2,2,0
17,6.4000,282.6180,12.0850,301.1030,1393,7791,45,568,2,12,3,18,121788,66639.0,72378.0,58361.0,0.0,2,2,2,0
18,5.3820,279.5670,13.7590,298.7080,1393,7791,45,568,2,12,3,18,121788,66412.0,72387.0,58569.0,0.0,2,2,2,0
19,5.8500,282.9600,11.6660,300.4760,1393,7791,45,568,2,12,3,18,121788,66399.0,73238.0,58472.0,0.0,2,2,2,0
#heap 28220
#stack 3776
#end
#block connect TLS-checked
#lib wolfSSL 5.9.4
iter,tcp_ms,tls_ms,mqtt_ms,total_ms,hs_tx_B,hs_rx_B,mqtt_tx_B,mqtt_rx_B,hs_writes,hs_reads,writes,reads,free_heap_B,hs_keygen_us,hs_derive_us,hs_verify_us,hs_sign_us,hs_keygen_n,hs_derive_n,hs_verify_n,hs_sign_n
#suite TLS13-AES256-GCM-SHA384
0,6.3990,285.4060,9.6860,301.4910,1393,7791,45,568,2,12,3,18,121452,66497.0,72416.0,59633.0,0.0,2,2,2,0
1,5.4030,284.0230,12.0470,301.4730,1393,7791,45,568,2,12,3,18,121452,66336.0,72704.0,58555.0,0.0,2,2,2,0
2,5.7260,281.3670,12.9650,300.0580,1393,7791,45,568,2,12,3,18,121452,66576.0,72518.0,58414.0,0.0,2,2,2,0
3,5.6590,282.3710,21.0100,309.0400,1393,7791,45,568,2,12,3,18,121452,66403.0,73208.0,58419.0,0.0,2,2,2,0
4,8.5770,280.7010,12.1660,301.4440,1393,7791,45,568,2,12,3,18,121452,66503.0,72406.0,58764.0,0.0,2,2,2,0
5,5.7630,280.4380,13.0300,299.2310,1393,7791,45,568,2,12,3,18,121452,66632.0,72781.0,58713.0,0.0,2,2,2,0
6,6.6440,279.6950,12.9420,299.2810,1393,7791,45,568,2,12,3,18,121452,66482.0,72494.0,58479.0,0.0,2,2,2,0
7,5.5300,280.6680,12.5960,298.7940,1393,7791,45,568,2,12,3,18,121452,66697.0,72528.0,58520.0,0.0,2,2,2,0
8,4.8310,279.5700,12.5970,296.9980,1393,7791,45,568,2,12,3,18,121452,66574.0,72196.0,58442.0,0.0,2,2,2,0
9,4.8800,280.1510,11.8420,296.8730,1393,7791,45,568,2,12,3,18,121452,66452.0,72203.0,58244.0,0.0,2,2,2,0
10,6.3940,279.0030,12.4830,297.8800,1393,7791,45,568,2,12,3,18,121452,66481.0,72406.0,58277.0,0.0,2,2,2,0
11,6.6580,282.5350,12.3320,301.5250,1393,7791,45,568,2,12,3,18,121452,66852.0,72285.0,58489.0,0.0,2,2,2,0
12,6.3920,280.4710,11.9350,298.7980,1393,7791,45,568,2,12,3,18,121452,66534.0,73277.0,58503.0,0.0,2,2,2,0
13,5.5710,282.5640,9.0350,297.1700,1393,7791,45,568,2,12,3,18,121452,66319.0,72741.0,59530.0,0.0,2,2,2,0
14,5.4340,280.9290,14.4870,300.8500,1393,7791,45,568,2,12,3,18,121452,66603.0,72428.0,58456.0,0.0,2,2,2,0
15,6.6370,284.1200,12.4270,303.1840,1393,7791,45,568,2,12,3,18,121452,66868.0,73412.0,58310.0,0.0,2,2,2,0
16,5.7830,287.7900,11.2050,304.7780,1393,7791,45,568,2,12,3,18,121452,67061.0,72179.0,59207.0,0.0,2,2,2,0
17,18.4900,282.7500,12.0880,313.3280,1393,7791,45,568,2,12,3,18,121452,66487.0,72336.0,58376.0,0.0,2,2,2,0
18,20.7260,299.6320,16.4560,336.8140,1393,7791,45,568,2,12,3,18,121452,66547.0,70318.0,58221.0,0.0,2,2,2,0
19,5.6770,285.7070,12.2600,303.6440,1393,7791,45,568,2,12,3,18,121452,66924.0,73620.0,58455.0,0.0,2,2,2,0
#heap 28527
#stack 3696
#end
#block connect mTLS
#lib wolfSSL 5.9.4
iter,tcp_ms,tls_ms,mqtt_ms,total_ms,hs_tx_B,hs_rx_B,mqtt_tx_B,mqtt_rx_B,hs_writes,hs_reads,writes,reads,free_heap_B,hs_keygen_us,hs_derive_us,hs_verify_us,hs_sign_us,hs_keygen_n,hs_derive_n,hs_verify_n,hs_sign_n
#suite TLS13-AES256-GCM-SHA384
0,4.7170,437.9700,35.0700,477.7570,7901,7961,45,8600,4,14,5,20,115068,66541.0,72467.0,58605.0,86445.0,2,2,2,1
1,4.7060,672.4650,49.6750,726.8460,7901,7961,45,8600,4,14,5,20,115068,66472.0,72426.0,58157.0,321354.0,2,2,2,1
2,6.5690,481.3830,37.0070,524.9590,7901,7961,45,8600,4,14,5,20,115068,66322.0,73319.0,58582.0,130534.0,2,2,2,1
3,6.4590,807.2580,34.0270,847.7440,7901,7961,45,8600,4,14,5,20,115068,66642.0,73366.0,58228.0,469650.0,2,2,2,1
4,20.7290,677.2950,39.5620,737.5860,7901,7961,45,8600,4,14,5,20,115068,66568.0,70375.0,58256.0,319589.0,2,2,2,1
5,5.3900,514.4180,33.6460,553.4540,7901,7961,45,8600,4,14,5,20,115068,66491.0,72482.0,58337.0,161077.0,2,2,2,1
6,19.4310,559.8810,34.6400,613.9520,7901,7961,45,8600,4,14,5,20,115068,66532.0,72339.0,58368.0,218362.0,2,2,2,1
7,5.3970,403.5420,48.5620,457.5010,7901,7961,45,8600,4,14,5,20,115068,66660.0,70814.0,58445.0,51512.0,2,2,2,1
8,18.8570,430.2650,54.3520,503.4740,7901,7961,45,8600,4,14,5,20,115068,66369.0,72457.0,58138.0,91780.0,2,2,2,1
9,7.6040,585.1740,34.4720,627.2500,7901,7961,45,8600,4,14,5,20,115068,66380.0,72813.0,59314.0,243666.0,2,2,2,1
10,6.3840,1612.7670,35.1770,1654.3280,7901,7961,45,8600,4,14,5,20,115068,66664.0,70378.0,58412.0,1239348.0,2,2,2,1
11,4.8220,1051.4430,34.0940,1090.3590,7901,7961,45,8600,4,14,5,20,115068,66449.0,72149.0,58344.0,700911.0,2,2,2,1
12,5.4400,389.6250,33.5960,428.6610,7901,7961,45,8600,4,14,5,20,115068,66552.0,72428.0,58455.0,51964.0,2,2,2,1
13,4.6240,444.3710,35.0900,484.0850,7901,7961,45,8600,4,14,5,20,115068,66512.0,70711.0,58700.0,94445.0,2,2,2,1
14,17.4260,503.8320,47.1550,568.4130,7901,7961,45,8600,4,14,5,20,115068,66515.0,72894.0,58654.0,163741.0,2,2,2,1
15,5.6620,544.2130,42.8170,592.6920,7901,7961,45,8600,4,14,5,20,115068,66486.0,72299.0,58407.0,206752.0,2,2,2,1
16,6.4050,479.1260,42.4090,527.9400,7901,7961,45,8600,4,14,5,20,115068,66357.0,72281.0,58187.0,127804.0,2,2,2,1
17,4.7180,393.6680,62.5360,460.9220,7901,7961,45,8600,4,14,5,20,115068,67152.0,72688.0,58529.0,51937.0,2,2,2,1
18,4.6340,455.2950,34.8240,494.7530,7901,7961,45,8600,4,14,5,20,115068,66659.0,70499.0,58517.0,90456.0,2,2,2,1
19,5.4140,606.3960,34.1380,645.9480,7901,7961,45,8600,4,14,5,20,115068,66478.0,70522.0,58418.0,255518.0,2,2,2,1
#heap 39056
#stack 3776
#end
#block connect mTLS-checked
#lib wolfSSL 5.9.4
iter,tcp_ms,tls_ms,mqtt_ms,total_ms,hs_tx_B,hs_rx_B,mqtt_tx_B,mqtt_rx_B,hs_writes,hs_reads,writes,reads,free_heap_B,hs_keygen_us,hs_derive_us,hs_verify_us,hs_sign_us,hs_keygen_n,hs_derive_n,hs_verify_n,hs_sign_n
#suite TLS13-AES256-GCM-SHA384
0,4.8360,554.1320,35.6250,594.5930,7901,7961,45,8600,4,14,5,20,114732,66524.0,70341.0,58672.0,205620.0,2,2,2,1
1,6.6280,401.7350,33.5930,441.9560,7901,7961,45,8600,4,14,5,20,114732,66390.0,70522.0,58536.0,52084.0,2,2,2,1
2,11.4040,737.6470,42.0160,791.0670,7901,7961,45,8600,4,14,5,20,114732,66406.0,72613.0,58748.0,395473.0,2,2,2,1
3,4.5450,393.9450,32.9530,431.4430,7901,7961,45,8600,4,14,5,20,114732,66602.0,72457.0,58365.0,51877.0,2,2,2,1
4,5.3730,673.0290,31.4080,709.8100,7901,7961,45,8600,4,14,5,20,114732,66527.0,72578.0,58198.0,330200.0,2,2,2,1
5,6.8260,471.9530,34.8200,513.5990,7901,7961,45,8600,4,14,5,20,114732,66465.0,72246.0,58996.0,129145.0,2,2,2,1
6,17.7100,470.4840,32.7520,520.9460,7901,7961,45,8600,4,14,5,20,114732,66477.0,72821.0,58724.0,127948.0,2,2,2,1
7,21.8370,1114.6410,41.9130,1178.3910,7901,7961,45,8600,4,14,5,20,114732,66478.0,72562.0,58685.0,128732.0,2,2,2,1
8,5.3870,582.0040,37.8250,625.2160,7901,7961,45,8600,4,14,5,20,114732,66576.0,72602.0,58844.0,239636.0,2,2,2,1
9,5.3920,514.3420,65.4840,585.2180,7901,7961,45,8600,4,14,5,20,114732,66456.0,72311.0,58486.0,171727.0,2,2,2,1
10,4.7030,557.9980,44.1110,606.8120,7901,7961,45,8600,4,14,5,20,114732,66475.0,73540.0,58651.0,215636.0,2,2,2,1
11,8.6880,395.6530,36.7400,441.0810,7901,7961,45,8600,4,14,5,20,114732,66685.0,73658.0,58427.0,51782.0,2,2,2,1
12,5.4600,698.8790,60.3610,764.7000,7901,7961,45,8600,4,14,5,20,114732,66468.0,72605.0,58582.0,348342.0,2,2,2,1
13,4.5710,395.1830,33.6770,433.4310,7901,7961,45,8600,4,14,5,21,114732,66615.0,73262.0,58185.0,51679.0,2,2,2,1
14,22.7050,439.9200,49.0240,511.6490,7901,7961,45,8600,4,14,5,20,114732,66521.0,70576.0,58432.0,86772.0,2,2,2,1
15,4.4320,491.5690,44.1390,540.1400,7901,7961,45,8600,4,14,5,20,114732,66603.0,71004.0,58217.0,140080.0,2,2,2,1
16,6.4220,465.2420,36.2590,507.9230,7901,7961,45,8600,4,14,5,20,114732,66572.0,72588.0,58552.0,120954.0,2,2,2,1
17,5.4130,430.6000,60.2290,496.2420,7901,7961,45,8600,4,14,5,20,114732,66471.0,70509.0,58411.0,86401.0,2,2,2,1
18,5.6670,389.3500,34.6900,429.7070,7901,7961,45,8600,4,14,5,20,114732,66481.0,72432.0,58280.0,51596.0,2,2,2,1
19,17.5920,488.7940,48.4550,554.8410,7901,7961,45,8600,4,14,5,20,114732,66455.0,72564.0,58334.0,147656.0,2,2,2,1
#heap 39363
#stack 3720
#end
#block refuse TLS wrong-name
#lib wolfSSL 5.9.4
iter,tcp_ms,tls_ms,mqtt_ms,total_ms,hs_tx_B,hs_rx_B,mqtt_tx_B,mqtt_rx_B,hs_writes,hs_reads,writes,reads,free_heap_B,hs_keygen_us,hs_derive_us,hs_verify_us,hs_sign_us,hs_keygen_n,hs_derive_n,hs_verify_n,hs_sign_n
#reason tls handshake failed: peer ip address mismatch
#deploy refused=1 case=wrong-name crl_load_us=29846 crl_B=2562
#heap 28522
#stack 3584
#end
#block refuse TLS revoked
#lib wolfSSL 5.9.4
iter,tcp_ms,tls_ms,mqtt_ms,total_ms,hs_tx_B,hs_rx_B,mqtt_tx_B,mqtt_rx_B,hs_writes,hs_reads,writes,reads,free_heap_B,hs_keygen_us,hs_derive_us,hs_verify_us,hs_sign_us,hs_keygen_n,hs_derive_n,hs_verify_n,hs_sign_n
#reason tls handshake failed: CRL Cert revoked
#deploy refused=1 case=revoked crl_load_us=29350 crl_B=2562
#heap 28509
#stack 3584
#end
#block refuse TLS expired
#lib wolfSSL 5.9.4
iter,tcp_ms,tls_ms,mqtt_ms,total_ms,hs_tx_B,hs_rx_B,mqtt_tx_B,mqtt_rx_B,hs_writes,hs_reads,writes,reads,free_heap_B,hs_keygen_us,hs_derive_us,hs_verify_us,hs_sign_us,hs_keygen_n,hs_derive_n,hs_verify_n,hs_sign_n
#reason tls handshake failed: ASN date error, current date is after expiration
#deploy refused=1 case=expired crl_load_us=29550 crl_B=2562
#heap 28509
#stack 3040
#end
#block ta TLS update
#lib none (plain MQTT)
iter,tcp_ms,tls_ms,mqtt_ms,total_ms,hs_tx_B,hs_rx_B,mqtt_tx_B,mqtt_rx_B,hs_writes,hs_reads,writes,reads,free_heap_B,hs_keygen_us,hs_derive_us,hs_verify_us,hs_sign_us,hs_keygen_n,hs_derive_n,hs_verify_n,hs_sign_n
#reason before the update: tls handshake failed: ASN no signer error to confirm failure
#deploy before=refused bundle_B=6429 ca_B=4003 fetch_ms=24.9 verify_us=32816 tamper_refused=1 flash_write_us=46876 flash_read_us=1379 after=accepted tls_ms=282.8
#stack 5640
#end
#block kex plain ML-KEM-768
#lib none (plain MQTT)
iter,tcp_ms,tls_ms,mqtt_ms,total_ms,hs_tx_B,hs_rx_B,mqtt_tx_B,mqtt_rx_B,hs_writes,hs_reads,writes,reads,free_heap_B,hs_keygen_us,hs_derive_us,hs_verify_us,hs_sign_us,hs_keygen_n,hs_derive_n,hs_verify_n,hs_sign_n
0,5.5740,0.0020,15.5890,21.1650,0,0,23,4,0,0,1,1,124108,0.0,0.0,0.0,0.0,0,0,0,0
#kem ML-KEM-768 lib=wolfSSL_5.9.4 pk_B=1184 ct_B=1088 ss_B=32 nist_level=3
kex,iter,idx,keygen_us,rtt_us,decaps_us,encaps_us,tx_B,rx_B
kex,0,0,10692,5246,13467,182,1224,1153
kex,0,1,11005,13109,13493,188,1224,1153
kex,0,2,10939,9411,14340,197,1224,1153
kex,0,3,10874,18467,13618,268,1224,1153
kex,0,4,11049,5527,13646,271,1224,1153
kex,0,5,10834,6065,13513,263,1224,1153
kex,0,6,10985,16119,13510,234,1224,1153
kex,0,7,11062,5911,13614,228,1224,1153
kex,0,8,10851,6185,13508,239,1224,1153
kex,0,9,11018,19626,14349,240,1224,1153
kex,0,10,10876,6104,13497,230,1224,1153
kex,0,11,10998,5371,13630,226,1224,1153
kex,0,12,11026,14674,13674,231,1224,1153
kex,0,13,10858,5651,13498,245,1224,1153
kex,0,14,10986,5440,13635,239,1224,1153
kex,0,15,10836,13177,13684,245,1224,1153
kex,0,16,10838,5986,13479,243,1224,1153
kex,0,17,11650,5481,13622,240,1224,1153
kex,0,18,10844,15532,13700,210,1224,1153
kex,0,19,10858,5991,13522,217,1224,1153
kex,0,20,11020,6523,13634,215,1224,1153
kex,0,21,11025,18941,13817,254,1224,1153
kex,0,22,11226,6867,13813,243,1224,1153
kex,0,23,10878,6393,13501,209,1224,1153
kex,0,24,10994,12451,13555,205,1224,1153
kex,0,25,11001,5369,13645,212,1224,1153
kex,0,26,10836,7278,13695,233,1224,1153
kex,0,27,11058,15060,13530,239,1224,1153
kex,0,28,11009,5570,13629,233,1224,1153
kex,0,29,10820,6246,13505,238,1224,1153
kex,0,30,10981,15567,13490,227,1224,1153
kex,0,31,10966,5662,14279,238,1224,1153
kex,0,32,10856,5735,13524,233,1224,1153
kex,0,33,10986,17451,13635,241,1224,1153
kex,0,34,10860,5500,13578,233,1224,1153
kex,0,35,11081,5382,13618,230,1224,1153
kex,0,36,10829,14880,13646,226,1224,1153
kex,0,37,10845,6281,13509,239,1224,1153
kex,0,38,10984,5876,13614,233,1224,1153
kex,0,39,11603,15106,13630,240,1224,1153
kex,0,40,10860,5740,13490,267,1224,1153
kex,0,41,11147,5448,13612,233,1224,1153
kex,0,42,10843,16354,13615,227,1224,1153
kex,0,43,10848,7715,13619,237,1224,1153
kex,0,44,11023,5559,13775,234,1224,1153
kex,0,45,11125,14855,13612,240,1224,1153
kex,0,46,11677,5490,13500,239,1224,1153
kex,0,47,11061,6288,13771,220,1224,1153
kex,0,48,11050,9943,13644,234,1224,1153
kex,0,49,11054,5764,13607,215,1224,1153
#stack 2560
#end
#block kex mTLS ML-KEM-768
#lib wolfSSL 5.9.4
iter,tcp_ms,tls_ms,mqtt_ms,total_ms,hs_tx_B,hs_rx_B,mqtt_tx_B,mqtt_rx_B,hs_writes,hs_reads,writes,reads,free_heap_B,hs_keygen_us,hs_derive_us,hs_verify_us,hs_sign_us,hs_keygen_n,hs_derive_n,hs_verify_n,hs_sign_n
#suite TLS13-AES256-GCM-SHA384
0,20.9690,317.6320,43.4200,382.0210,7869,7969,45,8600,4,14,5,20,115516,9553.0,13498.0,58665.0,87655.0,1,1,2,1
#kem ML-KEM-768 lib=wolfSSL_5.9.4 pk_B=1184 ct_B=1088 ss_B=32 nist_level=3
kex,iter,idx,keygen_us,rtt_us,decaps_us,encaps_us,tx_B,rx_B
kex,0,0,10993,15997,13652,201,1246,1175
kex,0,1,11137,12268,13757,224,1246,1175
kex,0,2,11092,12357,13803,240,1246,1175
kex,0,3,11783,13867,13805,231,1246,1175
kex,0,4,11074,21263,13886,242,1246,1175
kex,0,5,11225,12980,13786,242,1246,1175
kex,0,6,11108,16826,13657,281,1246,1175
kex,0,7,11023,13237,13621,275,1246,1175
kex,0,8,11200,12843,13666,240,1246,1175
kex,0,9,11835,20973,13649,242,1246,1175
kex,0,10,11002,12345,13626,234,1246,1175
kex,0,11,11001,17908,13780,232,1246,1175
kex,0,12,10859,12602,13865,240,1246,1175
kex,0,13,10849,14254,13663,234,1246,1175
kex,0,14,11023,22898,13824,241,1246,1175
kex,0,15,11644,13996,13854,234,1246,1175
kex,0,16,10853,14228,13985,236,1246,1175
kex,0,17,10899,13036,13862,241,1246,1175
kex,0,18,10870,15147,13799,233,1246,1175
kex,0,19,10859,21634,13755,243,1246,1175
kex,0,20,11159,13778,13796,237,1246,1175
kex,0,21,11678,13621,13836,234,1246,1175
kex,0,22,10831,12864,13866,242,1246,1175
kex,0,23,11060,12386,13859,233,1246,1175
kex,0,24,10861,24502,13651,240,1246,1175
kex,0,25,11180,13169,13641,234,1246,1175
kex,0,26,11111,15563,13622,235,1246,1175
kex,0,27,11125,14435,13659,242,1246,1175
kex,0,28,11149,13773,13662,233,1246,1175
kex,0,29,11151,22505,13864,239,1246,1175
kex,0,30,10875,12380,13655,235,1246,1175
kex,0,31,11030,16272,13801,236,1246,1175
kex,0,32,10886,12530,13659,239,1246,1175
kex,0,33,11006,13573,13638,241,1246,1175
kex,0,34,11022,27095,13877,238,1246,1175
kex,0,35,11065,12418,13791,236,1246,1175
kex,0,36,10861,14811,13814,238,1246,1175
kex,0,37,10867,13176,13838,239,1246,1175
kex,0,38,10865,15320,13801,234,1246,1175
kex,0,39,10864,19239,13893,242,1246,1175
kex,0,40,11087,14043,13859,233,1246,1175
kex,0,41,11071,14342,13817,237,1246,1175
kex,0,42,11033,13424,13803,238,1246,1175
kex,0,43,11078,12815,13827,233,1246,1175
kex,0,44,10856,15117,13903,243,1246,1175
kex,0,45,10860,13932,14505,237,1246,1175
kex,0,46,10914,21933,13839,236,1246,1175
kex,0,47,11111,12436,13792,279,1246,1175
kex,0,48,11093,12704,13799,232,1246,1175
kex,0,49,11080,25602,13820,241,1246,1175
#heap 40304
#stack 3064
#end
#block kex signed ML-KEM-768
#lib none (plain MQTT)
iter,tcp_ms,tls_ms,mqtt_ms,total_ms,hs_tx_B,hs_rx_B,mqtt_tx_B,mqtt_rx_B,hs_writes,hs_reads,writes,reads,free_heap_B,hs_keygen_us,hs_derive_us,hs_verify_us,hs_sign_us,hs_keygen_n,hs_derive_n,hs_verify_n,hs_sign_n
0,15.7710,0.0030,4.9730,20.7470,0,0,23,4,0,0,1,1,124108,0.0,0.0,0.0,0.0,0,0,0,0
#kem ML-KEM-768 lib=wolfSSL_5.9.4 pk_B=1184 ct_B=1088 ss_B=32 nist_level=3
kex,iter,idx,keygen_us,rtt_us,decaps_us,encaps_us,tx_B,rx_B,sign_us,verify_us
kex,0,0,11018,26770,13637,216,3645,3573,51639,30644
kex,0,1,11012,35547,13575,276,3645,3573,205371,30774
kex,0,2,11018,25845,13671,274,3645,3573,97368,30634
kex,0,3,11017,23296,13587,215,3645,3573,86891,30623
kex,0,4,10994,16171,13359,218,3645,3573,51783,30888
kex,0,5,11412,16033,13390,240,3645,3573,86531,30834
kex,0,6,11625,21598,13574,282,3645,3573,126859,30796
kex,0,7,11190,19326,13605,273,3645,3573,90510,30826
kex,0,8,11052,37548,13652,243,3645,3573,51964,30579
kex,0,9,11000,14824,13641,243,3645,3573,379717,30552
kex,0,10,11182,30620,14235,253,3645,3573,161135,30978
kex,0,11,11487,17817,13371,241,3645,3573,51920,30892
kex,0,12,11515,30779,13546,250,3645,3573,91865,30766
kex,0,13,11261,19156,13609,238,3645,3573,51739,30936
kex,0,14,10965,38244,13612,242,3645,3573,86712,30870
kex,0,15,11023,24240,13599,338,3645,3573,327979,30628
kex,0,16,11461,21184,13630,277,3645,3573,139106,30578
kex,0,17,11061,23900,13636,280,3645,3573,522553,30626
kex,0,18,11028,26484,13389,279,3645,3573,125461,30771
kex,0,19,11234,17609,13377,243,3645,3573,51854,30857
kex,0,20,11251,27177,13808,253,3645,3573,97093,30607
kex,0,21,11015,16881,13618,243,3645,3573,87582,30813
kex,0,22,11071,30937,13596,244,3645,3573,159618,30620
kex,0,23,11040,26783,13663,276,3645,3573,172353,30772
kex,0,24,11037,27400,13368,244,3645,3573,481227,30803
kex,0,25,11378,11816,13581,242,3645,3573,51975,30795
kex,0,26,11003,36656,13632,240,3645,3573,94438,30814
kex,0,27,11155,20287,13584,320,3645,3573,345533,30766
kex,0,28,11024,15723,13627,239,3645,3573,51764,30638
kex,0,29,11037,22762,13553,289,3645,3573,86688,30762
kex,0,30,10997,24788,13648,274,3645,3573,254361,30600
kex,0,31,11002,24405,13383,217,3645,3573,52047,30842
kex,0,32,11206,33107,13558,274,3645,3573,243616,30895
kex,0,33,11014,36332,13621,277,3645,3573,446039,30636
kex,0,34,10995,24330,13579,240,3645,3573,431812,30875
kex,0,35,11188,20975,13621,274,3645,3573,284695,30888
kex,0,36,10992,25530,13618,272,3645,3573,320249,30818
kex,0,37,11035,19356,13366,241,3645,3573,135877,31128
kex,0,38,11207,38918,13582,240,3645,3573,52584,30675
kex,0,39,11046,15792,13569,241,3645,3573,52068,30901
kex,0,40,11022,17220,13375,240,3645,3573,51783,30864
kex,0,41,11165,35507,13724,286,3645,3573,455336,30792
kex,0,42,11013,24749,13551,215,3645,3573,52064,30640
kex,0,43,10999,17863,13372,238,3645,3573,51795,30855
kex,0,44,11806,30602,14094,302,3645,3573,370930,30603
kex,0,45,11209,23241,13535,273,3645,3573,125306,30792
kex,0,46,11012,30949,13580,273,3645,3573,322781,30689
kex,0,47,11027,20125,13629,243,3645,3573,379498,30928
kex,0,48,11011,18619,13629,240,3645,3573,129271,30560
kex,0,49,11022,20783,13606,277,3645,3573,594891,30958
#stack 2552
#end
#block kex plain X25519MLKEM768
#lib none (plain MQTT)
iter,tcp_ms,tls_ms,mqtt_ms,total_ms,hs_tx_B,hs_rx_B,mqtt_tx_B,mqtt_rx_B,hs_writes,hs_reads,writes,reads,free_heap_B,hs_keygen_us,hs_derive_us,hs_verify_us,hs_sign_us,hs_keygen_n,hs_derive_n,hs_verify_n,hs_sign_n
0,5.5040,0.0030,5.4650,10.9720,0,0,23,4,0,0,1,1,124108,0.0,0.0,0.0,0.0,0,0,0,0
#kem X25519MLKEM768 lib=wolfSSL_5.9.4 pk_B=1216 ct_B=1120 ss_B=64 nist_level=3
kex,iter,idx,keygen_us,rtt_us,decaps_us,encaps_us,tx_B,rx_B
kex,0,0,68568,11924,70694,2064,1260,1185
kex,0,1,67921,16716,71025,2029,1260,1185
kex,0,2,68415,13563,70562,1740,1260,1185
kex,0,3,68858,20086,70713,1786,1260,1185
kex,0,4,68084,14137,71167,2048,1260,1185
kex,0,5,68186,33674,70799,2000,1260,1185
kex,0,6,67887,10319,71076,2000,1260,1185
kex,0,7,67961,21067,70523,1738,1260,1185
kex,0,8,68608,11185,70639,1764,1260,1185
kex,0,9,68353,19414,71322,2036,1260,1185
kex,0,10,68328,11725,70436,2050,1260,1185
kex,0,11,68713,15491,70660,2004,1260,1185
kex,0,12,67972,13064,71322,2002,1260,1185
kex,0,13,68107,13561,70535,1727,1260,1185
kex,0,14,68049,11105,71160,1782,1260,1185
kex,0,15,68039,19482,70703,1740,1260,1185
kex,0,16,68766,14347,70716,1741,1260,1185
kex,0,17,67918,15936,71016,2044,1260,1185
kex,0,18,68081,11739,70580,1781,1260,1185
kex,0,19,67879,13693,70618,1789,1260,1185
kex,0,20,68074,10739,70647,1757,1260,1185
kex,0,21,68537,17937,70619,1791,1260,1185
kex,0,22,67829,11317,71247,1733,1260,1185
kex,0,23,68420,16137,70448,1736,1260,1185
kex,0,24,68761,7480,70673,2005,1260,1185
kex,0,25,67982,21791,70678,1987,1260,1185
kex,0,26,68051,10238,70650,1735,1260,1185
kex,0,27,68041,17509,71064,1737,1260,1185
kex,0,28,68010,10880,70688,1782,1260,1185
kex,0,29,68649,12733,70809,2042,1260,1185
kex,0,30,68111,10805,71290,1872,1260,1185
kex,0,31,68150,20333,70617,1785,1260,1185
kex,0,32,67864,10554,71116,1738,1260,1185
kex,0,33,67996,18267,70610,1795,1260,1185
kex,0,34,68520,10413,70527,1745,1260,1185
kex,0,35,67959,17052,71257,1740,1260,1185
kex,0,36,68897,11191,70625,1738,1260,1185
kex,0,37,68458,18117,70519,2011,1260,1185
kex,0,38,67960,11362,70485,2001,1260,1185
kex,0,39,68810,12265,70635,1735,1260,1185
kex,0,40,67995,11385,71034,2080,1260,1185
kex,0,41,68195,20642,70585,1772,1260,1185
kex,0,42,68670,7689,70600,1780,1260,1185
kex,0,43,67889,19610,71837,1786,1260,1185
kex,0,44,68137,9991,70675,1779,1260,1185
kex,0,45,68074,17762,71268,1998,1260,1185
kex,0,46,67975,10396,70542,1768,1260,1185
kex,0,47,68540,17014,70512,1738,1260,1185
kex,0,48,67964,12349,71255,2056,1260,1185
kex,0,49,68169,17409,70502,1999,1260,1185
#stack 2888
#end
#block kex mTLS X25519MLKEM768
#lib wolfSSL 5.9.4
iter,tcp_ms,tls_ms,mqtt_ms,total_ms,hs_tx_B,hs_rx_B,mqtt_tx_B,mqtt_rx_B,hs_writes,hs_reads,writes,reads,free_heap_B,hs_keygen_us,hs_derive_us,hs_verify_us,hs_sign_us,hs_keygen_n,hs_derive_n,hs_verify_n,hs_sign_n
#suite TLS13-AES256-GCM-SHA384
0,5.9830,490.9310,35.4100,532.3240,7934,8034,45,8600,4,14,5,20,115516,40651.0,85022.0,58833.0,163614.0,2,2,2,1
#kem X25519MLKEM768 lib=wolfSSL_5.9.4 pk_B=1216 ct_B=1120 ss_B=64 nist_level=3
kex,iter,idx,keygen_us,rtt_us,decaps_us,encaps_us,tx_B,rx_B
kex,0,0,68020,30548,71270,2159,1282,1207
kex,0,1,68007,19749,70752,1990,1282,1207
kex,0,2,68575,31232,70855,2067,1282,1207
kex,0,3,68175,24259,71234,1757,1282,1207
kex,0,4,68011,17787,70556,1532,1282,1207
kex,0,5,67989,28354,70730,1787,1282,1207
kex,0,6,67939,20235,71355,2032,1282,1207
kex,0,7,67943,21649,70755,2033,1282,1207
kex,0,8,67970,18827,70668,1761,1282,1207
kex,0,9,68131,29339,70736,1989,1282,1207
kex,0,10,68575,31211,70798,1772,1282,1207
kex,0,11,67950,21276,70739,1981,1282,1207
kex,0,12,68162,21135,71572,1722,1282,1207
kex,0,13,68614,17954,70807,1724,1282,1207
kex,0,14,67937,21101,71527,2030,1282,1207
kex,0,15,68753,22385,70904,2058,1282,1207
kex,0,16,68535,15086,70628,1762,1282,1207
kex,0,17,68549,27946,71240,1721,1282,1207
kex,0,18,68419,18370,70717,1723,1282,1207
kex,0,19,68493,14679,70771,1761,1282,1207
kex,0,20,68020,17613,71398,1720,1282,1207
kex,0,21,68128,30962,70612,1783,1282,1207
kex,0,22,68049,17888,70777,1720,1282,1207
kex,0,23,68529,19328,70837,1777,1282,1207
kex,0,24,68866,28804,70620,2026,1282,1207
kex,0,25,68023,21480,70576,1984,1282,1207
kex,0,26,67966,33863,70678,2020,1282,1207
kex,0,27,68983,18000,70995,1727,1282,1207
kex,0,28,68025,18851,71345,1754,1282,1207
kex,0,29,67969,28857,70587,1720,1282,1207
kex,0,30,68634,18042,70793,1983,1282,1207
kex,0,31,68041,35837,71337,1985,1282,1207
kex,0,32,67958,18756,70654,2021,1282,1207
kex,0,33,68672,18024,70763,1719,1282,1207
kex,0,34,67942,30550,71150,1904,1282,1207
kex,0,35,68001,18959,70653,1721,1282,1207
kex,0,36,68639,14975,70872,1718,1282,1207
kex,0,37,67894,19336,71304,1759,1282,1207
kex,0,38,67870,26620,70795,1716,1282,1207
kex,0,39,68604,14413,70821,1727,1282,1207
kex,0,40,67916,21807,71359,1721,1282,1207
kex,0,41,67957,17717,70877,1775,1282,1207
kex,0,42,67928,18379,71452,1758,1282,1207
kex,0,43,67947,24403,70792,1768,1282,1207
kex,0,44,68501,18335,70847,1757,1282,1207
kex,0,45,67970,17873,71317,1719,1282,1207
kex,0,46,68803,18311,70941,1762,1282,1207
kex,0,47,68696,25841,70879,2037,1282,1207
kex,0,48,68156,18361,71438,1767,1282,1207
kex,0,49,68128,18805,70828,1775,1282,1207
#heap 39122
#stack 3160
#end
#block kex signed X25519MLKEM768
#lib none (plain MQTT)
iter,tcp_ms,tls_ms,mqtt_ms,total_ms,hs_tx_B,hs_rx_B,mqtt_tx_B,mqtt_rx_B,hs_writes,hs_reads,writes,reads,free_heap_B,hs_keygen_us,hs_derive_us,hs_verify_us,hs_sign_us,hs_keygen_n,hs_derive_n,hs_verify_n,hs_sign_n
0,12.0750,0.0030,5.5490,17.6270,0,0,23,4,0,0,1,1,124108,0.0,0.0,0.0,0.0,0,0,0,0
#kem X25519MLKEM768 lib=wolfSSL_5.9.4 pk_B=1216 ct_B=1120 ss_B=64 nist_level=3
kex,iter,idx,keygen_us,rtt_us,decaps_us,encaps_us,tx_B,rx_B,sign_us,verify_us
kex,0,0,67904,49715,70517,2054,3681,3605,95792,30899
kex,0,1,68560,35213,70528,1747,3681,3605,86965,30764
kex,0,2,68032,31792,70533,2014,3681,3605,126772,30961
kex,0,3,67913,27467,70747,1702,3681,3605,167171,30613
kex,0,4,68087,17558,70666,1973,3681,3605,92508,30627
kex,0,5,68095,22675,70777,1703,3681,3605,125535,30894
kex,0,6,68012,24160,70389,1702,3681,3605,436007,30832
kex,0,7,68169,23112,70504,1702,3681,3605,52507,30793
kex,0,8,67831,26815,70561,1961,3681,3605,216037,30987
kex,0,9,68006,18756,70686,1682,3681,3605,773922,30842
kex,0,10,68172,31053,70865,2014,3681,3605,248866,30616
kex,0,11,68046,29825,70349,1701,3681,3605,127168,31002
kex,0,12,67974,22258,70397,1967,3681,3605,224928,30965
kex,0,13,68003,17565,70332,1706,3681,3605,52319,30826
kex,0,14,68150,17444,70486,1740,3681,3605,213618,30816
kex,0,15,67990,23165,70662,1699,3681,3605,97902,30668
kex,0,16,68234,27123,71081,1710,3681,3605,125312,30650
kex,0,17,68080,47633,70530,1964,3681,3605,52419,30780
kex,0,18,67842,20344,70734,1965,3681,3605,52294,30641
kex,0,19,68224,16328,70595,1695,3681,3605,292325,30601
kex,0,20,68387,19278,70648,1735,3681,3605,695716,30682
kex,0,21,67932,25887,70431,1698,3681,3605,137694,30878
kex,0,22,67945,31452,70686,1965,3681,3605,95152,30584
kex,0,23,68070,39786,71109,2005,3681,3605,95048,30762
kex,0,24,69009,31343,70584,1959,3681,3605,394254,30637
kex,0,25,68110,19313,70666,2062,3681,3605,252287,30913
kex,0,26,68145,25791,70688,1698,3681,3605,52302,30791
kex,0,27,67951,25685,70492,1743,3681,3605,296054,31067
kex,0,28,67978,18110,70645,1739,3681,3605,135071,30612
kex,0,29,67806,28964,70369,2010,3681,3605,132498,30906
kex,0,30,68286,30922,70781,1700,3681,3605,132391,30935
kex,0,31,67895,28759,71580,1732,3681,3605,128476,30609
kex,0,32,68305,37474,70390,1697,3681,3605,211231,31061
kex,0,33,67998,27564,70723,1739,3681,3605,52130,30954
kex,0,34,67924,17385,70593,1742,3681,3605,52845,30624
kex,0,35,67851,18035,70412,1696,3681,3605,446458,31159
kex,0,36,68219,40765,70854,1742,3681,3605,372904,30844
kex,0,37,68022,20738,70552,1960,3681,3605,90901,30863
kex,0,38,68622,452802,70888,1916,3681,3605,160881,30781
kex,0,39,67974,19808,70378,1743,3681,3605,135456,30878
kex,0,40,67980,60421,70582,1971,3681,3605,92632,30919
kex,0,41,68309,18750,70669,1985,3681,3605,168334,30950
kex,0,42,68019,25189,70724,1991,3681,3605,295022,30920
kex,0,43,67973,39647,70605,2038,3681,3605,196672,30885
kex,0,44,68283,21494,70729,1737,3681,3605,89560,30845
kex,0,45,67949,36413,70602,1960,3681,3605,367728,30645
kex,0,46,67867,23038,70609,1698,3681,3605,328593,30607
kex,0,47,67825,37490,70852,2015,3681,3605,52559,30896
kex,0,48,68126,16086,70485,1699,3681,3605,357348,30798
kex,0,49,68113,26581,70601,1958,3681,3605,124783,30765
#stack 2632
#end
#block fcnt plain save
#aead LoRaWAN-1.1 AES-128-CTR+2xCMAC (BearSSL (arduino-pico)), uplink, 51 B payload + 13 B overhead
#lib none (plain MQTT)
iter,tcp_ms,tls_ms,mqtt_ms,total_ms,hs_tx_B,hs_rx_B,mqtt_tx_B,mqtt_rx_B,hs_writes,hs_reads,writes,reads,free_heap_B,hs_keygen_us,hs_derive_us,hs_verify_us,hs_sign_us,hs_keygen_n,hs_derive_n,hs_verify_n,hs_sign_n
msg,iter,idx,seal_us,rtt_us,open_us,tx_B,rx_B
whole,iter,first_ms,all_ms,msgs
0,18.6170,0.0020,5.9970,24.6160,0,0,23,4,0,0,1,1,124108,0.0,0.0,0.0,0.0,0,0,0,0
msg,0,0,837,4909,817,90,90
msg,0,1,697,5802,762,90,90
msg,0,2,687,5875,760,90,90
msg,0,3,671,4040,745,90,90
msg,0,4,695,5267,747,90,90
msg,0,5,689,6304,752,90,90
msg,0,6,688,6763,741,90,90
msg,0,7,668,7259,753,90,90
msg,0,8,687,42870,768,90,90
msg,0,9,689,4617,756,90,90
msg,0,10,693,3681,760,90,90
msg,0,11,693,6954,750,90,90
msg,0,12,689,4143,739,90,90
msg,0,13,664,6979,750,90,90
msg,0,14,694,4905,752,90,90
msg,0,15,669,5878,755,90,90
msg,0,16,693,4360,759,90,90
msg,0,17,689,3847,738,90,90
msg,0,18,670,16723,757,90,90
msg,0,19,687,3883,764,90,90
msg,0,20,690,16590,742,90,90
msg,0,21,732,5372,740,90,90
msg,0,22,672,4312,743,90,90
msg,0,23,670,6662,797,90,90
msg,0,24,666,3556,761,90,90
msg,0,25,695,5601,754,90,90
msg,0,26,701,4155,760,90,90
msg,0,27,693,5403,767,90,90
msg,0,28,682,5811,761,90,90
msg,0,29,691,4027,758,90,90
msg,0,30,696,18430,765,90,90
msg,0,31,698,19586,763,90,90
msg,0,32,698,5856,761,90,90
msg,0,33,669,3874,759,90,90
msg,0,34,690,6383,754,90,90
msg,0,35,690,4075,761,90,90
msg,0,36,691,4771,757,90,90
msg,0,37,689,3724,745,90,90
msg,0,38,667,3718,764,90,90
msg,0,39,693,3973,733,90,90
msg,0,40,703,3834,764,90,90
msg,0,41,692,3162,752,90,90
msg,0,42,733,16194,749,90,90
msg,0,43,676,3705,764,90,90
msg,0,44,694,20043,740,90,90
msg,0,45,665,3658,757,90,90
msg,0,46,670,7654,758,90,90
msg,0,47,752,3996,750,90,90
msg,0,48,673,4332,746,90,90
msg,0,49,676,4270,750,90,90
msg,0,50,693,3773,755,90,90
msg,0,51,669,3878,763,90,90
msg,0,52,695,5495,757,90,90
msg,0,53,686,6100,754,90,90
msg,0,54,697,16011,827,90,90
msg,0,55,673,3686,760,90,90
msg,0,56,687,17743,752,90,90
msg,0,57,692,4000,758,90,90
msg,0,58,688,3718,752,90,90
msg,0,59,700,3860,751,90,90
msg,0,60,670,3660,754,90,90
msg,0,61,689,4265,760,90,90
msg,0,62,691,5580,755,90,90
msg,0,63,844,9708,790,90,90
msg,0,64,711,3925,764,90,90
msg,0,65,674,19662,762,90,90
msg,0,66,695,3994,743,90,90
msg,0,67,673,17320,739,90,90
msg,0,68,674,4620,755,90,90
msg,0,69,673,4638,755,90,90
msg,0,70,746,4261,752,90,90
msg,0,71,690,5194,753,90,90
msg,0,72,671,8379,742,90,90
msg,0,73,667,4976,755,90,90
msg,0,74,690,4991,752,90,90
msg,0,75,663,5101,742,90,90
msg,0,76,677,4353,743,90,90
msg,0,77,697,15784,766,90,90
msg,0,78,690,4021,742,90,90
msg,0,79,694,15298,759,90,90
msg,0,80,694,7326,755,90,90
msg,0,81,692,4324,757,90,90
msg,0,82,690,3840,734,90,90
msg,0,83,664,4485,750,90,90
msg,0,84,665,7351,744,90,90
msg,0,85,672,4435,745,90,90
msg,0,86,670,4349,735,90,90
msg,0,87,667,6345,741,90,90
msg,0,88,668,3818,754,90,90
msg,0,89,699,16771,760,90,90
msg,0,90,690,3608,744,90,90
msg,0,91,673,18954,763,90,90
msg,0,92,692,4477,758,90,90
msg,0,93,702,4430,762,90,90
msg,0,94,692,4801,739,90,90
msg,0,95,674,3815,753,90,90
msg,0,96,693,6009,743,90,90
msg,0,97,667,6037,754,90,90
msg,0,98,692,5273,755,90,90
msg,0,99,753,6573,761,90,90
msg,0,100,697,4263,753,90,90
msg,0,101,686,17855,765,90,90
msg,0,102,677,21274,742,90,90
msg,0,103,673,4326,743,90,90
msg,0,104,700,3766,756,90,90
msg,0,105,750,3810,761,90,90
msg,0,106,669,3896,752,90,90
msg,0,107,699,4357,759,90,90
msg,0,108,692,6344,760,90,90
msg,0,109,693,4001,758,90,90
msg,0,110,663,5571,754,90,90
msg,0,111,745,5274,766,90,90
msg,0,112,695,3994,744,90,90
msg,0,113,672,19092,760,90,90
msg,0,114,691,18149,762,90,90
msg,0,115,695,4147,759,90,90
msg,0,116,668,5271,739,90,90
msg,0,117,676,5464,743,90,90
msg,0,118,672,4594,758,90,90
msg,0,119,672,5460,759,90,90
msg,0,120,693,4205,740,90,90
msg,0,121,673,3943,755,90,90
msg,0,122,691,4509,748,90,90
msg,0,123,682,4973,754,90,90
msg,0,124,694,18028,753,90,90
msg,0,125,696,3904,798,90,90
msg,0,126,695,17413,755,90,90
msg,0,127,840,15874,867,90,90
msg,0,128,713,17586,753,90,90
msg,0,129,737,3665,759,90,90
msg,0,130,697,3572,752,90,90
msg,0,131,690,5297,754,90,90
msg,0,132,691,4773,752,90,90
msg,0,133,693,7314,757,90,90
msg,0,134,689,3914,753,90,90
msg,0,135,695,4506,754,90,90
msg,0,136,694,4030,746,90,90
msg,0,137,670,4982,761,90,90
msg,0,138,705,17876,749,90,90
msg,0,139,730,4651,761,90,90
msg,0,140,689,15419,760,90,90
msg,0,141,688,3977,739,90,90
msg,0,142,675,4274,742,90,90
msg,0,143,665,3826,754,90,90
msg,0,144,745,4553,757,90,90
msg,0,145,688,3931,739,90,90
msg,0,146,670,5348,740,90,90
msg,0,147,676,4017,758,90,90
msg,0,148,689,3915,761,90,90
msg,0,149,670,3988,759,90,90
msg,0,150,691,3734,845,90,90
msg,0,151,672,3918,762,90,90
msg,0,152,688,16877,758,90,90
msg,0,153,667,3900,754,90,90
msg,0,154,685,16932,752,90,90
msg,0,155,663,4294,754,90,90
msg,0,156,683,4071,760,90,90
msg,0,157,691,3991,757,90,90
msg,0,158,694,4194,756,90,90
msg,0,159,670,9610,755,90,90
msg,0,160,691,3950,743,90,90
msg,0,161,667,4634,760,90,90
msg,0,162,668,7922,771,90,90
msg,0,163,701,4074,748,90,90
msg,0,164,692,15479,756,90,90
msg,0,165,695,4513,753,90,90
msg,0,166,684,15904,736,90,90
msg,0,167,667,6435,744,90,90
msg,0,168,667,4392,739,90,90
msg,0,169,674,6476,750,90,90
msg,0,170,668,5513,756,90,90
msg,0,171,701,6910,748,90,90
msg,0,172,691,5607,739,90,90
msg,0,173,668,4841,769,90,90
msg,0,174,698,4945,738,90,90
msg,0,175,667,16232,759,90,90
msg,0,176,688,4546,739,90,90
msg,0,177,671,17908,761,90,90
msg,0,178,695,5636,754,90,90
msg,0,179,750,3725,746,90,90
msg,0,180,663,3889,752,90,90
msg,0,181,693,4424,756,90,90
msg,0,182,691,9120,757,90,90
msg,0,183,700,3972,741,90,90
msg,0,184,699,4596,745,90,90
msg,0,185,668,6437,748,90,90
msg,0,186,671,3759,759,90,90
msg,0,187,689,15440,755,90,90
msg,0,188,698,3515,760,90,90
msg,0,189,692,6773,745,90,90
msg,0,190,674,10307,742,90,90
msg,0,191,853,5883,795,90,90
msg,0,192,706,3766,768,90,90
msg,0,193,694,4176,736,90,90
msg,0,194,674,3593,756,90,90
msg,0,195,753,3886,765,90,90
msg,0,196,693,3562,738,90,90
msg,0,197,675,4121,762,90,90
msg,0,198,694,4665,749,90,90
msg,0,199,667,3840,761,90,90
whole,0,51.535,1842.028,200
#deploy devaddr=c4814f9a fcnt_start=320 fcnt_last=520 reserved=576 gap=64 saves=3 save_us_median=4562 save_us_max=66496
#stack 2536
#end
#reboot the deployment firmware reboots itself: FCnt must resume from flash
=== MQTT / TLS 1.3 / mTLS, DEPLOY certificates, X25519MLKEM768 (wolfSSL 5.9.4) on RP2040 ===
CPU clock: 200 MHz
#rebooted on purpose after fcnt plain save; continuing with the next block
#config iterations=50 warmup=5 pipe_iterations=3 messages=200 payload_B=51 schemes=2 sweep_iterations=20 sweep_warmup=2 groups=13 kex_iterations=50 kex_warmup=2 blocks=16
#kat LoRaWAN / AES-CMAC / Ascon known-answer checks: OK
#lora restored from flash: devaddr=c4814f9a fcnt=576 reserved=640
#time 1791470053 (NTP pool.ntp.org): certificate and CRL dates are checked
#wifi rssi=-13 dBm channel=10 ip=192.168.50.235 broker=192.168.50.132
#block fcnt plain resume
#aead LoRaWAN-1.1 AES-128-CTR+2xCMAC (BearSSL (arduino-pico)), uplink, 51 B payload + 13 B overhead
#lib none (plain MQTT)
iter,tcp_ms,tls_ms,mqtt_ms,total_ms,hs_tx_B,hs_rx_B,mqtt_tx_B,mqtt_rx_B,hs_writes,hs_reads,writes,reads,free_heap_B,hs_keygen_us,hs_derive_us,hs_verify_us,hs_sign_us,hs_keygen_n,hs_derive_n,hs_verify_n,hs_sign_n
msg,iter,idx,seal_us,rtt_us,open_us,tx_B,rx_B
whole,iter,first_ms,all_ms,msgs
#deploy devaddr=c4814f9a last_before_reboot=520 resumed_at=576 continues=1 fcnt_last=576
0,124.0710,0.0030,4.3370,128.4110,0,0,23,4,0,0,1,1,124388,0.0,0.0,0.0,0.0,0,0,0,0
msg,0,0,845,5419,769,90,90
msg,0,1,697,5516,759,90,90
msg,0,2,694,3494,742,90,90
msg,0,3,664,3682,760,90,90
msg,0,4,751,4296,756,90,90
msg,0,5,670,5459,760,90,90
msg,0,6,674,16865,764,90,90
msg,0,7,689,4037,758,90,90
msg,0,8,689,7014,738,90,90
msg,0,9,670,11234,761,90,90
msg,0,10,692,4127,767,90,90
msg,0,11,695,5464,756,90,90
msg,0,12,685,4378,758,90,90
msg,0,13,691,16876,760,90,90
msg,0,14,670,4210,742,90,90
msg,0,15,692,3668,755,90,90
msg,0,16,668,4062,764,90,90
msg,0,17,688,4199,756,90,90
msg,0,18,682,18548,756,90,90
msg,0,19,695,18664,744,90,90
msg,0,20,673,3828,753,90,90
msg,0,21,693,4350,759,90,90
msg,0,22,691,5243,758,90,90
msg,0,23,668,6532,756,90,90
msg,0,24,694,8004,737,90,90
msg,0,25,668,3747,754,90,90
msg,0,26,693,5967,751,90,90
msg,0,27,691,5202,768,90,90
msg,0,28,694,4255,760,90,90
msg,0,29,687,17823,748,90,90
msg,0,30,677,19496,740,90,90
msg,0,31,671,7044,756,90,90
msg,0,32,694,5871,761,90,90
msg,0,33,673,8561,757,90,90
msg,0,34,692,7006,784,90,90
msg,0,35,667,3905,755,90,90
msg,0,36,687,4277,758,90,90
msg,0,37,689,4098,753,90,90
msg,0,38,674,4821,756,90,90
msg,0,39,690,17285,760,90,90
msg,0,40,1095,4081,1121,90,90
msg,0,41,697,15329,760,90,90
msg,0,42,688,4122,760,90,90
msg,0,43,695,4158,755,90,90
msg,0,44,692,4466,757,90,90
msg,0,45,692,6176,755,90,90
msg,0,46,669,9667,755,90,90
msg,0,47,688,18231,765,90,90
msg,0,48,694,5049,746,90,90
msg,0,49,666,17039,766,90,90
whole,0,142.469,604.265,50
#stack 2640
#end
=== done ===
