=== MQTT / TLS 1.3 / mTLS, DEPLOY_MLDSA87 certificates, X25519MLKEM768 (wolfSSL 5.9.4) on RP2040 ===
CPU clock: 200 MHz
#config iterations=50 warmup=5 pipe_iterations=3 messages=200 payload_B=51 schemes=2 sweep_iterations=20 sweep_warmup=2 groups=13 kex_iterations=50 kex_warmup=2 blocks=7
#kat LoRaWAN / AES-CMAC / Ascon known-answer checks: OK
#time 1791471567 (NTP pool.ntp.org): certificate and CRL dates are checked
#wifi rssi=-13 dBm channel=10 ip=192.168.50.235 broker=192.168.50.132
#block connect TLS
#lib wolfSSL 5.9.4
iter,tcp_ms,tls_ms,mqtt_ms,total_ms,hs_tx_B,hs_rx_B,mqtt_tx_B,mqtt_rx_B,hs_writes,hs_reads,writes,reads,free_heap_B,hs_keygen_us,hs_derive_us,hs_verify_us,hs_sign_us,hs_keygen_n,hs_derive_n,hs_verify_n,hs_sign_n
#suite TLS13-AES256-GCM-SHA384
0,17.4430,408.9550,16.5990,442.9970,1393,13493,45,568,2,12,3,18,165920,66262.0,74057.0,151872.0,0.0,2,2,2,0
1,3.6280,418.8320,11.8310,434.2910,1393,13493,45,568,2,12,3,18,165680,66342.0,70205.0,152298.0,0.0,2,2,2,0
2,6.4140,413.7660,24.1400,444.3200,1393,13493,45,568,2,12,3,18,165680,66805.0,72221.0,151988.0,0.0,2,2,2,0
3,5.5780,409.3990,14.1590,429.1360,1393,13493,45,568,2,12,3,18,165680,66198.0,74933.0,152178.0,0.0,2,2,2,0
4,7.3960,402.2590,72.9720,482.6270,1393,13493,45,568,2,12,3,18,165680,66325.0,71572.0,152161.0,0.0,2,2,2,0
5,5.4130,411.9810,12.2250,429.6190,1393,13493,45,568,2,12,3,18,165680,66281.0,71820.0,152079.0,0.0,2,2,2,0
6,17.6660,403.2410,17.6140,438.5210,1393,13493,45,568,2,12,3,18,165680,66347.0,71814.0,151836.0,0.0,2,2,2,0
7,5.3930,418.3720,12.9400,436.7050,1393,13493,45,568,2,12,3,18,165680,66557.0,71805.0,151895.0,0.0,2,2,2,0
8,5.4460,401.6550,15.7060,422.8070,1393,13493,45,568,2,12,3,18,165680,66414.0,72497.0,151845.0,0.0,2,2,2,0
9,6.3880,421.0470,19.2890,446.7240,1393,13493,45,568,2,12,3,18,165680,66283.0,70347.0,151811.0,0.0,2,2,2,0
10,5.3910,412.0550,13.0230,430.4690,1393,13493,45,568,2,12,3,18,165680,66171.0,71840.0,151935.0,0.0,2,2,2,0
11,5.4860,402.9220,12.0700,420.4780,1393,13493,45,568,2,12,3,18,165680,66499.0,71794.0,152292.0,0.0,2,2,2,0
12,4.7760,414.2080,22.3350,441.3190,1393,13493,45,568,2,12,3,18,165680,66270.0,72218.0,151963.0,0.0,2,2,2,0
13,5.3940,416.7860,12.5300,434.7100,1393,13493,45,568,2,12,3,18,165680,66970.0,71920.0,152072.0,0.0,2,2,2,0
14,5.4080,402.4400,27.7730,435.6210,1393,13493,45,568,2,12,3,18,165680,66258.0,71851.0,151934.0,0.0,2,2,2,0
15,17.7980,405.6060,18.7410,442.1450,1393,13493,45,568,2,12,3,18,165680,66589.0,71672.0,153175.0,0.0,2,2,2,0
16,7.4010,406.2160,11.9090,425.5260,1393,13493,45,568,2,12,3,18,165680,66289.0,72432.0,151766.0,0.0,2,2,2,0
17,9.7490,402.7670,28.9160,441.4320,1393,13493,45,568,2,12,3,18,165680,66576.0,72619.0,152680.0,0.0,2,2,2,0
18,18.6410,412.5860,11.9210,443.1480,1393,13493,45,568,2,12,3,18,165680,66298.0,74179.0,153106.0,0.0,2,2,2,0
19,4.6410,410.1440,11.6190,426.4040,1393,13493,45,568,2,12,3,18,165680,66244.0,71685.0,151873.0,0.0,2,2,2,0
#heap 41227
#stack 3464
#end
#block connect TLS-checked
#lib wolfSSL 5.9.4
iter,tcp_ms,tls_ms,mqtt_ms,total_ms,hs_tx_B,hs_rx_B,mqtt_tx_B,mqtt_rx_B,hs_writes,hs_reads,writes,reads,free_heap_B,hs_keygen_us,hs_derive_us,hs_verify_us,hs_sign_us,hs_keygen_n,hs_derive_n,hs_verify_n,hs_sign_n
#suite TLS13-AES256-GCM-SHA384
0,18.6660,406.4500,13.4610,438.5770,1393,13493,45,568,2,12,3,18,165344,66275.0,72294.0,152273.0,0.0,2,2,2,0
1,8.4750,430.1680,25.5470,464.1900,1393,13493,45,568,2,12,3,18,165344,66285.0,70966.0,153128.0,0.0,2,2,2,0
2,16.6930,406.8880,13.7710,437.3520,1393,13493,45,568,2,12,3,18,165344,66825.0,71727.0,152832.0,0.0,2,2,2,0
3,6.4940,415.3430,11.8500,433.6870,1393,13493,45,568,2,12,3,18,165344,66145.0,71814.0,152278.0,0.0,2,2,2,0
4,30.5530,412.1180,28.2060,470.8770,1393,13493,45,568,2,12,3,18,165344,66641.0,70293.0,152186.0,0.0,2,2,2,0
5,9.3830,410.5170,11.7560,431.6560,1393,13493,45,568,2,12,3,18,165344,66558.0,71609.0,151804.0,0.0,2,2,2,0
6,5.5040,402.4810,24.9580,432.9430,1393,13493,45,568,2,12,3,18,165344,66275.0,72309.0,151865.0,0.0,2,2,2,0
7,16.6210,406.3770,13.6440,436.6420,1393,13493,45,568,2,12,3,18,165344,66404.0,72179.0,151727.0,0.0,2,2,2,0
8,7.3950,417.3480,12.4920,437.2350,1393,13493,45,568,2,12,3,18,165344,66208.0,71832.0,152299.0,0.0,2,2,2,0
9,3.6290,404.2020,33.6200,441.4510,1393,13493,45,568,2,12,3,18,165344,66413.0,71756.0,152441.0,0.0,2,2,2,0
10,5.7430,417.0230,13.1750,435.9410,1393,13493,45,568,2,12,3,18,165344,66223.0,71699.0,152202.0,0.0,2,2,2,0
11,5.6030,406.3700,12.7740,424.7470,1393,13493,45,568,2,12,3,18,165344,66275.0,71690.0,152640.0,0.0,2,2,2,0
12,9.4460,412.4030,28.6830,450.5320,1393,13493,45,568,2,12,3,18,165344,66353.0,71806.0,152104.0,0.0,2,2,2,0
13,4.3900,409.6500,13.5100,427.5500,1393,13493,45,568,2,12,3,18,165344,66267.0,72272.0,151925.0,0.0,2,2,2,0
14,17.8540,408.0340,12.3670,438.2550,1393,13493,45,568,2,12,3,18,165344,66350.0,74332.0,151909.0,0.0,2,2,2,0
15,7.5460,410.6670,19.9560,438.1690,1393,13493,45,568,2,12,3,18,165344,66264.0,70220.0,151897.0,0.0,2,2,2,0
16,13.6610,411.2360,432.4250,857.3220,1393,13493,45,568,2,12,3,18,165344,66309.0,71946.0,152383.0,0.0,2,2,2,0
17,17.4000,403.5320,16.3230,437.2550,1393,13493,45,568,2,12,3,18,165344,66225.0,71845.0,151879.0,0.0,2,2,2,0
18,6.7180,410.3370,11.3940,428.4490,1393,13493,45,568,2,12,3,18,165344,66469.0,70373.0,152078.0,0.0,2,2,2,0
19,7.7770,404.2210,12.4670,424.4650,1393,13493,45,568,2,12,3,18,165344,66322.0,72053.0,151867.0,0.0,2,2,2,0
#heap 41534
#stack 3520
#end
#block connect mTLS
#lib wolfSSL 5.9.4
iter,tcp_ms,tls_ms,mqtt_ms,total_ms,hs_tx_B,hs_rx_B,mqtt_tx_B,mqtt_rx_B,hs_writes,hs_reads,writes,reads,free_heap_B,hs_keygen_us,hs_derive_us,hs_verify_us,hs_sign_us,hs_keygen_n,hs_derive_n,hs_verify_n,hs_sign_n
#suite TLS13-AES256-GCM-SHA384
0,6.5970,674.4200,55.3340,736.3510,13603,13663,45,15608,4,14,5,20,153128,66230.0,72094.0,151998.0,132162.0,2,2,2,1
1,7.3850,1102.8290,66.8390,1177.0530,13603,13663,45,15608,4,14,5,20,153128,66398.0,72202.0,152901.0,564970.0,2,2,2,1
2,5.4180,1110.0110,81.0510,1196.4800,13603,13663,45,15608,4,14,5,20,153128,67102.0,71622.0,152037.0,568126.0,2,2,2,1
3,5.4850,1000.0910,51.0850,1056.6610,13603,13663,45,15608,4,14,5,20,153128,66141.0,71646.0,153769.0,470288.0,2,2,2,1
4,5.8060,823.0800,55.8970,884.7830,13603,13663,45,15608,4,14,5,20,153128,66300.0,70746.0,151887.0,258740.0,2,2,2,1
5,16.6470,902.4750,62.7440,981.8660,13603,13663,45,15608,4,14,5,20,153128,66362.0,72129.0,151922.0,371555.0,2,2,2,1
6,4.7820,780.0040,56.5370,841.3230,13603,13663,45,15608,4,14,5,21,153128,66367.0,71907.0,152024.0,247522.0,2,2,2,1
7,16.4080,771.0780,62.9110,850.3970,13603,13663,45,15608,4,14,5,20,153128,66341.0,75015.0,152112.0,236690.0,2,2,2,1
8,5.4690,663.7200,64.9230,734.1120,13603,13663,45,15608,4,14,5,20,153128,66449.0,71758.0,151724.0,132163.0,2,2,2,1
9,5.4360,670.1050,55.7140,731.2550,13603,13663,45,15608,4,14,5,20,153128,67738.0,71621.0,152229.0,132081.0,2,2,2,1
10,6.8300,1470.7170,59.2730,1536.8200,13603,13663,45,15608,4,14,5,21,153128,66768.0,70412.0,152040.0,898749.0,2,2,2,1
11,4.8370,910.8710,59.8260,975.5340,13603,13663,45,15608,4,14,5,20,153128,66442.0,71564.0,153467.0,371186.0,2,2,2,1
12,5.4140,674.0060,56.8170,736.2370,13603,13663,45,15608,4,14,5,20,153128,66435.0,70066.0,152169.0,131738.0,2,2,2,1
13,8.8660,909.9940,55.6050,974.4650,13603,13663,45,15608,4,14,5,20,153128,66312.0,71923.0,151889.0,372204.0,2,2,2,1
14,7.4920,795.7120,63.8130,867.0170,13603,13663,45,15608,4,14,5,20,153128,66347.0,71705.0,152082.0,256974.0,2,2,2,1
15,6.5410,884.2720,53.8000,944.6130,13603,13663,45,15608,4,14,5,20,153128,66191.0,72123.0,151935.0,347564.0,2,2,2,1
16,5.6090,1253.9230,56.4890,1316.0210,13603,13663,45,15608,4,14,5,20,153128,66194.0,74399.0,151973.0,710752.0,2,2,2,1
17,12.5250,795.9130,74.9670,883.4050,13603,13663,45,15608,4,14,5,21,153128,66251.0,71702.0,153290.0,252832.0,2,2,2,1
18,5.4810,2072.2900,62.5110,2140.2820,13603,13663,45,15608,4,14,5,20,153128,66272.0,71763.0,152150.0,1542385.0,2,2,2,1
19,24.5510,1350.6410,62.8410,1438.0330,13603,13663,45,15608,4,14,5,20,153128,66354.0,71826.0,152009.0,818853.0,2,2,2,1
#heap 63518
#stack 3464
#end
#block connect mTLS-checked
#lib wolfSSL 5.9.4
iter,tcp_ms,tls_ms,mqtt_ms,total_ms,hs_tx_B,hs_rx_B,mqtt_tx_B,mqtt_rx_B,hs_writes,hs_reads,writes,reads,free_heap_B,hs_keygen_us,hs_derive_us,hs_verify_us,hs_sign_us,hs_keygen_n,hs_derive_n,hs_verify_n,hs_sign_n
#suite TLS13-AES256-GCM-SHA384
0,8.5250,670.2930,64.1870,743.0050,13603,13663,45,15608,4,14,5,20,152792,66375.0,71833.0,151901.0,132168.0,2,2,2,1
1,21.4440,895.9950,67.7930,985.2320,13603,13663,45,15608,4,14,5,20,152792,66289.0,70317.0,152277.0,345827.0,2,2,2,1
2,4.4090,1004.2670,55.7970,1064.4730,13603,13663,45,15608,4,14,5,20,152792,66402.0,71907.0,151868.0,471357.0,2,2,2,1
3,6.4220,1206.5600,63.4770,1276.4590,13603,13663,45,15608,4,14,5,21,152792,66407.0,71981.0,151926.0,664337.0,2,2,2,1
4,7.4670,661.5080,77.3550,746.3300,13603,13663,45,15608,4,14,5,21,152792,66401.0,71836.0,151760.0,132286.0,2,2,2,1
5,5.3790,1914.3000,62.5820,1982.2610,13603,13663,45,15608,4,14,5,20,152792,66493.0,70280.0,152069.0,1377685.0,2,2,2,1
6,9.7110,887.2170,55.2640,952.1920,13603,13663,45,15608,4,14,5,20,152792,66301.0,71509.0,151940.0,351007.0,2,2,2,1
7,6.7200,790.5780,66.6020,863.9000,13603,13663,45,15608,4,14,5,20,152792,66164.0,74418.0,153336.0,262303.0,2,2,2,1
8,6.7680,777.7270,63.5580,848.0530,13603,13663,45,15608,4,14,5,20,152792,66482.0,72214.0,151886.0,244346.0,2,2,2,1
9,27.4650,889.6570,75.3080,992.4300,13603,13663,45,15608,4,14,5,20,152792,66239.0,72937.0,152116.0,355571.0,2,2,2,1
10,23.8300,985.2210,56.2570,1065.3080,13603,13663,45,15608,4,14,5,21,152792,66798.0,71840.0,152218.0,454415.0,2,2,2,1
11,7.5370,1518.0830,64.3390,1589.9590,13603,13663,45,15608,4,14,5,20,152792,66191.0,70750.0,152240.0,979572.0,2,2,2,1
12,5.6610,775.4540,55.5980,836.7130,13603,13663,45,15608,4,14,5,21,152792,66289.0,71095.0,152676.0,232154.0,2,2,2,1
13,7.4900,892.1310,73.6270,973.2480,13603,13663,45,15608,4,14,5,20,152792,66257.0,70294.0,151740.0,350440.0,2,2,2,1
14,8.6020,1214.7240,72.6540,1295.9800,13603,13663,45,15608,4,14,5,21,152792,66298.0,71933.0,152479.0,665447.0,2,2,2,1
15,5.3990,884.6130,51.4990,941.5110,13603,13663,45,15608,4,14,5,20,152792,66287.0,72107.0,151892.0,353925.0,2,2,2,1
16,6.4220,672.1230,61.4150,739.9600,13603,13663,45,15608,4,14,5,20,152792,66253.0,70079.0,151871.0,131963.0,2,2,2,1
17,5.7130,669.4680,61.8750,737.0560,13603,13663,45,15608,4,14,5,20,152792,66255.0,71751.0,151884.0,132229.0,2,2,2,1
18,4.7280,661.0110,61.8180,727.5570,13603,13663,45,15608,4,14,5,20,152792,66300.0,71535.0,151877.0,132461.0,2,2,2,1
19,18.4460,1229.7180,144.0640,1392.2280,13603,13663,45,15608,4,14,5,20,152792,66172.0,72868.0,152554.0,697748.0,2,2,2,1
#heap 63825
#stack 3520
#end
#block refuse TLS wrong-name
#lib wolfSSL 5.9.4
iter,tcp_ms,tls_ms,mqtt_ms,total_ms,hs_tx_B,hs_rx_B,mqtt_tx_B,mqtt_rx_B,hs_writes,hs_reads,writes,reads,free_heap_B,hs_keygen_us,hs_derive_us,hs_verify_us,hs_sign_us,hs_keygen_n,hs_derive_n,hs_verify_n,hs_sign_n
#reason tls handshake failed: peer ip address mismatch
#deploy refused=1 case=wrong-name crl_load_us=75578 crl_B=4777
#heap 41529
#stack 3320
#end
#block refuse TLS revoked
#lib wolfSSL 5.9.4
iter,tcp_ms,tls_ms,mqtt_ms,total_ms,hs_tx_B,hs_rx_B,mqtt_tx_B,mqtt_rx_B,hs_writes,hs_reads,writes,reads,free_heap_B,hs_keygen_us,hs_derive_us,hs_verify_us,hs_sign_us,hs_keygen_n,hs_derive_n,hs_verify_n,hs_sign_n
#reason tls handshake failed: CRL Cert revoked
#deploy refused=1 case=revoked crl_load_us=75516 crl_B=4777
#heap 41516
#stack 3432
#end
#block refuse TLS expired
#lib wolfSSL 5.9.4
iter,tcp_ms,tls_ms,mqtt_ms,total_ms,hs_tx_B,hs_rx_B,mqtt_tx_B,mqtt_rx_B,hs_writes,hs_reads,writes,reads,free_heap_B,hs_keygen_us,hs_derive_us,hs_verify_us,hs_sign_us,hs_keygen_n,hs_derive_n,hs_verify_n,hs_sign_n
#reason tls handshake failed: ASN date error, current date is after expiration
#deploy refused=1 case=expired crl_load_us=75572 crl_B=4777
#heap 41516
#stack 3424
#end
=== done ===
