=== MQTT / TLS 1.3 / mTLS, DEPLOY_RSA2048 certificates, X25519MLKEM768 (wolfSSL 5.9.4) on RP2040 ===
CPU clock: 200 MHz
#config iterations=50 warmup=5 pipe_iterations=3 messages=200 payload_B=51 schemes=2 sweep_iterations=20 sweep_warmup=2 groups=13 kex_iterations=50 kex_warmup=2 blocks=7
#kat LoRaWAN / AES-CMAC / Ascon known-answer checks: OK
#time 1791470239 (NTP pool.ntp.org): certificate and CRL dates are checked
#wifi rssi=-12 dBm channel=10 ip=192.168.50.235 broker=192.168.50.132
#block connect TLS
#lib wolfSSL 5.9.4
iter,tcp_ms,tls_ms,mqtt_ms,total_ms,hs_tx_B,hs_rx_B,mqtt_tx_B,mqtt_rx_B,hs_writes,hs_reads,writes,reads,free_heap_B,hs_keygen_us,hs_derive_us,hs_verify_us,hs_sign_us,hs_keygen_n,hs_derive_n,hs_verify_n,hs_sign_n
#suite TLS13-AES256-GCM-SHA384
0,5.4560,265.0900,23.7140,294.2600,1399,2435,45,568,2,12,3,18,168208,66116.0,69969.0,52130.0,0.0,2,2,2,0
1,4.6330,265.8340,35.9510,306.4180,1399,2435,45,568,2,12,3,18,167984,66162.0,70016.0,52217.0,0.0,2,2,2,0
2,4.7720,277.1690,26.1700,308.1110,1399,2435,45,568,2,12,3,18,167984,66010.0,70147.0,52318.0,0.0,2,2,2,0
3,4.6530,270.7300,19.3330,294.7160,1399,2435,45,568,2,12,3,18,167984,66053.0,70041.0,52295.0,0.0,2,2,2,0
4,7.5990,273.9480,19.0470,300.5940,1399,2435,45,568,2,12,3,18,167984,66155.0,70019.0,52319.0,0.0,2,2,2,0
5,5.4070,275.5970,23.5340,304.5380,1399,2435,45,568,2,12,3,18,167984,66222.0,69819.0,52447.0,0.0,2,2,2,0
6,4.5510,270.5340,24.4560,299.5410,1399,2435,45,568,2,12,3,18,167984,66201.0,70062.0,52517.0,0.0,2,2,2,0
7,5.4110,267.5700,20.4980,293.4790,1399,2435,45,568,2,12,3,18,167984,66169.0,70087.0,52456.0,0.0,2,2,2,0
8,6.4230,266.1890,12.2240,284.8360,1399,2435,45,568,2,12,3,18,167984,66139.0,70176.0,52278.0,0.0,2,2,2,0
9,6.4190,277.1600,21.7590,305.3380,1399,2435,45,568,2,12,3,18,167984,66260.0,69909.0,52186.0,0.0,2,2,2,0
10,5.4320,269.1430,21.4380,296.0130,1399,2435,45,568,2,12,3,18,167984,66135.0,70086.0,52336.0,0.0,2,2,2,0
11,4.4340,273.0190,17.1320,294.5850,1399,2435,45,568,2,12,3,18,167984,66139.0,70185.0,52273.0,0.0,2,2,2,0
12,4.5320,280.8660,21.4090,306.8070,1399,2435,45,568,2,12,3,18,167984,66101.0,70133.0,52345.0,0.0,2,2,2,0
13,6.5450,265.9070,19.9330,292.3850,1399,2435,45,568,2,12,3,18,167984,66392.0,70030.0,52324.0,0.0,2,2,2,0
14,5.6530,274.6830,26.3520,306.6880,1399,2435,45,568,2,12,3,18,167984,66224.0,69924.0,52318.0,0.0,2,2,2,0
15,6.5300,265.5160,20.4510,292.4970,1399,2435,45,568,2,12,3,18,167984,66054.0,69963.0,52287.0,0.0,2,2,2,0
16,9.5740,272.3380,19.6200,301.5320,1399,2435,45,568,2,12,3,18,167984,66128.0,70071.0,52285.0,0.0,2,2,2,0
17,4.4940,278.5580,18.1370,301.1890,1399,2435,45,568,2,12,3,18,167984,66660.0,69976.0,52331.0,0.0,2,2,2,0
18,4.9450,265.9150,12.2860,283.1460,1399,2435,45,568,2,12,3,18,167984,66096.0,69942.0,52356.0,0.0,2,2,2,0
19,4.4160,263.5210,38.5220,306.4590,1399,2435,45,568,2,12,3,18,167984,66131.0,69888.0,52366.0,0.0,2,2,2,0
#heap 21861
#stack 3008
#end
#block connect TLS-checked
#lib wolfSSL 5.9.4
iter,tcp_ms,tls_ms,mqtt_ms,total_ms,hs_tx_B,hs_rx_B,mqtt_tx_B,mqtt_rx_B,hs_writes,hs_reads,writes,reads,free_heap_B,hs_keygen_us,hs_derive_us,hs_verify_us,hs_sign_us,hs_keygen_n,hs_derive_n,hs_verify_n,hs_sign_n
#suite TLS13-AES256-GCM-SHA384
0,5.9480,268.4330,20.5140,294.8950,1399,2435,45,568,2,12,3,18,167640,66282.0,69973.0,52221.0,0.0,2,2,2,0
1,4.8620,266.5260,11.6020,282.9900,1399,2435,45,568,2,12,3,18,167640,66291.0,70161.0,52427.0,0.0,2,2,2,0
2,4.7070,263.9690,20.6400,289.3160,1399,2435,45,568,2,12,3,18,167640,66139.0,70013.0,52410.0,0.0,2,2,2,0
3,5.4650,264.7530,19.7930,290.0110,1399,2435,45,568,2,12,3,18,167640,66323.0,71171.0,52287.0,0.0,2,2,2,0
4,5.6580,265.9130,18.2850,289.8560,1399,2435,45,568,2,12,3,18,167640,66134.0,70057.0,52320.0,0.0,2,2,2,0
5,5.4360,265.1090,15.9740,286.5190,1399,2435,45,568,2,12,3,18,167640,66199.0,69979.0,52128.0,0.0,2,2,2,0
6,5.4810,265.0760,19.4810,290.0380,1399,2435,45,568,2,12,3,18,167640,66138.0,69996.0,52296.0,0.0,2,2,2,0
7,4.8040,262.3770,21.9580,289.1390,1399,2435,45,568,2,12,3,18,167640,66335.0,70333.0,52263.0,0.0,2,2,2,0
8,5.0990,268.2990,18.6890,292.0870,1399,2435,45,568,2,12,3,18,167640,66023.0,70063.0,52349.0,0.0,2,2,2,0
9,4.4620,264.0070,21.2550,289.7240,1399,2435,45,568,2,12,3,18,167640,66191.0,69906.0,52301.0,0.0,2,2,2,0
10,5.4370,265.5120,15.9540,286.9030,1399,2435,45,568,2,12,3,18,167640,66043.0,69989.0,52359.0,0.0,2,2,2,0
11,5.7850,265.5990,21.1070,292.4910,1399,2435,45,568,2,12,3,18,167640,66054.0,70022.0,52240.0,0.0,2,2,2,0
12,5.6440,265.0890,34.9310,305.6640,1399,2435,45,568,2,12,3,18,167640,66126.0,70135.0,52351.0,0.0,2,2,2,0
13,5.4030,271.5110,25.6750,302.5890,1399,2435,45,568,2,12,3,18,167640,66315.0,70008.0,52280.0,0.0,2,2,2,0
14,5.4200,268.3290,20.6860,294.4350,1399,2435,45,568,2,12,3,18,167640,66141.0,69998.0,52391.0,0.0,2,2,2,0
15,5.4240,275.5850,24.7140,305.7230,1399,2435,45,568,2,12,3,18,167640,66121.0,69985.0,52415.0,0.0,2,2,2,0
16,6.5300,267.0820,24.9770,298.5890,1399,2435,45,568,2,12,3,18,167640,66164.0,70067.0,52165.0,0.0,2,2,2,0
17,6.8840,267.5670,19.4200,293.8710,1399,2435,45,568,2,12,3,18,167640,66149.0,69992.0,52250.0,0.0,2,2,2,0
18,7.4740,274.4120,19.6700,301.5560,1399,2435,45,568,2,12,3,18,167640,66211.0,70060.0,52869.0,0.0,2,2,2,0
19,5.7460,268.0770,24.8250,298.6480,1399,2435,45,568,2,12,3,18,167640,66148.0,70063.0,52398.0,0.0,2,2,2,0
#heap 22176
#stack 3488
#end
#block connect mTLS
#lib wolfSSL 5.9.4
iter,tcp_ms,tls_ms,mqtt_ms,total_ms,hs_tx_B,hs_rx_B,mqtt_tx_B,mqtt_rx_B,hs_writes,hs_reads,writes,reads,free_heap_B,hs_keygen_us,hs_derive_us,hs_verify_us,hs_sign_us,hs_keygen_n,hs_derive_n,hs_verify_n,hs_sign_n
#suite TLS13-AES256-GCM-SHA384
0,5.6200,1280.0370,24.1550,1309.8120,2551,2605,45,2232,4,14,5,20,165864,66327.0,69999.0,78931.0,974675.0,2,2,3,1
1,4.9250,1277.3210,29.0580,1311.3040,2551,2605,45,2232,4,14,5,20,165864,66123.0,69997.0,78734.0,975114.0,2,2,3,1
2,6.7940,1277.8200,27.2700,1311.8840,2551,2605,45,2232,4,14,5,20,165864,66215.0,69892.0,78675.0,974500.0,2,2,3,1
3,7.4590,1281.4190,45.2410,1334.1190,2551,2605,45,2232,4,14,5,20,165864,66286.0,69999.0,78794.0,974617.0,2,2,3,1
4,5.4020,1285.7700,32.7650,1323.9370,2551,2605,45,2232,4,14,5,20,165864,66097.0,70217.0,78825.0,974596.0,2,2,3,1
5,5.6700,1282.7880,19.7560,1308.2140,2551,2605,45,2232,4,14,5,20,165864,66253.0,69988.0,78622.0,975266.0,2,2,3,1
6,4.5690,1277.6730,300.7980,1583.0400,2551,2605,45,2232,4,14,5,20,165864,66358.0,70054.0,79138.0,974797.0,2,2,3,1
7,18.7760,1282.2140,14.7290,1315.7190,2551,2605,45,2232,4,14,5,20,165864,66160.0,70210.0,78673.0,974575.0,2,2,3,1
8,6.4400,1279.0770,14.2860,1299.8030,2551,2605,45,2232,4,14,5,20,165864,66143.0,70194.0,78711.0,974731.0,2,2,3,1
9,5.4070,1276.7300,25.9670,1308.1040,2551,2605,45,2232,4,14,5,20,165864,66295.0,70002.0,78858.0,974924.0,2,2,3,1
10,5.4620,1277.9920,18.5590,1302.0130,2551,2605,45,2232,4,14,5,20,165864,66114.0,70008.0,78993.0,975348.0,2,2,3,1
11,4.6770,1280.8370,25.1390,1310.6530,2551,2605,45,2232,4,14,5,20,165864,66129.0,70773.0,78699.0,977101.0,2,2,3,1
12,5.5590,1277.9320,25.1730,1308.6640,2551,2605,45,2232,4,14,5,20,165864,66126.0,70004.0,78728.0,974820.0,2,2,3,1
13,6.4280,1280.5230,24.4880,1311.4390,2551,2605,45,2232,4,14,5,20,165864,66141.0,70371.0,78775.0,975628.0,2,2,3,1
14,5.4480,1280.6230,24.1740,1310.2450,2551,2605,45,2232,4,14,5,20,165864,66154.0,70179.0,78809.0,974368.0,2,2,3,1
15,4.8680,1294.0940,35.1670,1334.1290,2551,2605,45,2232,4,14,5,20,165864,66122.0,69944.0,78741.0,974655.0,2,2,3,1
16,5.4240,1281.0650,15.9990,1302.4880,2551,2605,45,2232,4,14,5,20,165864,66201.0,69994.0,78892.0,975295.0,2,2,3,1
17,5.4910,1277.8030,27.1010,1310.3950,2551,2605,45,2232,4,14,5,20,165864,66109.0,70003.0,78808.0,974981.0,2,2,3,1
18,5.4270,1277.6900,26.3100,1309.4270,2551,2605,45,2232,4,14,5,20,165864,66186.0,69934.0,78648.0,975331.0,2,2,3,1
19,6.1010,1279.2020,24.7800,1310.0830,2551,2605,45,2232,4,14,5,20,165864,66281.0,69997.0,78765.0,974600.0,2,2,3,1
#heap 23950
#stack 3032
#end
#block connect mTLS-checked
#lib wolfSSL 5.9.4
iter,tcp_ms,tls_ms,mqtt_ms,total_ms,hs_tx_B,hs_rx_B,mqtt_tx_B,mqtt_rx_B,hs_writes,hs_reads,writes,reads,free_heap_B,hs_keygen_us,hs_derive_us,hs_verify_us,hs_sign_us,hs_keygen_n,hs_derive_n,hs_verify_n,hs_sign_n
#suite TLS13-AES256-GCM-SHA384
0,5.3780,1276.6880,26.9170,1308.9830,2551,2605,45,2232,4,14,5,20,165520,66263.0,69815.0,78919.0,974320.0,2,2,3,1
1,5.4120,1279.1510,14.3310,1298.8940,2551,2605,45,2232,4,14,5,20,165520,66167.0,70007.0,78758.0,975085.0,2,2,3,1
2,5.0130,1279.9730,15.4190,1300.4050,2551,2605,45,2232,4,14,5,20,165520,66116.0,69958.0,79000.0,975279.0,2,2,3,1
3,20.4100,1282.1750,18.3350,1320.9200,2551,2605,45,2232,4,14,5,20,165520,66162.0,69883.0,78710.0,974921.0,2,2,3,1
4,5.3840,1283.5810,14.0570,1303.0220,2551,2605,45,2232,4,14,5,20,165520,66062.0,69893.0,78870.0,974981.0,2,2,3,1
5,5.3880,1280.6640,25.1520,1311.2040,2551,2605,45,2232,4,14,5,20,165520,66019.0,70087.0,78755.0,974813.0,2,2,3,1
6,6.9280,1279.8390,29.1300,1315.8970,2551,2605,45,2232,4,14,5,20,165520,66148.0,70188.0,79020.0,974665.0,2,2,3,1
7,6.5750,1281.8960,35.4850,1323.9560,2551,2605,45,2232,4,14,5,20,165520,66242.0,70129.0,78755.0,974966.0,2,2,3,1
8,6.6110,1290.2040,30.3960,1327.2110,2551,2605,45,2232,4,14,5,20,165520,66040.0,69881.0,78614.0,974980.0,2,2,3,1
9,5.6420,1283.1320,28.5840,1317.3580,2551,2605,45,2232,4,14,5,20,165520,66285.0,70189.0,78959.0,974882.0,2,2,3,1
10,4.7970,1294.6470,25.1690,1324.6130,2551,2605,45,2232,4,14,5,20,165520,66298.0,69997.0,78853.0,974813.0,2,2,3,1
11,6.5440,1290.0730,27.8210,1324.4380,2551,2605,45,2232,4,14,5,20,165520,66167.0,69978.0,78903.0,975160.0,2,2,3,1
12,7.5110,1287.4200,28.2210,1323.1520,2551,2605,45,2232,4,14,5,20,165520,66038.0,70196.0,78656.0,974316.0,2,2,3,1
13,6.4750,1288.8950,30.8670,1326.2370,2551,2605,45,2232,4,14,5,20,165520,66303.0,70003.0,78699.0,975408.0,2,2,3,1
14,6.4800,1306.3470,20.9490,1333.7760,2551,2605,45,2232,4,14,5,20,165520,66064.0,69949.0,78838.0,975159.0,2,2,3,1
15,8.3840,1281.4710,25.6680,1315.5230,2551,2605,45,2232,4,14,5,20,165520,66127.0,70176.0,78736.0,975051.0,2,2,3,1
16,6.8090,1283.3510,36.4070,1326.5670,2551,2605,45,2232,4,14,5,20,165520,66424.0,70005.0,78691.0,975012.0,2,2,3,1
17,5.6020,1285.2980,29.4840,1320.3840,2551,2605,45,2232,4,14,5,20,165520,66143.0,70083.0,78748.0,975112.0,2,2,3,1
18,5.3920,1285.1720,16.5110,1307.0750,2551,2605,45,2232,4,14,5,20,165520,66126.0,70095.0,78569.0,974724.0,2,2,3,1
19,4.4340,1278.7820,25.2880,1308.5040,2551,2605,45,2232,4,14,5,20,165520,66328.0,70059.0,78695.0,974799.0,2,2,3,1
#heap 24265
#stack 3032
#end
#block refuse TLS wrong-name
#lib wolfSSL 5.9.4
iter,tcp_ms,tls_ms,mqtt_ms,total_ms,hs_tx_B,hs_rx_B,mqtt_tx_B,mqtt_rx_B,hs_writes,hs_reads,writes,reads,free_heap_B,hs_keygen_us,hs_derive_us,hs_verify_us,hs_sign_us,hs_keygen_n,hs_derive_n,hs_verify_n,hs_sign_n
#reason tls handshake failed: peer ip address mismatch
#deploy refused=1 case=wrong-name crl_load_us=27568 crl_B=411
#heap 22171
#stack 2944
#end
#block refuse TLS revoked
#lib wolfSSL 5.9.4
iter,tcp_ms,tls_ms,mqtt_ms,total_ms,hs_tx_B,hs_rx_B,mqtt_tx_B,mqtt_rx_B,hs_writes,hs_reads,writes,reads,free_heap_B,hs_keygen_us,hs_derive_us,hs_verify_us,hs_sign_us,hs_keygen_n,hs_derive_n,hs_verify_n,hs_sign_n
#reason tls handshake failed: CRL Cert revoked
#deploy refused=1 case=revoked crl_load_us=27093 crl_B=411
#heap 22176
#stack 2952
#end
#block refuse TLS expired
#lib wolfSSL 5.9.4
iter,tcp_ms,tls_ms,mqtt_ms,total_ms,hs_tx_B,hs_rx_B,mqtt_tx_B,mqtt_rx_B,hs_writes,hs_reads,writes,reads,free_heap_B,hs_keygen_us,hs_derive_us,hs_verify_us,hs_sign_us,hs_keygen_n,hs_derive_n,hs_verify_n,hs_sign_n
#reason tls handshake failed: ASN date error, current date is after expiration
#deploy refused=1 case=expired crl_load_us=27099 crl_B=411
#heap 22176
#stack 2952
#end
=== done ===
