=== MQTT / TLS 1.3 / mTLS, DEPLOY_FALCON1024 certificates, X25519MLKEM768 (wolfSSL 5.9.4) on RP2040 ===
CPU clock: 200 MHz
#config iterations=50 warmup=5 pipe_iterations=3 messages=200 payload_B=51 schemes=2 sweep_iterations=20 sweep_warmup=2 groups=13 kex_iterations=50 kex_warmup=2 blocks=7
#kat LoRaWAN / AES-CMAC / Ascon known-answer checks: OK
#time 1791472043 (NTP pool.ntp.org): certificate and CRL dates are checked
#wifi rssi=-13 dBm channel=10 ip=192.168.50.235 broker=192.168.50.132
#block connect TLS
#lib wolfSSL 5.9.4
iter,tcp_ms,tls_ms,mqtt_ms,total_ms,hs_tx_B,hs_rx_B,mqtt_tx_B,mqtt_rx_B,hs_writes,hs_reads,writes,reads,free_heap_B,hs_keygen_us,hs_derive_us,hs_verify_us,hs_sign_us,hs_keygen_n,hs_derive_n,hs_verify_n,hs_sign_n
#suite TLS13-AES256-GCM-SHA384
0,17.4380,264.0910,24.0880,305.6170,1391,5975,45,568,2,12,3,18,166688,66209.0,70793.0,31393.0,0.0,2,2,2,0
1,7.4200,247.1750,26.7970,281.3920,1391,5971,45,568,2,12,3,18,166448,66305.0,72715.0,31563.0,0.0,2,2,2,0
2,5.4150,248.4690,15.5330,269.4170,1391,5970,45,568,2,12,3,18,166448,66314.0,71381.0,31293.0,0.0,2,2,2,0
3,8.3860,255.7940,13.1510,277.3310,1391,5976,45,568,2,12,3,18,166448,66238.0,71342.0,31498.0,0.0,2,2,2,0
4,6.5530,258.2000,26.7850,291.5380,1391,5972,45,568,2,12,3,18,166448,66153.0,70558.0,31329.0,0.0,2,2,2,0
5,5.7740,256.1990,23.9650,285.9380,1391,5971,45,568,2,12,3,18,166448,66239.0,70044.0,31437.0,0.0,2,2,2,0
6,13.4060,262.7520,12.7470,288.9050,1391,5975,45,568,2,12,3,18,166448,66990.0,71596.0,31467.0,0.0,2,2,2,0
7,12.8820,264.0340,12.4110,289.3270,1391,5976,45,568,2,12,3,18,166448,66465.0,71317.0,31343.0,0.0,2,2,2,0
8,2990.4260,253.7110,13.4500,3257.5870,1391,5976,45,568,2,12,3,18,166448,66222.0,71217.0,31367.0,0.0,2,2,2,0
9,6.5130,257.4910,24.5270,288.5310,1391,5974,45,568,2,12,3,18,166448,66241.0,70479.0,31291.0,0.0,2,2,2,0
10,5.4430,252.9540,25.0930,283.4900,1391,5976,45,568,2,12,3,18,166448,66135.0,70192.0,31449.0,0.0,2,2,2,0
11,5.4160,258.0480,25.6320,289.0960,1391,5976,45,568,2,12,3,18,166448,66118.0,70010.0,31370.0,0.0,2,2,2,0
12,5.4190,257.6090,18.3140,281.3420,1391,5971,45,568,2,12,3,18,166448,66266.0,70205.0,31196.0,0.0,2,2,2,0
13,16.6290,249.4210,11.6770,277.7270,1391,5972,45,568,2,12,3,18,166448,66421.0,71352.0,31315.0,0.0,2,2,2,0
14,5.8590,258.6920,11.6170,276.1680,1391,5964,45,568,2,12,3,18,166448,66138.0,70488.0,31373.0,0.0,2,2,2,0
15,8.0410,250.3320,9.0380,267.4110,1391,5972,45,568,2,12,3,18,166448,66104.0,72110.0,31377.0,0.0,2,2,2,0
16,7.9820,254.1080,11.9150,274.0050,1391,5976,45,568,2,12,3,18,166448,66196.0,71398.0,31226.0,0.0,2,2,2,0
17,5.8150,254.5260,43.1920,303.5330,1391,5972,45,568,2,12,3,18,166448,66272.0,70141.0,31601.0,0.0,2,2,2,0
18,9.5000,263.8650,27.3570,300.7220,1391,5975,45,568,2,12,3,18,166448,66436.0,73045.0,31510.0,0.0,2,2,2,0
19,6.4430,258.3710,25.9610,290.7750,1391,5971,45,568,2,12,3,18,166448,66291.0,70257.0,31423.0,0.0,2,2,2,0
#heap 27752
#stack 3432
#end
#block connect TLS-checked
#lib wolfSSL 5.9.4
iter,tcp_ms,tls_ms,mqtt_ms,total_ms,hs_tx_B,hs_rx_B,mqtt_tx_B,mqtt_rx_B,hs_writes,hs_reads,writes,reads,free_heap_B,hs_keygen_us,hs_derive_us,hs_verify_us,hs_sign_us,hs_keygen_n,hs_derive_n,hs_verify_n,hs_sign_n
#suite TLS13-AES256-GCM-SHA384
0,5.6280,258.8020,20.5570,284.9870,1391,5974,45,568,2,12,3,18,166104,66388.0,69927.0,31391.0,0.0,2,2,2,0
1,22.9490,258.1260,23.6910,304.7660,1391,5969,45,568,2,12,3,18,166104,66668.0,70580.0,31323.0,0.0,2,2,2,0
2,7.4360,263.9930,15.4690,286.8980,1391,5973,45,568,2,12,3,18,166104,66125.0,70172.0,31566.0,0.0,2,2,2,0
3,4.4310,258.3610,22.3630,285.1550,1391,5977,45,568,2,12,3,18,166104,66403.0,71857.0,31488.0,0.0,2,2,2,0
4,6.6500,258.2270,22.8580,287.7350,1391,5980,45,568,2,12,3,18,166104,66255.0,70023.0,31478.0,0.0,2,2,2,0
5,7.4290,257.9910,21.2030,286.6230,1391,5972,45,568,2,12,3,18,166104,66383.0,69978.0,31200.0,0.0,2,2,2,0
6,5.4000,259.1930,24.3530,288.9460,1391,5967,45,568,2,12,3,18,166104,66272.0,70076.0,31391.0,0.0,2,2,2,0
7,9.4390,265.2700,12.3810,287.0900,1391,5969,45,568,2,12,3,18,166104,66280.0,71583.0,31224.0,0.0,2,2,2,0
8,7.4030,254.1050,25.7450,287.2530,1391,5970,45,568,2,12,3,18,166104,66251.0,70941.0,31481.0,0.0,2,2,2,0
9,5.4180,259.1270,17.1290,281.6740,1391,5973,45,568,2,12,3,18,166104,66442.0,70259.0,31254.0,0.0,2,2,2,0
10,18.4340,250.5600,12.9720,281.9660,1391,5972,45,568,2,12,3,18,166104,66194.0,72425.0,31500.0,0.0,2,2,2,0
11,5.4410,255.8110,12.3970,273.6490,1391,5974,45,568,2,12,3,18,166104,66280.0,70083.0,31456.0,0.0,2,2,2,0
12,7.5610,247.6520,12.3630,267.5760,1391,5972,45,568,2,12,3,18,166104,66363.0,71676.0,31555.0,0.0,2,2,2,0
13,6.3940,257.5050,18.2630,282.1620,1391,5978,45,568,2,12,3,18,166104,66567.0,72604.0,31683.0,0.0,2,2,2,0
14,4.8110,257.7770,23.7400,286.3280,1391,5975,45,568,2,12,3,18,166104,66220.0,70545.0,31337.0,0.0,2,2,2,0
15,4.9690,257.6070,23.3460,285.9220,1391,5972,45,568,2,12,3,18,166104,66421.0,70103.0,31469.0,0.0,2,2,2,0
16,7.6030,256.7150,22.7010,287.0190,1391,5971,45,568,2,12,3,18,166104,66223.0,69997.0,31485.0,0.0,2,2,2,0
17,8.4340,256.3220,22.7500,287.5060,1391,5971,45,568,2,12,3,18,166104,66398.0,71155.0,31383.0,0.0,2,2,2,0
18,7.5760,259.6520,21.7320,288.9600,1391,5975,45,568,2,12,3,18,166104,66261.0,70602.0,31470.0,0.0,2,2,2,0
19,4.8080,259.5630,23.3480,287.7190,1391,5973,45,568,2,12,3,18,166104,66260.0,70056.0,31203.0,0.0,2,2,2,0
#heap 28059
#stack 3432
#end
#block connect mTLS
#lib wolfSSL 5.9.4
iter,tcp_ms,tls_ms,mqtt_ms,total_ms,hs_tx_B,hs_rx_B,mqtt_tx_B,mqtt_rx_B,hs_writes,hs_reads,writes,reads,free_heap_B,hs_keygen_us,hs_derive_us,hs_verify_us,hs_sign_us,hs_keygen_n,hs_derive_n,hs_verify_n,hs_sign_n
#suite TLS13-AES256-GCM-SHA384
0,15.8820,2470.4740,66.4030,2552.7590,6083,6145,45,7288,4,14,5,20,158896,66323.0,71576.0,31352.0,2195948.0,2,2,2,1
1,4.7810,2475.0330,55.1120,2534.9260,6080,6147,45,7288,4,14,5,20,158896,66448.0,70019.0,31378.0,2188454.0,2,2,2,1
2,16.7860,2470.7220,64.0280,2551.5360,6081,6145,45,7288,4,14,5,20,158896,66289.0,70115.0,31621.0,2181490.0,2,2,2,1
3,18.7560,2472.2320,61.5070,2552.4950,6078,6147,45,7288,4,14,5,20,158896,66069.0,70437.0,31388.0,2183397.0,2,2,2,1
4,15.4380,2467.1940,67.9810,2550.6130,6082,6147,45,7288,4,14,5,20,158896,66167.0,72419.0,31535.0,2190125.0,2,2,2,1
5,9.6130,2469.4500,160.0030,2639.0660,6076,6140,45,7288,4,14,5,20,158896,66369.0,70038.0,31188.0,2188735.0,2,2,2,1
6,17.6840,2476.4660,56.6540,2550.8040,6080,6138,45,7272,4,14,5,20,158896,66103.0,70633.0,31519.0,2188507.0,2,2,2,1
7,15.6720,2462.1450,76.2920,2554.1090,6084,6140,45,7288,4,14,5,20,158896,66259.0,72576.0,31341.0,2184661.0,2,2,2,1
8,18.4140,2474.2590,57.4780,2550.1510,6081,6140,45,7288,4,14,5,20,158896,66194.0,70014.0,31695.0,2187021.0,2,2,2,1
9,18.8100,2463.3460,66.9190,2549.0750,6080,6142,45,7288,4,14,5,20,158896,66771.0,72481.0,31376.0,2189930.0,2,2,2,1
10,19.5900,2459.5550,70.4810,2549.6260,6076,6144,45,7288,4,14,5,20,158896,66227.0,72794.0,31357.0,2186582.0,2,2,2,1
11,19.0920,2475.3390,54.9950,2549.4260,6082,6143,45,7288,4,14,5,20,158896,66357.0,70038.0,31499.0,2187653.0,2,2,2,1
12,16.4610,2467.2090,65.7470,2549.4170,6079,6141,45,7288,4,14,5,20,158896,66322.0,71952.0,31360.0,2190493.0,2,2,2,1
13,16.4800,2461.5460,73.4320,2551.4580,6077,6147,45,7288,4,14,5,21,158896,66090.0,72665.0,31574.0,2185599.0,2,2,2,1
14,16.5240,2477.8470,44.4320,2538.8030,6083,6146,45,7288,4,14,5,20,158896,66210.0,70431.0,31579.0,2185575.0,2,2,2,1
15,6.3930,2459.8040,97.8760,2564.0730,6085,6145,45,7288,4,14,5,20,158896,66192.0,71848.0,31508.0,2184626.0,2,2,2,1
16,16.6510,2470.4990,64.7600,2551.9100,6083,6145,45,7288,4,14,5,20,158896,66338.0,69984.0,31504.0,2180103.0,2,2,2,1
17,18.4250,2484.3180,123.7010,2626.4440,6089,6142,45,7288,4,14,5,20,158896,67057.0,70581.0,31318.0,2191769.0,2,2,2,1
18,18.4810,2477.4730,55.1320,2551.0860,6072,6140,45,7288,4,14,5,20,158896,66207.0,70172.0,31445.0,2188980.0,2,2,2,1
19,7.6590,2471.3130,158.9510,2637.9230,6080,6142,45,7288,4,14,5,20,158896,66432.0,70801.0,31378.0,2186911.0,2,2,2,1
#heap 138287
#stack 3432
#end
#block connect mTLS-checked
#lib wolfSSL 5.9.4
iter,tcp_ms,tls_ms,mqtt_ms,total_ms,hs_tx_B,hs_rx_B,mqtt_tx_B,mqtt_rx_B,hs_writes,hs_reads,writes,reads,free_heap_B,hs_keygen_us,hs_derive_us,hs_verify_us,hs_sign_us,hs_keygen_n,hs_derive_n,hs_verify_n,hs_sign_n
#suite TLS13-AES256-GCM-SHA384
0,5.6100,2464.6990,41.3300,2511.6390,6079,6138,45,7288,4,14,5,20,158552,66261.0,71479.0,31353.0,2189438.0,2,2,2,1
1,12.4280,2476.8110,195.8640,2685.1030,6079,6144,45,7288,4,14,5,20,158552,66180.0,71868.0,31530.0,2196991.0,2,2,2,1
2,6.4710,2468.5480,86.6800,2561.6990,6082,6143,45,7288,4,14,5,20,158552,66217.0,71458.0,31600.0,2190614.0,2,2,2,1
3,23.4140,2472.4850,53.2680,2549.1670,6079,6139,45,7288,4,14,5,20,158552,66113.0,70449.0,31375.0,2189284.0,2,2,2,1
4,18.7630,2474.4310,62.2410,2555.4350,6084,6143,45,7288,4,14,5,20,158552,66272.0,69960.0,31329.0,2186795.0,2,2,2,1
5,5.6960,2475.6580,52.5360,2533.8900,6081,6138,45,7288,4,14,5,20,158552,66340.0,72115.0,31669.0,2188703.0,2,2,2,1
6,20.3920,2477.5840,37.6210,2535.5970,6079,6141,45,7288,4,14,5,20,158552,66254.0,69874.0,31331.0,2189873.0,2,2,2,1
7,5.4410,2460.3370,103.0340,2568.8120,6079,6143,45,7288,4,14,5,20,158552,66376.0,72154.0,31677.0,2182461.0,2,2,2,1
8,5.7090,2481.9020,48.6740,2536.2850,6078,6142,45,7288,4,14,5,20,158552,66287.0,69957.0,31475.0,2187409.0,2,2,2,1
9,5.4280,2474.8960,54.6150,2534.9390,6075,6143,45,7288,4,14,5,20,158552,66419.0,69993.0,31295.0,2188430.0,2,2,2,1
10,15.4550,2487.1470,50.5060,2553.1080,6083,6140,45,7288,4,14,5,20,158552,66210.0,70065.0,31451.0,2187116.0,2,2,2,1
11,5.4580,2471.1580,57.7170,2534.3330,6082,6141,45,7288,4,14,5,20,158552,66258.0,70236.0,31335.0,2183795.0,2,2,2,1
12,18.8380,2473.6080,59.5990,2552.0450,6089,6142,45,7288,4,14,5,20,158552,66224.0,70005.0,31566.0,2185774.0,2,2,2,1
13,6.4400,2475.3250,53.8450,2535.6100,6080,6146,45,7288,4,14,5,20,158552,66221.0,70101.0,31703.0,2188410.0,2,2,2,1
14,5.4140,2474.2160,57.2860,2536.9160,6082,6139,45,7288,4,14,5,21,158552,66122.0,69986.0,31606.0,2188797.0,2,2,2,1
15,5.4690,2475.8750,54.3730,2535.7170,6076,6141,45,7288,4,14,5,20,158552,66156.0,70681.0,31297.0,2189290.0,2,2,2,1
16,18.4040,2472.8920,35.8300,2527.1260,6078,6141,45,7288,4,14,5,20,158552,66289.0,70169.0,31310.0,2185460.0,2,2,2,1
17,6.3960,2462.7260,102.8350,2571.9570,6081,6148,45,7288,4,14,5,20,158552,66142.0,71545.0,31364.0,2187956.0,2,2,2,1
18,6.4390,2476.0180,155.7860,2638.2430,6079,6145,45,7288,4,14,5,20,158552,66313.0,70100.0,31587.0,2190768.0,2,2,2,1
19,16.7760,2464.9770,70.1910,2551.9440,6083,6141,45,7288,4,14,5,20,158552,66465.0,72396.0,31514.0,2186914.0,2,2,2,1
#heap 138594
#stack 3640
#end
#block refuse TLS wrong-name
#lib wolfSSL 5.9.4
iter,tcp_ms,tls_ms,mqtt_ms,total_ms,hs_tx_B,hs_rx_B,mqtt_tx_B,mqtt_rx_B,hs_writes,hs_reads,writes,reads,free_heap_B,hs_keygen_us,hs_derive_us,hs_verify_us,hs_sign_us,hs_keygen_n,hs_derive_n,hs_verify_n,hs_sign_n
#reason tls handshake failed: peer ip address mismatch
#deploy refused=1 case=wrong-name crl_load_us=16111 crl_B=1419
#heap 28054
#stack 3424
#end
#block refuse TLS revoked
#lib wolfSSL 5.9.4
iter,tcp_ms,tls_ms,mqtt_ms,total_ms,hs_tx_B,hs_rx_B,mqtt_tx_B,mqtt_rx_B,hs_writes,hs_reads,writes,reads,free_heap_B,hs_keygen_us,hs_derive_us,hs_verify_us,hs_sign_us,hs_keygen_n,hs_derive_n,hs_verify_n,hs_sign_n
#reason tls handshake failed: CRL Cert revoked
#deploy refused=1 case=revoked crl_load_us=15464 crl_B=1419
#heap 28043
#stack 3320
#end
#block refuse TLS expired
#lib wolfSSL 5.9.4
iter,tcp_ms,tls_ms,mqtt_ms,total_ms,hs_tx_B,hs_rx_B,mqtt_tx_B,mqtt_rx_B,hs_writes,hs_reads,writes,reads,free_heap_B,hs_keygen_us,hs_derive_us,hs_verify_us,hs_sign_us,hs_keygen_n,hs_derive_n,hs_verify_n,hs_sign_n
#reason tls handshake failed: ASN date error, current date is after expiration
#deploy refused=1 case=expired crl_load_us=15464 crl_B=1419
#heap 28040
#stack 2776
#end
=== done ===
