=== MQTT / TLS 1.3 / mTLS, DEPLOY_MLDSA65 certificates, X25519MLKEM768 (wolfSSL 5.9.4) on RP2040 ===
CPU clock: 200 MHz
#config iterations=50 warmup=5 pipe_iterations=3 messages=200 payload_B=51 schemes=2 sweep_iterations=20 sweep_warmup=2 groups=13 kex_iterations=50 kex_warmup=2 blocks=7
#kat LoRaWAN / AES-CMAC / Ascon known-answer checks: OK
#time 1791471320 (NTP pool.ntp.org): certificate and CRL dates are checked
#wifi rssi=-13 dBm channel=10 ip=192.168.50.235 broker=192.168.50.132
#block connect TLS
#lib wolfSSL 5.9.4
iter,tcp_ms,tls_ms,mqtt_ms,total_ms,hs_tx_B,hs_rx_B,mqtt_tx_B,mqtt_rx_B,hs_writes,hs_reads,writes,reads,free_heap_B,hs_keygen_us,hs_derive_us,hs_verify_us,hs_sign_us,hs_keygen_n,hs_derive_n,hs_verify_n,hs_sign_n
#suite TLS13-AES256-GCM-SHA384
0,21.4160,351.8730,38.3940,411.6830,1393,10217,45,568,2,12,3,18,166560,66276.0,71572.0,93456.0,0.0,2,2,2,0
1,5.5990,338.2600,16.7480,360.6070,1393,10217,45,568,2,12,3,18,166336,67418.0,73083.0,93231.0,0.0,2,2,2,0
2,4.4090,340.3730,12.3270,357.1090,1393,10217,45,568,2,12,3,18,166336,66446.0,71450.0,93153.0,0.0,2,2,2,0
3,7.4320,327.8070,23.3430,358.5820,1393,10217,45,568,2,12,3,18,166336,66266.0,74367.0,93090.0,0.0,2,2,2,0
4,5.3820,340.9390,11.5890,357.9100,1393,10217,45,568,2,12,3,18,166336,66239.0,73109.0,93523.0,0.0,2,2,2,0
5,18.8080,345.1260,13.9680,377.9020,1393,10217,45,568,2,12,3,18,166336,66110.0,71586.0,93124.0,0.0,2,2,2,0
6,5.4280,332.7660,47.0650,385.2590,1393,10217,45,568,2,12,3,18,166336,66452.0,73185.0,93907.0,0.0,2,2,2,0
7,5.4360,329.7580,28.2900,363.4840,1393,10217,45,568,2,12,3,18,166336,66489.0,73038.0,93252.0,0.0,2,2,2,0
8,7.6680,339.2230,12.3270,359.2180,1393,10217,45,568,2,12,3,18,166336,66985.0,72840.0,93307.0,0.0,2,2,2,0
9,4.4560,344.4910,25.2590,374.2060,1393,10217,45,568,2,12,3,18,166336,66209.0,73262.0,93600.0,0.0,2,2,2,0
10,4.8200,330.0560,28.7380,363.6140,1393,10217,45,568,2,12,3,18,166336,66268.0,74360.0,93452.0,0.0,2,2,2,0
11,6.6040,341.5320,26.4200,374.5560,1393,10217,45,568,2,12,3,18,166336,66134.0,73108.0,93142.0,0.0,2,2,2,0
12,15.9260,331.9150,12.4320,360.2730,1393,10217,45,568,2,12,3,18,166336,66562.0,74027.0,93187.0,0.0,2,2,2,0
13,9.9770,329.6350,31.7440,371.3560,1393,10217,45,568,2,12,3,18,166336,66271.0,73093.0,93084.0,0.0,2,2,2,0
14,5.3980,338.0620,29.1180,372.5780,1393,10217,45,568,2,12,3,18,166336,66483.0,73034.0,93415.0,0.0,2,2,2,0
15,25.4000,336.9880,12.7510,375.1390,1393,10217,45,568,2,12,3,18,166336,66303.0,70249.0,93365.0,0.0,2,2,2,0
16,18.4010,344.1530,25.2950,387.8490,1393,10217,45,568,2,12,3,18,166336,66329.0,71604.0,93134.0,0.0,2,2,2,0
17,6.3930,333.2440,28.0200,367.6570,1393,10217,45,568,2,12,3,18,166336,66279.0,73138.0,93565.0,0.0,2,2,2,0
18,21.6260,332.0170,19.9240,373.5670,1393,10217,45,568,2,12,3,18,166336,66331.0,74428.0,93322.0,0.0,2,2,2,0
19,16.5210,347.6770,12.3510,376.5490,1393,10217,45,568,2,12,3,18,166336,66473.0,70145.0,93179.0,0.0,2,2,2,0
#heap 34181
#stack 3456
#end
#block connect TLS-checked
#lib wolfSSL 5.9.4
iter,tcp_ms,tls_ms,mqtt_ms,total_ms,hs_tx_B,hs_rx_B,mqtt_tx_B,mqtt_rx_B,hs_writes,hs_reads,writes,reads,free_heap_B,hs_keygen_us,hs_derive_us,hs_verify_us,hs_sign_us,hs_keygen_n,hs_derive_n,hs_verify_n,hs_sign_n
#suite TLS13-AES256-GCM-SHA384
0,13.7870,331.3890,23.5360,368.7120,1393,10217,45,568,2,12,3,18,166000,66301.0,74102.0,93141.0,0.0,2,2,2,0
1,7.4400,340.4320,12.2810,360.1530,1393,10217,45,568,2,12,3,18,166000,66262.0,73054.0,93229.0,0.0,2,2,2,0
2,5.4300,393.2730,15.6010,414.3040,1393,10217,45,568,2,12,3,18,166000,66372.0,72827.0,93402.0,0.0,2,2,2,0
3,4.8300,385.0530,22.4770,412.3600,1393,10217,45,568,2,12,3,18,166000,66345.0,71652.0,93302.0,0.0,2,2,2,0
4,48.7020,417.6960,94.0150,560.4130,1393,10217,45,568,2,12,3,18,166000,66283.0,72806.0,93290.0,0.0,2,2,2,0
5,9.8720,330.7460,85.0090,425.6270,1393,10217,45,568,2,12,3,18,166000,66409.0,73235.0,93120.0,0.0,2,2,2,0
6,5.5920,388.1970,91.8860,485.6750,1393,10217,45,568,2,12,3,18,166000,66270.0,73499.0,93128.0,0.0,2,2,2,0
7,18.4180,388.7970,95.8910,503.1060,1393,10217,45,568,2,12,3,18,166000,66315.0,73245.0,93025.0,0.0,2,2,2,0
8,5.4010,405.3240,101.0210,511.7460,1393,10217,45,568,2,12,3,18,166000,66277.0,73580.0,93340.0,0.0,2,2,2,0
9,127.6450,423.4240,8.9450,560.0140,1393,10217,45,568,2,12,3,18,166000,66429.0,71514.0,93908.0,0.0,2,2,2,0
10,4.8870,341.7350,18.8960,365.5180,1393,10217,45,568,2,12,3,18,166000,66357.0,71650.0,93296.0,0.0,2,2,2,0
11,9.4770,338.1730,16.8260,364.4760,1393,10217,45,568,2,12,3,18,166000,66281.0,70213.0,93181.0,0.0,2,2,2,0
12,7.8010,342.2190,13.8580,363.8780,1393,10217,45,568,2,12,3,18,166000,66297.0,73680.0,93414.0,0.0,2,2,2,0
13,6.3940,349.0630,18.5520,374.0090,1393,10217,45,568,2,12,3,18,166000,66476.0,73565.0,93176.0,0.0,2,2,2,0
14,8.3970,336.4860,20.5330,365.4160,1393,10217,45,568,2,12,3,18,166000,66371.0,73015.0,93176.0,0.0,2,2,2,0
15,8.6390,338.6850,16.7000,364.0240,1393,10217,45,568,2,12,3,18,166000,66273.0,73118.0,93250.0,0.0,2,2,2,0
16,8.5630,340.0790,22.8970,371.5390,1393,10217,45,568,2,12,3,18,166000,66395.0,73710.0,94368.0,0.0,2,2,2,0
17,5.4080,328.1050,13.2340,346.7470,1393,10217,45,568,2,12,3,18,166000,66279.0,73255.0,93312.0,0.0,2,2,2,0
18,10.4700,337.7950,26.1210,374.3860,1393,10217,45,568,2,12,3,18,166000,66429.0,73434.0,93111.0,0.0,2,2,2,0
19,17.4440,331.0450,25.7760,374.2650,1393,10217,45,568,2,12,3,18,166000,66482.0,73224.0,93290.0,0.0,2,2,2,0
#heap 34488
#stack 3496
#end
#block connect mTLS
#lib wolfSSL 5.9.4
iter,tcp_ms,tls_ms,mqtt_ms,total_ms,hs_tx_B,hs_rx_B,mqtt_tx_B,mqtt_rx_B,hs_writes,hs_reads,writes,reads,free_heap_B,hs_keygen_us,hs_derive_us,hs_verify_us,hs_sign_us,hs_keygen_n,hs_derive_n,hs_verify_n,hs_sign_n
#suite TLS13-AES256-GCM-SHA384
0,4.5260,1272.1060,57.6000,1334.2320,10327,10387,45,11672,4,14,5,20,156608,66273.0,71418.0,93087.0,849804.0,2,2,2,1
1,5.8130,494.8800,43.1250,543.8180,10327,10387,45,11672,4,14,5,21,156608,66266.0,72926.0,93324.0,79627.0,2,2,2,1
2,9.3940,559.9760,50.0480,619.4180,10327,10387,45,11672,4,14,5,20,156608,66365.0,71871.0,92942.0,137404.0,2,2,2,1
3,4.9420,715.5310,40.8920,761.3650,10327,10387,45,11672,4,14,5,20,156608,66298.0,73038.0,93324.0,288894.0,2,2,2,1
4,5.7810,505.4980,60.6810,571.9600,10327,10387,45,11672,4,14,5,21,156608,66377.0,72928.0,93078.0,79396.0,2,2,2,1
5,8.4520,751.2080,49.9430,809.6030,10327,10387,45,11672,4,14,5,20,156608,66312.0,73376.0,93170.0,334300.0,2,2,2,1
6,11.5530,1202.0660,528.3780,1741.9970,10327,10387,45,11672,4,14,5,20,156608,66296.0,73457.0,93054.0,784720.0,2,2,2,1
7,4.7000,508.9980,52.1440,565.8420,10327,10387,45,11672,4,14,5,20,156608,66189.0,72953.0,93287.0,79801.0,2,2,2,1
8,4.8220,551.1370,52.2560,608.2150,10327,10387,45,11672,4,14,5,20,156608,67334.0,73144.0,93246.0,136178.0,2,2,2,1
9,9.4010,948.0470,58.0040,1015.4520,10327,10387,45,11672,4,14,5,20,156608,66836.0,73096.0,93434.0,525404.0,2,2,2,1
10,6.3870,1739.0920,48.2830,1793.7620,10327,10387,45,11672,4,14,5,21,156608,66568.0,72894.0,93203.0,1325779.0,2,2,2,1
11,5.4260,762.0260,56.8640,824.3160,10327,10387,45,11672,4,14,5,21,156608,66257.0,73008.0,93454.0,336536.0,2,2,2,1
12,15.6490,1000.3780,40.6690,1056.6960,10327,10387,45,11672,4,14,5,20,156608,66166.0,70344.0,93112.0,582667.0,2,2,2,1
13,6.3780,1086.5430,40.2650,1133.1860,10327,10387,45,11672,4,14,5,20,156608,66365.0,71650.0,93355.0,664500.0,2,2,2,1
14,5.8020,591.7790,53.0020,650.5830,10327,10387,45,11672,4,14,5,21,156608,66261.0,72179.0,93107.0,150483.0,2,2,2,1
15,4.8440,492.6730,40.6580,538.1750,10327,10387,45,11672,4,14,5,21,156608,66243.0,73183.0,93392.0,80355.0,2,2,2,1
16,4.7870,509.5790,51.4370,565.8030,10327,10387,45,11672,4,14,5,20,156608,66348.0,72268.0,93533.0,80421.0,2,2,2,1
17,36.4280,674.0990,59.5710,770.0980,10327,10387,45,11672,4,14,5,20,156608,66387.0,73312.0,94416.0,254313.0,2,2,2,1
18,9.7630,553.3360,58.5580,621.6570,10327,10387,45,11672,4,14,5,20,156608,66393.0,72931.0,93326.0,141112.0,2,2,2,1
19,17.5170,564.0150,40.1810,621.7130,10327,10387,45,11672,4,14,5,20,156608,66297.0,73373.0,93096.0,148303.0,2,2,2,1
#heap 50834
#stack 3456
#end
#block connect mTLS-checked
#lib wolfSSL 5.9.4
iter,tcp_ms,tls_ms,mqtt_ms,total_ms,hs_tx_B,hs_rx_B,mqtt_tx_B,mqtt_rx_B,hs_writes,hs_reads,writes,reads,free_heap_B,hs_keygen_us,hs_derive_us,hs_verify_us,hs_sign_us,hs_keygen_n,hs_derive_n,hs_verify_n,hs_sign_n
#suite TLS13-AES256-GCM-SHA384
0,5.4600,688.4870,55.0680,749.0150,10327,10387,45,11672,4,14,5,21,156272,66202.0,74196.0,93240.0,259522.0,2,2,2,1
1,5.4160,633.2840,57.8850,696.5850,10327,10387,45,11672,4,14,5,21,156272,66248.0,72112.0,93498.0,210496.0,2,2,2,1
2,7.0510,1404.9870,51.5220,1463.5600,10327,10387,45,11672,4,14,5,20,156272,66420.0,73248.0,94148.0,979713.0,2,2,2,1
3,6.5390,960.9460,77.8570,1045.3420,10327,10387,45,11672,4,14,5,20,156272,66374.0,73308.0,93354.0,545578.0,2,2,2,1
4,14.4620,969.9400,43.8040,1028.2060,10327,10387,45,11672,4,14,5,20,156272,66160.0,73870.0,93088.0,550551.0,2,2,2,1
5,21.5160,619.3180,55.2770,696.1110,10327,10387,45,11672,4,14,5,20,156272,66306.0,74680.0,93103.0,199809.0,2,2,2,1
6,6.3760,751.3550,54.3180,812.0490,10327,10387,45,11672,4,14,5,20,156272,66390.0,73099.0,93049.0,333210.0,2,2,2,1
7,6.6490,1608.4590,40.4210,1655.5290,10327,10387,45,11672,4,14,5,20,156272,66197.0,73644.0,93303.0,1188273.0,2,2,2,1
8,4.6190,1265.1500,41.9610,1311.7300,10327,10387,45,11672,4,14,5,20,156272,66460.0,70318.0,93100.0,840448.0,2,2,2,1
9,12.5850,966.1490,115.4670,1094.2010,10327,10387,45,11672,4,14,5,21,156272,66264.0,74079.0,93042.0,539219.0,2,2,2,1
10,5.3880,551.3300,45.4860,602.2040,10327,10387,45,11672,4,14,5,20,156272,66139.0,73332.0,93314.0,137311.0,2,2,2,1
11,4.3940,566.3780,39.2400,610.0120,10327,10387,45,11672,4,14,5,20,156272,66316.0,73889.0,93282.0,148400.0,2,2,2,1
12,22.4320,515.2370,56.2970,593.9660,10327,10387,45,11672,4,14,5,20,156272,66398.0,73344.0,93818.0,79695.0,2,2,2,1
13,6.4760,565.0720,44.8320,616.3800,10327,10387,45,11672,4,14,5,20,156272,66164.0,73141.0,93264.0,148035.0,2,2,2,1
14,5.3840,560.3940,62.7520,628.5300,10327,10387,45,11672,4,14,5,20,156272,66361.0,72895.0,93167.0,137291.0,2,2,2,1
15,5.4140,505.9860,60.8370,572.2370,10327,10387,45,11672,4,14,5,21,156272,66184.0,72933.0,93227.0,80400.0,2,2,2,1
16,8.4420,629.1510,67.2290,704.8220,10327,10387,45,11672,4,14,5,20,156272,66280.0,73059.0,93036.0,209615.0,2,2,2,1
17,7.6220,631.9700,53.9600,693.5520,10327,10387,45,11672,4,14,5,21,156272,66199.0,73582.0,93337.0,213804.0,2,2,2,1
18,4.7130,1426.4210,42.5780,1473.7120,10327,10387,45,11672,4,14,5,20,156272,66326.0,73257.0,93142.0,1010976.0,2,2,2,1
19,17.6090,562.1300,42.5560,622.2950,10327,10387,45,11672,4,14,5,21,156272,66195.0,73351.0,93209.0,145613.0,2,2,2,1
#heap 51141
#stack 3456
#end
#block refuse TLS wrong-name
#lib wolfSSL 5.9.4
iter,tcp_ms,tls_ms,mqtt_ms,total_ms,hs_tx_B,hs_rx_B,mqtt_tx_B,mqtt_rx_B,hs_writes,hs_reads,writes,reads,free_heap_B,hs_keygen_us,hs_derive_us,hs_verify_us,hs_sign_us,hs_keygen_n,hs_derive_n,hs_verify_n,hs_sign_n
#reason tls handshake failed: peer ip address mismatch
#deploy refused=1 case=wrong-name crl_load_us=46322 crl_B=3459
#heap 34483
#stack 3320
#end
#block refuse TLS revoked
#lib wolfSSL 5.9.4
iter,tcp_ms,tls_ms,mqtt_ms,total_ms,hs_tx_B,hs_rx_B,mqtt_tx_B,mqtt_rx_B,hs_writes,hs_reads,writes,reads,free_heap_B,hs_keygen_us,hs_derive_us,hs_verify_us,hs_sign_us,hs_keygen_n,hs_derive_n,hs_verify_n,hs_sign_n
#reason tls handshake failed: CRL Cert revoked
#deploy refused=1 case=revoked crl_load_us=46213 crl_B=3459
#heap 34470
#stack 3424
#end
#block refuse TLS expired
#lib wolfSSL 5.9.4
iter,tcp_ms,tls_ms,mqtt_ms,total_ms,hs_tx_B,hs_rx_B,mqtt_tx_B,mqtt_rx_B,hs_writes,hs_reads,writes,reads,free_heap_B,hs_keygen_us,hs_derive_us,hs_verify_us,hs_sign_us,hs_keygen_n,hs_derive_n,hs_verify_n,hs_sign_n
#reason tls handshake failed: ASN date error, current date is after expiration
#deploy refused=1 case=expired crl_load_us=46180 crl_B=3459
#heap 34470
#stack 3424
#end
=== done ===
