=== MQTT / TLS 1.3 / mTLS, DEPLOY_ED25519 certificates, X25519MLKEM768 (wolfSSL 5.9.4) on RP2040 ===
CPU clock: 200 MHz
#config iterations=50 warmup=5 pipe_iterations=3 messages=200 payload_B=51 schemes=2 sweep_iterations=20 sweep_warmup=2 groups=13 kex_iterations=50 kex_warmup=2 blocks=7
#kat LoRaWAN / AES-CMAC / Ascon known-answer checks: OK
#time 1791471092 (NTP pool.ntp.org): certificate and CRL dates are checked
#wifi rssi=-13 dBm channel=10 ip=192.168.50.235 broker=192.168.50.132
#block connect TLS
#lib wolfSSL 5.9.4
iter,tcp_ms,tls_ms,mqtt_ms,total_ms,hs_tx_B,hs_rx_B,mqtt_tx_B,mqtt_rx_B,hs_writes,hs_reads,writes,reads,free_heap_B,hs_keygen_us,hs_derive_us,hs_verify_us,hs_sign_us,hs_keygen_n,hs_derive_n,hs_verify_n,hs_sign_n
#suite TLS13-AES256-GCM-SHA384
0,5.4100,356.0760,41.8140,403.3000,1389,1783,45,568,2,12,3,18,168488,66282.0,70960.0,141727.0,0.0,2,2,2,0
1,19.7360,347.9170,14.2620,381.9150,1389,1783,45,568,2,12,3,18,168264,66152.0,70133.0,141261.0,0.0,2,2,2,0
2,5.4410,355.6300,26.5480,387.6190,1389,1783,45,568,2,12,3,18,168264,66140.0,70466.0,142143.0,0.0,2,2,2,0
3,8.4480,361.4910,20.7720,390.7110,1389,1783,45,568,2,12,3,18,168264,66147.0,70010.0,140624.0,0.0,2,2,2,0
4,6.4410,356.0640,20.8960,383.4010,1389,1783,45,568,2,12,3,18,168264,66178.0,69994.0,141510.0,0.0,2,2,2,0
5,23.4140,355.4950,22.3150,401.2240,1389,1783,45,568,2,12,3,18,168264,66213.0,69993.0,140745.0,0.0,2,2,2,0
6,17.4740,349.0830,13.4200,379.9770,1389,1783,45,568,2,12,3,18,168264,66224.0,70122.0,141693.0,0.0,2,2,2,0
7,5.4500,359.3710,10.2410,375.0620,1389,1783,45,568,2,12,3,18,168264,66159.0,70039.0,141390.0,0.0,2,2,2,0
8,25.6960,360.8910,14.3990,400.9860,1389,1783,45,568,2,12,3,18,168264,66153.0,70005.0,141302.0,0.0,2,2,2,0
9,6.4010,347.4000,21.7080,375.5090,1389,1783,45,568,2,12,3,18,168264,66258.0,70033.0,140694.0,0.0,2,2,2,0
10,7.4200,351.3460,12.5860,371.3520,1389,1783,45,568,2,12,3,18,168264,66273.0,70205.0,141273.0,0.0,2,2,2,0
11,5.8180,362.3760,19.0230,387.2170,1389,1783,45,568,2,12,3,18,168264,66179.0,70008.0,141154.0,0.0,2,2,2,0
12,4.8210,356.7940,21.3400,382.9550,1389,1783,45,568,2,12,3,18,168264,66313.0,70029.0,141535.0,0.0,2,2,2,0
13,26.6470,356.1300,20.3200,403.0970,1389,1783,45,568,2,12,3,18,168264,66029.0,70017.0,141169.0,0.0,2,2,2,0
14,20.4390,348.2630,29.8990,398.6010,1389,1783,45,568,2,12,3,18,168264,66254.0,70012.0,139855.0,0.0,2,2,2,0
15,9.4220,356.0380,19.7540,385.2140,1389,1783,45,568,2,12,3,18,168264,66277.0,70010.0,142088.0,0.0,2,2,2,0
16,17.7290,346.5580,16.2280,380.5150,1389,1783,45,568,2,12,3,18,168264,66172.0,70134.0,140915.0,0.0,2,2,2,0
17,26.4270,348.5450,14.0680,389.0400,1389,1783,45,568,2,12,3,18,168264,66197.0,70044.0,142291.0,0.0,2,2,2,0
18,5.4990,359.8190,11.3530,376.6710,1389,1783,45,568,2,12,3,18,168264,66171.0,70030.0,141465.0,0.0,2,2,2,0
19,6.7380,354.8550,13.2090,374.8020,1389,1783,45,568,2,12,3,18,168264,66267.0,69915.0,140416.0,0.0,2,2,2,0
#heap 21386
#stack 3424
#end
#block connect TLS-checked
#lib wolfSSL 5.9.4
iter,tcp_ms,tls_ms,mqtt_ms,total_ms,hs_tx_B,hs_rx_B,mqtt_tx_B,mqtt_rx_B,hs_writes,hs_reads,writes,reads,free_heap_B,hs_keygen_us,hs_derive_us,hs_verify_us,hs_sign_us,hs_keygen_n,hs_derive_n,hs_verify_n,hs_sign_n
#suite TLS13-AES256-GCM-SHA384
0,6.8060,358.0020,38.9900,403.7980,1389,1783,45,568,2,12,3,18,167928,66091.0,70015.0,142177.0,0.0,2,2,2,0
1,4.4860,353.3140,19.8320,377.6320,1389,1783,45,568,2,12,3,18,167928,66405.0,69871.0,141367.0,0.0,2,2,2,0
2,13.6770,365.0610,35.2440,413.9820,1389,1783,45,568,2,12,3,18,167928,66172.0,69981.0,141001.0,0.0,2,2,2,0
3,7.4660,352.2420,23.3350,383.0430,1389,1783,45,568,2,12,3,18,167928,66271.0,69951.0,141208.0,0.0,2,2,2,0
4,5.5930,355.6680,30.0470,391.3080,1389,1783,45,568,2,12,3,18,167928,66618.0,70610.0,140689.0,0.0,2,2,2,0
5,14.6160,361.7590,20.2640,396.6390,1389,1783,45,568,2,12,3,18,167928,66071.0,70989.0,140790.0,0.0,2,2,2,0
6,9.4030,368.0440,13.9410,391.3880,1389,1783,45,568,2,12,3,18,167928,66180.0,69922.0,141358.0,0.0,2,2,2,0
7,9.7520,356.2090,20.7750,386.7360,1389,1783,45,568,2,12,3,18,167928,66313.0,70008.0,140647.0,0.0,2,2,2,0
8,25.4350,354.9570,431.4440,811.8360,1389,1783,45,568,2,12,3,18,167928,66160.0,69977.0,140363.0,0.0,2,2,2,0
9,4.6990,351.9790,25.7110,382.3890,1389,1783,45,568,2,12,3,18,167928,66172.0,70131.0,141284.0,0.0,2,2,2,0
10,5.0260,359.3600,29.3050,393.6910,1389,1783,45,568,2,12,3,18,167928,66329.0,70106.0,141414.0,0.0,2,2,2,0
11,6.4080,365.8850,13.1750,385.4680,1389,1783,45,568,2,12,3,18,167928,66191.0,70123.0,141760.0,0.0,2,2,2,0
12,10.9350,356.6330,42.1570,409.7250,1389,1783,45,568,2,12,3,18,167928,66154.0,70012.0,142019.0,0.0,2,2,2,0
13,8.4450,351.3430,36.6980,396.4860,1389,1783,45,568,2,12,3,18,167928,66052.0,70682.0,142080.0,0.0,2,2,2,0
14,5.4330,356.3980,21.9970,383.8280,1389,1783,45,568,2,12,3,18,167928,66071.0,69900.0,141049.0,0.0,2,2,2,0
15,8.4150,369.3130,40.2200,417.9480,1389,1783,45,568,2,12,3,18,167928,66267.0,69955.0,141365.0,0.0,2,2,2,0
16,6.3940,351.1390,18.0560,375.5890,1389,1783,45,568,2,12,3,18,167928,66370.0,70125.0,141560.0,0.0,2,2,2,0
17,5.6150,356.9740,20.0110,382.6000,1389,1783,45,568,2,12,3,18,167928,66096.0,69915.0,141660.0,0.0,2,2,2,0
18,8.4000,355.9840,20.8330,385.2170,1389,1783,45,568,2,12,3,18,167928,66510.0,70082.0,140231.0,0.0,2,2,2,0
19,30.8120,363.3510,35.0160,429.1790,1389,1783,45,568,2,12,3,18,167928,66181.0,70074.0,140195.0,0.0,2,2,2,0
#heap 21693
#stack 3504
#end
#block connect mTLS
#lib wolfSSL 5.9.4
iter,tcp_ms,tls_ms,mqtt_ms,total_ms,hs_tx_B,hs_rx_B,mqtt_tx_B,mqtt_rx_B,hs_writes,hs_reads,writes,reads,free_heap_B,hs_keygen_us,hs_derive_us,hs_verify_us,hs_sign_us,hs_keygen_n,hs_derive_n,hs_verify_n,hs_sign_n
#suite TLS13-AES256-GCM-SHA384
0,7.3940,419.2660,13.0110,439.6710,1889,1953,45,1304,4,14,5,20,167776,66294.0,70109.0,140899.0,27766.0,2,2,2,1
1,8.4280,409.6850,12.5240,430.6370,1889,1953,45,1304,4,14,5,20,167776,66031.0,70198.0,141633.0,27486.0,2,2,2,1
2,11.5970,438.6940,11.1630,461.4540,1889,1953,45,1304,4,14,5,20,167776,66154.0,70182.0,140739.0,28637.0,2,2,2,1
3,5.4200,411.5900,13.1970,430.2070,1889,1953,45,1304,4,14,5,20,167776,66157.0,70079.0,142222.0,27482.0,2,2,2,1
4,7.3890,418.7830,24.5420,450.7140,1889,1953,45,1304,4,14,5,20,167776,66385.0,70192.0,140632.0,28542.0,2,2,2,1
5,5.7190,413.5640,11.4380,430.7210,1889,1953,45,1304,4,14,5,20,167776,66280.0,69943.0,141217.0,27581.0,2,2,2,1
6,4.9820,411.6330,25.2400,441.8550,1889,1953,45,1304,4,14,5,20,167776,66228.0,70178.0,141043.0,27547.0,2,2,2,1
7,16.4230,421.0760,26.1610,463.6600,1889,1953,45,1304,4,14,5,20,167776,66119.0,70078.0,141656.0,27807.0,2,2,2,1
8,23.5270,418.4700,22.5770,464.5740,1889,1953,45,1304,4,14,5,20,167776,66321.0,70253.0,141001.0,28113.0,2,2,2,1
9,6.3960,414.2200,11.1340,431.7500,1889,1953,45,1304,4,14,5,20,167776,66270.0,70029.0,140331.0,27771.0,2,2,2,1
10,8.6000,406.8320,24.7750,440.2070,1889,1953,45,1304,4,14,5,20,167776,66342.0,70032.0,141758.0,27607.0,2,2,2,1
11,22.5210,444.1250,11.6080,478.2540,1889,1953,45,1304,4,14,5,20,167776,66534.0,70187.0,141197.0,27610.0,2,2,2,1
12,5.5390,422.7950,27.2250,455.5590,1889,1953,45,1304,4,14,5,20,167776,66271.0,71316.0,141880.0,27575.0,2,2,2,1
13,5.4040,413.8480,14.0340,433.2860,1889,1953,45,1304,4,14,5,20,167776,66220.0,70257.0,140101.0,27501.0,2,2,2,1
14,6.4020,421.4080,24.4860,452.2960,1889,1953,45,1304,4,14,5,20,167776,66090.0,70234.0,141575.0,27525.0,2,2,2,1
15,5.3980,414.1620,14.1810,433.7410,1889,1953,45,1304,4,14,5,20,167776,66192.0,70956.0,140658.0,27738.0,2,2,2,1
16,16.8090,436.5440,13.2200,466.5730,1889,1953,45,1304,4,14,5,20,167776,66113.0,70697.0,140889.0,27634.0,2,2,2,1
17,6.5650,408.8940,11.4060,426.8650,1889,1953,45,1304,4,14,5,20,167776,66314.0,70058.0,141171.0,27755.0,2,2,2,1
18,7.4080,405.7070,12.6880,425.8030,1889,1953,45,1304,4,14,5,20,167776,66141.0,70065.0,141143.0,27766.0,2,2,2,1
19,5.4130,418.5380,26.7000,450.6510,1889,1953,45,1304,4,14,5,20,167776,66167.0,70171.0,140957.0,28350.0,2,2,2,1
#heap 23155
#stack 3312
#end
#block connect mTLS-checked
#lib wolfSSL 5.9.4
iter,tcp_ms,tls_ms,mqtt_ms,total_ms,hs_tx_B,hs_rx_B,mqtt_tx_B,mqtt_rx_B,hs_writes,hs_reads,writes,reads,free_heap_B,hs_keygen_us,hs_derive_us,hs_verify_us,hs_sign_us,hs_keygen_n,hs_derive_n,hs_verify_n,hs_sign_n
#suite TLS13-AES256-GCM-SHA384
0,6.8010,417.1150,27.1510,451.0670,1889,1953,45,1304,4,14,5,20,167440,66245.0,69992.0,141662.0,27575.0,2,2,2,1
1,8.4620,413.2400,11.7960,433.4980,1889,1953,45,1304,4,14,5,20,167440,66470.0,70200.0,141357.0,27569.0,2,2,2,1
2,5.5500,419.0110,30.7450,455.3060,1889,1953,45,1304,4,14,5,20,167440,66259.0,69948.0,140668.0,27870.0,2,2,2,1
3,11.3990,411.0770,11.8630,434.3390,1889,1953,45,1304,4,14,5,20,167440,66233.0,70006.0,141820.0,27554.0,2,2,2,1
4,5.4020,422.0370,23.3990,450.8380,1889,1953,45,1304,4,14,5,20,167440,66069.0,70141.0,140947.0,27705.0,2,2,2,1
5,4.6720,419.0140,14.8690,438.5550,1889,1953,45,1304,4,14,5,20,167440,66606.0,70243.0,141328.0,27881.0,2,2,2,1
6,6.4870,421.6070,22.9720,451.0660,1889,1953,45,1304,4,14,5,20,167440,66168.0,70112.0,140711.0,28533.0,2,2,2,1
7,4.9200,418.2930,12.6490,435.8620,1889,1953,45,1304,4,14,5,20,167440,66034.0,69934.0,141605.0,27538.0,2,2,2,1
8,5.4610,418.2120,24.3830,448.0560,1889,1953,45,1304,4,14,5,20,167440,66359.0,69903.0,140554.0,27788.0,2,2,2,1
9,9.4150,419.9470,15.7590,445.1210,1889,1953,45,1304,4,14,5,20,167440,66331.0,69941.0,141495.0,29653.0,2,2,2,1
10,18.6430,412.2820,12.1240,443.0490,1889,1953,45,1304,4,14,5,20,167440,66154.0,69956.0,141598.0,27706.0,2,2,2,1
11,5.4110,411.7370,12.1330,429.2810,1889,1953,45,1304,4,14,5,20,167440,66232.0,70319.0,140994.0,27544.0,2,2,2,1
12,5.6580,413.3520,23.5660,442.5760,1889,1953,45,1304,4,14,5,20,167440,66134.0,70142.0,141724.0,27501.0,2,2,2,1
13,9.4470,417.4580,13.7700,440.6750,1889,1953,45,1304,4,14,5,20,167440,66266.0,70151.0,140974.0,27786.0,2,2,2,1
14,11.9810,414.2010,23.8060,449.9880,1889,1953,45,1304,4,14,5,20,167440,66293.0,70126.0,141053.0,27718.0,2,2,2,1
15,24.5420,419.6330,13.0140,457.1890,1889,1953,45,1304,4,14,5,20,167440,66377.0,70127.0,141219.0,27486.0,2,2,2,1
16,9.4720,409.4980,23.0410,442.0110,1889,1953,45,1304,4,14,5,20,167440,66329.0,70158.0,141058.0,27581.0,2,2,2,1
17,13.3990,415.5920,13.3780,442.3690,1889,1953,45,1304,4,14,5,20,167440,66048.0,70174.0,141987.0,27665.0,2,2,2,1
18,7.4530,415.4140,11.2680,434.1350,1889,1953,45,1304,4,14,5,20,167440,66244.0,70084.0,142231.0,27605.0,2,2,2,1
19,13.4260,419.8830,16.3380,449.6470,1889,1953,45,1304,4,14,5,20,167440,66219.0,70243.0,141214.0,27536.0,2,2,2,1
#heap 23462
#stack 3072
#end
#block refuse TLS wrong-name
#lib wolfSSL 5.9.4
iter,tcp_ms,tls_ms,mqtt_ms,total_ms,hs_tx_B,hs_rx_B,mqtt_tx_B,mqtt_rx_B,hs_writes,hs_reads,writes,reads,free_heap_B,hs_keygen_us,hs_derive_us,hs_verify_us,hs_sign_us,hs_keygen_n,hs_derive_n,hs_verify_n,hs_sign_n
#reason tls handshake failed: peer ip address mismatch
#deploy refused=1 case=wrong-name crl_load_us=76314 crl_B=199
#heap 21688
#stack 3016
#end
#block refuse TLS revoked
#lib wolfSSL 5.9.4
iter,tcp_ms,tls_ms,mqtt_ms,total_ms,hs_tx_B,hs_rx_B,mqtt_tx_B,mqtt_rx_B,hs_writes,hs_reads,writes,reads,free_heap_B,hs_keygen_us,hs_derive_us,hs_verify_us,hs_sign_us,hs_keygen_n,hs_derive_n,hs_verify_n,hs_sign_n
#reason tls handshake failed: CRL Cert revoked
#deploy refused=1 case=revoked crl_load_us=75998 crl_B=199
#heap 21693
#stack 3008
#end
#block refuse TLS expired
#lib wolfSSL 5.9.4
iter,tcp_ms,tls_ms,mqtt_ms,total_ms,hs_tx_B,hs_rx_B,mqtt_tx_B,mqtt_rx_B,hs_writes,hs_reads,writes,reads,free_heap_B,hs_keygen_us,hs_derive_us,hs_verify_us,hs_sign_us,hs_keygen_n,hs_derive_n,hs_verify_n,hs_sign_n
#reason tls handshake failed: ASN date error, current date is after expiration
#deploy refused=1 case=expired crl_load_us=76168 crl_B=199
#heap 21693
#stack 3008
#end
=== done ===
