=== MQTT / TLS 1.3 / mTLS, DEPLOY_ECDSAP256 certificates, X25519MLKEM768 (wolfSSL 5.9.4) on RP2040 ===
CPU clock: 200 MHz
#config iterations=50 warmup=5 pipe_iterations=3 messages=200 payload_B=51 schemes=2 sweep_iterations=20 sweep_warmup=2 groups=13 kex_iterations=50 kex_warmup=2 blocks=7
#kat LoRaWAN / AES-CMAC / Ascon known-answer checks: OK
#time 1791470865 (NTP pool.ntp.org): certificate and CRL dates are checked
#wifi rssi=-13 dBm channel=10 ip=192.168.50.235 broker=192.168.50.132
#block connect TLS
#lib wolfSSL 5.9.4
iter,tcp_ms,tls_ms,mqtt_ms,total_ms,hs_tx_B,hs_rx_B,mqtt_tx_B,mqtt_rx_B,hs_writes,hs_reads,writes,reads,free_heap_B,hs_keygen_us,hs_derive_us,hs_verify_us,hs_sign_us,hs_keygen_n,hs_derive_n,hs_verify_n,hs_sign_n
#suite TLS13-AES256-GCM-SHA384
0,5.5870,392.2090,12.4170,410.2130,1387,1856,45,568,2,12,3,18,168432,66353.0,70155.0,194049.0,0.0,2,2,2,0
1,4.7240,389.1470,11.7540,405.6250,1387,1856,45,568,2,12,3,18,168208,66105.0,70016.0,193943.0,0.0,2,2,2,0
2,8.6360,389.3060,14.5640,412.5060,1387,1855,45,568,2,12,3,18,168208,66311.0,70136.0,193748.0,0.0,2,2,2,0
3,12.4050,398.7280,12.1420,423.2750,1387,1856,45,568,2,12,3,18,168208,66182.0,70136.0,193843.0,0.0,2,2,2,0
4,7.4640,395.3690,15.1480,417.9810,1387,1856,45,568,2,12,3,18,168208,66487.0,70061.0,194213.0,0.0,2,2,2,0
5,8.4270,392.0760,11.8830,412.3860,1387,1855,45,568,2,12,3,18,168208,66254.0,70103.0,194009.0,0.0,2,2,2,0
6,6.6450,390.0410,12.5010,409.1870,1387,1856,45,568,2,12,3,18,168208,66336.0,70069.0,193845.0,0.0,2,2,2,0
7,5.6650,390.6110,13.2670,409.5430,1387,1856,45,568,2,12,3,18,168208,66150.0,70200.0,193568.0,0.0,2,2,2,0
8,5.5000,388.2720,12.2620,406.0340,1387,1857,45,568,2,12,3,18,168208,66073.0,70073.0,193790.0,0.0,2,2,2,0
9,4.4480,387.3380,12.3260,404.1120,1387,1857,45,568,2,12,3,18,168208,66468.0,70235.0,194101.0,0.0,2,2,2,0
10,16.5650,388.8800,24.0520,429.4970,1387,1857,45,568,2,12,3,18,168208,66258.0,70083.0,193948.0,0.0,2,2,2,0
11,23.8040,399.4660,12.4370,435.7070,1387,1856,45,568,2,12,3,18,168208,66166.0,70047.0,193769.0,0.0,2,2,2,0
12,5.6110,397.1930,28.7280,431.5320,1387,1856,45,568,2,12,3,18,168208,66223.0,69911.0,194042.0,0.0,2,2,2,0
13,5.0750,387.3720,13.9080,406.3550,1387,1856,45,568,2,12,3,18,168208,66401.0,70279.0,193772.0,0.0,2,2,2,0
14,6.4140,390.9270,13.8850,411.2260,1387,1856,45,568,2,12,3,18,168208,66145.0,70257.0,193941.0,0.0,2,2,2,0
15,17.9050,394.4480,19.5580,431.9110,1387,1857,45,568,2,12,3,18,168208,66222.0,71043.0,194786.0,0.0,2,2,2,0
16,7.4720,409.1630,14.0100,430.6450,1387,1855,45,568,2,12,3,18,168208,66895.0,70093.0,194339.0,0.0,2,2,2,0
17,4.6620,390.2590,13.4020,408.3230,1387,1856,45,568,2,12,3,18,168208,66180.0,70212.0,194005.0,0.0,2,2,2,0
18,5.7900,402.4980,14.6740,422.9620,1387,1857,45,568,2,12,3,18,168208,66170.0,70061.0,193793.0,0.0,2,2,2,0
19,8.3910,391.2570,13.1600,412.8080,1387,1856,45,568,2,12,3,18,168208,66072.0,69972.0,194001.0,0.0,2,2,2,0
#heap 21415
#stack 3416
#end
#block connect TLS-checked
#lib wolfSSL 5.9.4
iter,tcp_ms,tls_ms,mqtt_ms,total_ms,hs_tx_B,hs_rx_B,mqtt_tx_B,mqtt_rx_B,hs_writes,hs_reads,writes,reads,free_heap_B,hs_keygen_us,hs_derive_us,hs_verify_us,hs_sign_us,hs_keygen_n,hs_derive_n,hs_verify_n,hs_sign_n
#suite TLS13-AES256-GCM-SHA384
0,9.4200,391.7620,8.5050,409.6870,1387,1856,45,568,2,12,3,18,167872,66252.0,70129.0,194824.0,0.0,2,2,2,0
1,5.4450,391.6950,12.3670,409.5070,1387,1855,45,568,2,12,3,18,167872,66048.0,70054.0,193758.0,0.0,2,2,2,0
2,9.6250,390.1040,11.6580,411.3870,1387,1856,45,568,2,12,3,18,167872,66420.0,70157.0,193843.0,0.0,2,2,2,0
3,7.4220,390.7160,11.8190,409.9570,1387,1855,45,568,2,12,3,18,167872,66172.0,70243.0,193835.0,0.0,2,2,2,0
4,5.5520,393.5410,11.9770,411.0700,1387,1857,45,568,2,12,3,18,167872,66142.0,70052.0,194291.0,0.0,2,2,2,0
5,20.8410,390.6460,22.0680,433.5550,1387,1857,45,568,2,12,3,18,167872,66172.0,70051.0,194028.0,0.0,2,2,2,0
6,23.8150,399.1650,12.3950,435.3750,1387,1855,45,568,2,12,3,18,167872,66778.0,70036.0,193998.0,0.0,2,2,2,0
7,4.4850,401.5690,17.4430,423.4970,1387,1856,45,568,2,12,3,18,167872,66184.0,70119.0,193879.0,0.0,2,2,2,0
8,6.4120,391.0500,12.3350,409.7970,1387,1856,45,568,2,12,3,18,167872,66128.0,70051.0,193882.0,0.0,2,2,2,0
9,6.6560,388.4590,16.8010,411.9160,1387,1856,45,568,2,12,3,18,167872,66539.0,70079.0,193976.0,0.0,2,2,2,0
10,4.8850,403.4590,29.2380,437.5820,1387,1855,45,568,2,12,3,18,167872,66196.0,70166.0,194568.0,0.0,2,2,2,0
11,5.5480,403.4500,12.9020,421.9000,1387,1856,45,568,2,12,3,18,167872,66284.0,70174.0,193893.0,0.0,2,2,2,0
12,4.4180,391.5840,13.3580,409.3600,1387,1857,45,568,2,12,3,18,167872,66189.0,70120.0,193947.0,0.0,2,2,2,0
13,7.6720,389.8470,12.2350,409.7540,1387,1856,45,568,2,12,3,18,167872,66269.0,70070.0,193972.0,0.0,2,2,2,0
14,4.6580,390.4130,16.4590,411.5300,1387,1856,45,568,2,12,3,18,167872,66156.0,70095.0,193624.0,0.0,2,2,2,0
15,17.9960,403.8080,13.0310,434.8350,1387,1856,45,568,2,12,3,18,167872,66156.0,70065.0,193755.0,0.0,2,2,2,0
16,5.7550,399.7540,14.2230,419.7320,1387,1857,45,568,2,12,3,18,167872,66288.0,70056.0,193967.0,0.0,2,2,2,0
17,4.5340,402.8780,8.5090,415.9210,1387,1856,45,568,2,12,3,18,167872,66353.0,70801.0,194450.0,0.0,2,2,2,0
18,6.4230,391.6360,12.0710,410.1300,1387,1855,45,568,2,12,3,18,167872,66053.0,70133.0,194474.0,0.0,2,2,2,0
19,4.6470,391.0980,11.9950,407.7400,1387,1855,45,568,2,12,3,18,167872,66189.0,70066.0,193920.0,0.0,2,2,2,0
#heap 21722
#stack 2928
#end
#block connect mTLS
#lib wolfSSL 5.9.4
iter,tcp_ms,tls_ms,mqtt_ms,total_ms,hs_tx_B,hs_rx_B,mqtt_tx_B,mqtt_rx_B,hs_writes,hs_reads,writes,reads,free_heap_B,hs_keygen_us,hs_derive_us,hs_verify_us,hs_sign_us,hs_keygen_n,hs_derive_n,hs_verify_n,hs_sign_n
#suite TLS13-AES256-GCM-SHA384
0,6.7190,450.0070,13.4500,470.1760,1960,2025,45,1432,4,14,5,20,167560,66183.0,70062.0,193926.0,42822.0,2,2,2,1
1,11.4800,469.1890,11.8840,492.5530,1958,2026,45,1432,4,14,5,20,167560,66263.0,70074.0,193961.0,42846.0,2,2,2,1
2,19.8340,445.6550,13.4770,478.9660,1958,2025,45,1432,4,14,5,20,167560,66382.0,71140.0,194026.0,42798.0,2,2,2,1
3,18.4740,441.8210,14.4700,474.7650,1959,2026,45,1432,4,14,5,20,167560,66152.0,70050.0,193632.0,42856.0,2,2,2,1
4,5.4380,443.3440,18.6480,467.4300,1958,2026,45,1432,4,14,5,20,167560,66193.0,70149.0,193728.0,42999.0,2,2,2,1
5,6.8940,455.8330,11.8210,474.5480,1959,2025,45,1432,4,14,5,20,167560,66129.0,70048.0,193808.0,43038.0,2,2,2,1
6,6.8070,449.5950,11.8450,468.2470,1959,2025,45,1432,4,14,5,20,167560,66174.0,70615.0,193629.0,42998.0,2,2,2,1
7,5.6190,439.5530,23.0640,468.2360,1958,2025,45,1432,4,14,5,20,167560,66176.0,70032.0,193966.0,42836.0,2,2,2,1
8,4.4670,444.8750,11.7020,461.0440,1958,2026,45,1432,4,14,5,20,167560,66189.0,70097.0,193927.0,42832.0,2,2,2,1
9,5.6920,450.4130,11.7690,467.8740,1959,2026,45,1432,4,14,5,20,167560,66258.0,70134.0,194168.0,42872.0,2,2,2,1
10,5.4160,441.6300,23.6130,470.6590,1959,2027,45,1432,4,14,5,20,167560,66273.0,70054.0,193777.0,42787.0,2,2,2,1
11,4.4230,452.1520,22.1120,478.6870,1958,2027,45,1432,4,14,5,20,167560,66304.0,70050.0,193993.0,42909.0,2,2,2,1
12,7.4020,451.6650,11.9490,471.0160,1960,2026,45,1432,4,14,5,20,167560,66211.0,70074.0,193900.0,42931.0,2,2,2,1
13,4.7510,453.6400,11.5860,469.9770,1958,2027,45,1432,4,14,5,20,167560,66433.0,70137.0,193932.0,42837.0,2,2,2,1
14,4.7710,439.2690,25.7740,469.8140,1960,2025,45,1432,4,14,5,20,167560,66099.0,69986.0,194958.0,42811.0,2,2,2,1
15,5.4630,449.0890,25.3840,479.9360,1959,2027,45,1432,4,14,5,20,167560,66147.0,70251.0,194088.0,42885.0,2,2,2,1
16,7.4600,453.4530,12.9910,473.9040,1959,2026,45,1432,4,14,5,20,167560,66083.0,71064.0,194345.0,42877.0,2,2,2,1
17,4.7510,453.3100,11.2970,469.3580,1959,2026,45,1432,4,14,5,20,167560,66153.0,70215.0,193902.0,42880.0,2,2,2,1
18,6.4540,442.7490,23.5870,472.7900,1959,2027,45,1432,4,14,5,20,167560,66097.0,70279.0,193953.0,42940.0,2,2,2,1
19,4.4200,451.0480,21.9580,477.4260,1960,2026,45,1432,4,14,5,20,167560,66257.0,70701.0,193960.0,42967.0,2,2,2,1
#heap 22029
#stack 3304
#end
#block connect mTLS-checked
#lib wolfSSL 5.9.4
iter,tcp_ms,tls_ms,mqtt_ms,total_ms,hs_tx_B,hs_rx_B,mqtt_tx_B,mqtt_rx_B,hs_writes,hs_reads,writes,reads,free_heap_B,hs_keygen_us,hs_derive_us,hs_verify_us,hs_sign_us,hs_keygen_n,hs_derive_n,hs_verify_n,hs_sign_n
#suite TLS13-AES256-GCM-SHA384
0,5.4310,444.0270,22.7760,472.2340,1960,2025,45,1432,4,14,5,20,167224,66177.0,69963.0,194108.0,42840.0,2,2,2,1
1,4.4290,455.0580,22.5380,482.0250,1958,2027,45,1432,4,14,5,20,167224,66405.0,70394.0,194101.0,42832.0,2,2,2,1
2,9.3850,450.5830,12.6270,472.5950,1960,2026,45,1432,4,14,5,20,167224,66207.0,70143.0,194064.0,42971.0,2,2,2,1
3,5.4430,452.4740,10.9510,468.8680,1958,2026,45,1432,4,14,5,20,167224,66121.0,70192.0,194291.0,42898.0,2,2,2,1
4,4.6600,446.1580,28.2220,479.0400,1959,2026,45,1432,4,14,5,20,167224,66977.0,70119.0,194511.0,42928.0,2,2,2,1
5,4.8350,443.8630,22.1910,470.8890,1959,2027,45,1432,4,14,5,20,167224,66189.0,70316.0,193866.0,42883.0,2,2,2,1
6,7.4780,457.4190,25.6980,490.5950,1959,2027,45,1432,4,14,5,20,167224,66261.0,70208.0,194033.0,42860.0,2,2,2,1
7,22.4160,452.5070,12.7460,487.6690,1959,2026,45,1432,4,14,5,20,167224,66179.0,70033.0,194004.0,42907.0,2,2,2,1
8,5.4120,451.3480,12.0190,468.7790,1960,2025,45,1432,4,14,5,20,167224,66320.0,70275.0,193864.0,42891.0,2,2,2,1
9,4.4130,445.1410,32.2110,481.7650,1958,2027,45,1432,4,14,5,20,167224,66330.0,70177.0,194009.0,42945.0,2,2,2,1
10,4.4150,444.2960,24.4800,473.1910,1959,2026,45,1432,4,14,5,20,167224,66100.0,70099.0,194075.0,42832.0,2,2,2,1
11,6.4130,442.0950,12.9430,461.4510,1958,2026,45,1432,4,14,5,20,167224,66079.0,70916.0,194774.0,42900.0,2,2,2,1
12,5.7460,454.0880,12.1590,471.9930,1959,2027,45,1432,4,14,5,20,167224,66163.0,70134.0,193941.0,42881.0,2,2,2,1
13,7.6320,439.5320,23.9760,471.1400,1960,2026,45,1432,4,14,5,20,167224,66155.0,70106.0,194049.0,42972.0,2,2,2,1
14,6.4310,452.7400,24.0310,483.2020,1959,2027,45,1432,4,14,5,20,167224,66317.0,70454.0,194647.0,43358.0,2,2,2,1
15,5.6930,460.0390,24.8620,490.5940,1960,2025,45,1432,4,14,5,20,167224,66327.0,70040.0,194018.0,42954.0,2,2,2,1
16,6.7690,451.5230,11.0940,469.3860,1959,2025,45,1432,4,14,5,20,167224,66183.0,70500.0,194468.0,43000.0,2,2,2,1
17,5.4600,453.4200,11.8550,470.7350,1960,2026,45,1432,4,14,5,20,167224,66257.0,70072.0,193997.0,42930.0,2,2,2,1
18,5.5680,439.3740,21.9350,466.8770,1959,2025,45,1432,4,14,5,20,167224,66063.0,69956.0,193807.0,42811.0,2,2,2,1
19,5.4300,457.8460,20.7630,484.0390,1960,2026,45,1432,4,14,5,20,167224,66182.0,69950.0,194008.0,42830.0,2,2,2,1
#heap 22336
#stack 3416
#end
#block refuse TLS wrong-name
#lib wolfSSL 5.9.4
iter,tcp_ms,tls_ms,mqtt_ms,total_ms,hs_tx_B,hs_rx_B,mqtt_tx_B,mqtt_rx_B,hs_writes,hs_reads,writes,reads,free_heap_B,hs_keygen_us,hs_derive_us,hs_verify_us,hs_sign_us,hs_keygen_n,hs_derive_n,hs_verify_n,hs_sign_n
#reason tls handshake failed: peer ip address mismatch
#deploy refused=1 case=wrong-name crl_load_us=99017 crl_B=218
#heap 21717
#stack 2768
#end
#block refuse TLS revoked
#lib wolfSSL 5.9.4
iter,tcp_ms,tls_ms,mqtt_ms,total_ms,hs_tx_B,hs_rx_B,mqtt_tx_B,mqtt_rx_B,hs_writes,hs_reads,writes,reads,free_heap_B,hs_keygen_us,hs_derive_us,hs_verify_us,hs_sign_us,hs_keygen_n,hs_derive_n,hs_verify_n,hs_sign_n
#reason tls handshake failed: CRL Cert revoked
#deploy refused=1 case=revoked crl_load_us=98376 crl_B=218
#heap 21722
#stack 2760
#end
#block refuse TLS expired
#lib wolfSSL 5.9.4
iter,tcp_ms,tls_ms,mqtt_ms,total_ms,hs_tx_B,hs_rx_B,mqtt_tx_B,mqtt_rx_B,hs_writes,hs_reads,writes,reads,free_heap_B,hs_keygen_us,hs_derive_us,hs_verify_us,hs_sign_us,hs_keygen_n,hs_derive_n,hs_verify_n,hs_sign_n
#reason tls handshake failed: ASN date error, current date is after expiration
#deploy refused=1 case=expired crl_load_us=98358 crl_B=218
#heap 21722
#stack 2768
#end
=== done ===
