=== MQTT / TLS 1.3 / mTLS, DEPLOY_FALCON512 certificates, X25519MLKEM768 (wolfSSL 5.9.4) on RP2040 ===
CPU clock: 200 MHz
#config iterations=50 warmup=5 pipe_iterations=3 messages=200 payload_B=51 schemes=2 sweep_iterations=20 sweep_warmup=2 groups=13 kex_iterations=50 kex_warmup=2 blocks=7
#kat LoRaWAN / AES-CMAC / Ascon known-answer checks: OK
#time 1791474890 (NTP pool.ntp.org): certificate and CRL dates are checked
#wifi rssi=-13 dBm channel=10 ip=192.168.50.235 broker=192.168.50.132
#block connect TLS
#lib wolfSSL 5.9.4
iter,tcp_ms,tls_ms,mqtt_ms,total_ms,hs_tx_B,hs_rx_B,mqtt_tx_B,mqtt_rx_B,hs_writes,hs_reads,writes,reads,free_heap_B,hs_keygen_us,hs_derive_us,hs_verify_us,hs_sign_us,hs_keygen_n,hs_derive_n,hs_verify_n,hs_sign_n
#suite TLS13-AES256-GCM-SHA384
0,20.7790,234.4910,15.8220,271.0920,1391,3843,45,568,2,12,3,18,167584,66220.0,70547.0,15535.0,0.0,2,2,2,0
1,14.4490,237.0860,12.0480,263.5830,1391,3841,45,568,2,12,3,18,167360,66201.0,71644.0,15472.0,0.0,2,2,2,0
2,5.4630,229.0570,13.2370,247.7570,1391,3841,45,568,2,12,3,18,167360,66434.0,70239.0,15441.0,0.0,2,2,2,0
3,20.6750,234.4380,12.7660,267.8790,1391,3841,45,568,2,12,3,18,167360,66155.0,70161.0,15524.0,0.0,2,2,2,0
4,9.5350,244.8470,12.1580,266.5400,1391,3841,45,568,2,12,3,18,167360,66432.0,70143.0,15567.0,0.0,2,2,2,0
5,7.3990,227.7130,14.0240,249.1360,1391,3843,45,568,2,12,3,18,167360,66230.0,70141.0,15431.0,0.0,2,2,2,0
6,18.4420,235.0170,15.8990,269.3580,1391,3842,45,568,2,12,3,18,167360,66205.0,70148.0,15738.0,0.0,2,2,2,0
7,6.3880,228.5210,16.4960,251.4050,1391,3844,45,568,2,12,3,18,167360,66017.0,70122.0,15634.0,0.0,2,2,2,0
8,5.6740,224.9110,22.7650,253.3500,1391,3844,45,568,2,12,3,18,167360,66093.0,70146.0,15412.0,0.0,2,2,2,0
9,6.5550,239.3760,16.6120,262.5430,1391,3842,45,568,2,12,3,18,167360,66363.0,70701.0,15417.0,0.0,2,2,2,0
10,9.7180,229.4980,14.0290,253.2450,1391,3845,45,568,2,12,3,18,167360,66347.0,70820.0,15397.0,0.0,2,2,2,0
11,4.3960,230.8490,12.8450,248.0900,1391,3840,45,568,2,12,3,18,167360,66341.0,70567.0,15284.0,0.0,2,2,2,0
12,5.7940,229.5890,11.3420,246.7250,1391,3845,45,568,2,12,3,18,167360,66334.0,70603.0,15466.0,0.0,2,2,2,0
13,5.4140,235.4120,26.9240,267.7500,1391,3843,45,568,2,12,3,18,167360,66216.0,70536.0,15555.0,0.0,2,2,2,0
14,18.9720,235.5250,13.5240,268.0210,1391,3845,45,568,2,12,3,18,167360,66423.0,70608.0,15448.0,0.0,2,2,2,0
15,6.8500,228.5340,11.6960,247.0800,1391,3845,45,568,2,12,3,18,167360,66248.0,70010.0,15571.0,0.0,2,2,2,0
16,5.0230,236.5770,29.3770,270.9770,1391,3845,45,568,2,12,3,18,167360,66171.0,71263.0,15579.0,0.0,2,2,2,0
17,9.4330,227.7210,16.8260,253.9800,1391,3843,45,568,2,12,3,18,167360,66161.0,70129.0,15419.0,0.0,2,2,2,0
18,5.4540,230.4560,10.1130,246.0230,1391,3843,45,568,2,12,3,18,167360,66086.0,70250.0,15548.0,0.0,2,2,2,0
19,5.5440,231.8620,27.0690,264.4750,1391,3838,45,568,2,12,3,18,167360,66306.0,70295.0,15627.0,0.0,2,2,2,0
#heap 22245
#stack 3416
#end
#block connect TLS-checked
#lib wolfSSL 5.9.4
iter,tcp_ms,tls_ms,mqtt_ms,total_ms,hs_tx_B,hs_rx_B,mqtt_tx_B,mqtt_rx_B,hs_writes,hs_reads,writes,reads,free_heap_B,hs_keygen_us,hs_derive_us,hs_verify_us,hs_sign_us,hs_keygen_n,hs_derive_n,hs_verify_n,hs_sign_n
#suite TLS13-AES256-GCM-SHA384
0,5.6820,235.1300,21.6360,262.4480,1391,3845,45,568,2,12,3,18,167024,66264.0,70590.0,15592.0,0.0,2,2,2,0
1,5.6780,233.2920,14.7860,253.7560,1391,3844,45,568,2,12,3,18,167024,66312.0,70597.0,15301.0,0.0,2,2,2,0
2,6.4140,229.0990,9.2170,244.7300,1391,3843,45,568,2,12,3,18,167024,66236.0,70107.0,15588.0,0.0,2,2,2,0
3,5.5310,234.1230,19.9960,259.6500,1391,3845,45,568,2,12,3,18,167024,66067.0,70131.0,15685.0,0.0,2,2,2,0
4,5.8870,251.9270,14.7240,272.5380,1391,3840,45,568,2,12,3,18,167024,66605.0,71434.0,15581.0,0.0,2,2,2,0
5,21.7410,232.4280,11.1200,265.2890,1391,3847,45,568,2,12,3,18,167024,66288.0,70181.0,15593.0,0.0,2,2,2,0
6,4.5500,236.8360,20.2740,261.6600,1391,3844,45,568,2,12,3,18,167024,66354.0,70019.0,15572.0,0.0,2,2,2,0
7,23.4080,237.5180,13.6930,274.6190,1391,3844,45,568,2,12,3,18,167024,66090.0,70220.0,15462.0,0.0,2,2,2,0
8,5.6990,232.4860,12.8110,250.9960,1391,3845,45,568,2,12,3,18,167024,66419.0,70340.0,15618.0,0.0,2,2,2,0
9,5.4390,234.3570,25.6610,265.4570,1391,3841,45,568,2,12,3,18,167024,66150.0,70104.0,15792.0,0.0,2,2,2,0
10,20.6190,234.9940,14.4910,270.1040,1391,3843,45,568,2,12,3,18,167024,66257.0,70540.0,15705.0,0.0,2,2,2,0
11,4.4390,231.0010,14.7120,250.1520,1391,3845,45,568,2,12,3,18,167024,66238.0,70303.0,15476.0,0.0,2,2,2,0
12,6.4390,231.2960,28.1700,265.9050,1391,3842,45,568,2,12,3,18,167024,66589.0,70900.0,15734.0,0.0,2,2,2,0
13,5.4220,233.6060,13.1940,252.2220,1391,3847,45,568,2,12,3,18,167024,66203.0,70197.0,15444.0,0.0,2,2,2,0
14,8.3840,229.8170,13.6270,251.8280,1391,3839,45,568,2,12,3,18,167024,66500.0,70002.0,15411.0,0.0,2,2,2,0
15,7.6220,230.9660,23.8340,262.4220,1391,3846,45,568,2,12,3,18,167024,66918.0,70007.0,15608.0,0.0,2,2,2,0
16,19.8340,238.7450,14.2910,272.8700,1391,3843,45,568,2,12,3,18,167024,66320.0,70153.0,15584.0,0.0,2,2,2,0
17,7.5030,230.6300,14.7270,252.8600,1391,3844,45,568,2,12,3,18,167024,66131.0,70150.0,15599.0,0.0,2,2,2,0
18,5.6020,228.7610,26.0690,260.4320,1391,3841,45,568,2,12,3,18,167024,66242.0,70340.0,15585.0,0.0,2,2,2,0
19,18.7170,238.8790,15.4800,273.0760,1391,3844,45,568,2,12,3,18,167024,66533.0,71580.0,15483.0,0.0,2,2,2,0
#heap 22552
#stack 3424
#end
#block connect mTLS
#lib wolfSSL 5.9.4
iter,tcp_ms,tls_ms,mqtt_ms,total_ms,hs_tx_B,hs_rx_B,mqtt_tx_B,mqtt_rx_B,hs_writes,hs_reads,writes,reads,free_heap_B,hs_keygen_us,hs_derive_us,hs_verify_us,hs_sign_us,hs_keygen_n,hs_derive_n,hs_verify_n,hs_sign_n
#suite TLS13-AES256-GCM-SHA384
0,6.4300,1244.0540,23.2630,1273.7470,3959,4008,45,4248,4,14,5,20,163240,66183.0,70110.0,15417.0,995034.0,2,2,2,1
1,4.6800,1250.0270,36.7310,1291.4380,3955,4012,45,4248,4,14,5,20,163240,66270.0,70093.0,15418.0,999112.0,2,2,2,1
2,7.4020,1247.3610,33.3750,1288.1380,3954,4012,45,4248,4,14,5,20,163240,66194.0,69953.0,15305.0,1000269.0,2,2,2,1
3,5.4030,1244.6140,24.4060,1274.4230,3955,4013,45,4248,4,14,5,20,163240,66174.0,69947.0,15423.0,998052.0,2,2,2,1
4,6.3970,1247.6910,32.3490,1286.4370,3955,4016,45,4248,4,14,5,20,163240,66116.0,70911.0,15557.0,997510.0,2,2,2,1
5,4.4190,1246.7240,30.3720,1281.5150,3955,4014,45,4248,4,14,5,20,163240,66207.0,70392.0,15698.0,1000528.0,2,2,2,1
6,5.4530,1243.6660,22.6850,1271.8040,3959,4013,45,4248,4,14,5,20,163240,66297.0,70084.0,15405.0,994615.0,2,2,2,1
7,5.5690,1244.3190,33.1930,1283.0810,3952,4015,45,4248,4,14,5,20,163240,66314.0,70097.0,15438.0,993963.0,2,2,2,1
8,5.3770,1245.3900,32.6540,1283.4210,3960,4014,45,4248,4,14,5,20,163240,66320.0,70309.0,15420.0,1000089.0,2,2,2,1
9,5.4160,1246.7680,23.3640,1275.5480,3953,4011,45,4248,4,14,5,20,163240,66170.0,70637.0,15588.0,995143.0,2,2,2,1
10,6.4670,1249.1450,31.1500,1286.7620,3956,4010,45,4248,4,14,5,20,163240,66211.0,70531.0,15277.0,999111.0,2,2,2,1
11,5.4040,1239.3220,35.1500,1279.8760,3953,4014,45,4248,4,14,5,20,163240,66229.0,70086.0,15419.0,994539.0,2,2,2,1
12,5.4840,1251.6510,24.9120,1282.0470,3954,4011,45,4248,4,14,5,20,163240,66360.0,69961.0,15681.0,999002.0,2,2,2,1
13,4.7130,1245.4560,32.7440,1282.9130,3956,4014,45,4248,4,14,5,20,163240,66246.0,70348.0,15555.0,995991.0,2,2,2,1
14,5.5780,1240.4560,35.1230,1281.1570,3954,4014,45,4248,4,14,5,20,163240,66354.0,70154.0,15291.0,994391.0,2,2,2,1
15,5.4460,1242.0060,24.6200,1272.0720,3955,4013,45,4248,4,14,5,20,163240,66193.0,70589.0,15519.0,995416.0,2,2,2,1
16,6.6090,1247.1190,27.9000,1281.6280,3954,4009,45,4248,4,14,5,20,163240,66067.0,70499.0,15629.0,997243.0,2,2,2,1
17,4.4140,1244.4150,24.6680,1273.4970,3953,4012,45,4248,4,14,5,20,163240,66502.0,70167.0,15465.0,995873.0,2,2,2,1
18,5.4030,1246.6590,40.6630,1292.7250,3959,4013,45,4248,4,14,5,20,163240,66251.0,70039.0,15601.0,998082.0,2,2,2,1
19,22.5260,1254.8710,36.7500,1314.1470,3957,4015,45,4248,4,14,5,20,163240,66208.0,70101.0,15793.0,997736.0,2,2,2,1
#heap 76002
#stack 3296
#end
#block connect mTLS-checked
#lib wolfSSL 5.9.4
iter,tcp_ms,tls_ms,mqtt_ms,total_ms,hs_tx_B,hs_rx_B,mqtt_tx_B,mqtt_rx_B,hs_writes,hs_reads,writes,reads,free_heap_B,hs_keygen_us,hs_derive_us,hs_verify_us,hs_sign_us,hs_keygen_n,hs_derive_n,hs_verify_n,hs_sign_n
#suite TLS13-AES256-GCM-SHA384
0,4.7200,1246.6200,32.1400,1283.4800,3953,4018,45,4248,4,14,5,20,162904,66397.0,70063.0,15461.0,994105.0,2,2,2,1
1,6.4150,1246.5070,31.3720,1284.2940,3956,4012,45,4248,4,14,5,20,162904,66310.0,70427.0,15319.0,1001326.0,2,2,2,1
2,8.4530,1250.2330,22.9550,1281.6410,3956,4016,45,4248,4,14,5,20,162904,66222.0,69985.0,15321.0,1000962.0,2,2,2,1
3,9.8080,1241.6560,36.3190,1287.7830,3953,4016,45,4248,4,14,5,20,162904,66206.0,70626.0,15444.0,995114.0,2,2,2,1
4,8.6630,1245.5230,34.4550,1288.6410,3957,4013,45,4248,4,14,5,20,162904,66086.0,70672.0,15468.0,999193.0,2,2,2,1
5,4.4420,1246.4180,29.8400,1280.7000,3953,4009,45,4248,4,14,5,20,162904,66072.0,70163.0,15469.0,997601.0,2,2,2,1
6,5.4500,1247.6290,30.1830,1283.2620,3955,4013,45,4248,4,14,5,20,162904,66360.0,70190.0,15303.0,998979.0,2,2,2,1
7,8.4140,1250.0880,28.9150,1287.4170,3956,4015,45,4248,4,14,5,20,162904,66279.0,70085.0,15448.0,1002190.0,2,2,2,1
8,5.4060,1246.0060,28.5120,1279.9240,3953,4011,45,4248,4,14,5,20,162904,66402.0,70169.0,15585.0,995175.0,2,2,2,1
9,9.4200,1244.7120,33.2870,1287.4190,3955,4012,45,4248,4,14,5,20,162904,66260.0,70416.0,15649.0,997925.0,2,2,2,1
10,8.5860,1247.1640,32.2190,1287.9690,3957,4014,45,4248,4,14,5,20,162904,66132.0,70113.0,15472.0,999467.0,2,2,2,1
11,5.4010,1255.6650,41.9080,1302.9740,3954,4017,45,4248,4,14,5,20,162904,66262.0,70220.0,15568.0,1006020.0,2,2,2,1
12,20.4620,1241.4820,23.3660,1285.3100,3950,4010,45,4248,4,14,5,20,162904,66204.0,69989.0,15668.0,994682.0,2,2,2,1
13,16.7750,1252.7480,39.6520,1309.1750,3952,4009,45,4248,4,14,5,20,162904,66192.0,70634.0,15596.0,994787.0,2,2,2,1
14,5.7800,1240.9510,32.1320,1278.8630,3953,4014,45,4248,4,14,5,20,162904,66069.0,70565.0,15396.0,996789.0,2,2,2,1
15,5.4230,1246.9320,24.7900,1277.1450,3955,4013,45,4248,4,14,5,20,162904,66057.0,69999.0,15557.0,994787.0,2,2,2,1
16,4.8340,1246.3790,39.0020,1290.2150,3952,4012,45,4248,4,14,5,20,162904,66229.0,70274.0,15482.0,997588.0,2,2,2,1
17,6.6990,1239.4180,31.9050,1278.0220,3956,4013,45,4248,4,14,5,20,162904,66082.0,70163.0,15299.0,992668.0,2,2,2,1
18,6.5060,1248.5910,26.3490,1281.4460,3953,4015,45,4248,4,14,5,20,162904,66249.0,70207.0,15419.0,999769.0,2,2,2,1
19,6.7650,1241.4610,34.2700,1282.4960,3957,4012,45,4248,4,14,5,20,162904,66295.0,70358.0,15459.0,993689.0,2,2,2,1
#heap 76309
#stack 3384
#end
#block refuse TLS wrong-name
#lib wolfSSL 5.9.4
iter,tcp_ms,tls_ms,mqtt_ms,total_ms,hs_tx_B,hs_rx_B,mqtt_tx_B,mqtt_rx_B,hs_writes,hs_reads,writes,reads,free_heap_B,hs_keygen_us,hs_derive_us,hs_verify_us,hs_sign_us,hs_keygen_n,hs_derive_n,hs_verify_n,hs_sign_n
#reason tls handshake failed: peer ip address mismatch
#deploy refused=1 case=wrong-name crl_load_us=8538 crl_B=798
#heap 22547
#stack 2784
#end
#block refuse TLS revoked
#lib wolfSSL 5.9.4
iter,tcp_ms,tls_ms,mqtt_ms,total_ms,hs_tx_B,hs_rx_B,mqtt_tx_B,mqtt_rx_B,hs_writes,hs_reads,writes,reads,free_heap_B,hs_keygen_us,hs_derive_us,hs_verify_us,hs_sign_us,hs_keygen_n,hs_derive_n,hs_verify_n,hs_sign_n
#reason tls handshake failed: CRL Cert revoked
#deploy refused=1 case=revoked crl_load_us=7995 crl_B=798
#heap 22552
#stack 3432
#end
#block refuse TLS expired
#lib wolfSSL 5.9.4
iter,tcp_ms,tls_ms,mqtt_ms,total_ms,hs_tx_B,hs_rx_B,mqtt_tx_B,mqtt_rx_B,hs_writes,hs_reads,writes,reads,free_heap_B,hs_keygen_us,hs_derive_us,hs_verify_us,hs_sign_us,hs_keygen_n,hs_derive_n,hs_verify_n,hs_sign_n
#reason tls handshake failed: ASN date error, current date is after expiration
#deploy refused=1 case=expired crl_load_us=8205 crl_B=798
#heap 22552
#stack 3296
#end
=== done ===
