=== MQTT / TLS 1.3 / mTLS, MLDSA44 certificates, X25519MLKEM768 (wolfSSL 5.9.4) on RP2040 ===
CPU clock: 200 MHz
#config iterations=50 warmup=5 pipe_iterations=3 messages=200 payload_B=51 schemes=2 sweep_iterations=20 sweep_warmup=2 groups=13 kex_iterations=50 kex_warmup=2 blocks=6
#kat LoRaWAN / AES-CMAC / Ascon known-answer checks: OK
#wifi rssi=-20 dBm channel=10 ip=192.168.50.235 broker=192.168.50.132
#block kex plain ML-KEM-512
#lib none (plain MQTT)
iter,tcp_ms,tls_ms,mqtt_ms,total_ms,hs_tx_B,hs_rx_B,mqtt_tx_B,mqtt_rx_B,hs_writes,hs_reads,writes,reads,free_heap_B,hs_keygen_us,hs_derive_us,hs_verify_us,hs_sign_us,hs_keygen_n,hs_derive_n,hs_verify_n,hs_sign_n
0,126.7910,0.0010,4.5410,131.3330,0,0,23,4,0,0,1,1,84132,0.0,0.0,0.0,0.0,0,0,0,0
#kem ML-KEM-512 lib=wolfSSL_5.9.4 pk_B=800 ct_B=768 ss_B=32 nist_level=1
kex,iter,idx,keygen_us,rtt_us,decaps_us,encaps_us,tx_B,rx_B
kex,0,0,6853,7634,8682,169,840,833
kex,0,1,7078,5305,8678,152,840,833
kex,0,2,6989,18673,8803,151,840,833
kex,0,3,7066,6129,8668,149,840,833
kex,0,4,6979,7121,8709,147,840,833
kex,0,5,7071,5168,9428,176,840,833
kex,0,6,6913,20538,8701,178,840,833
kex,0,7,6988,6476,8758,174,840,833
kex,0,8,6863,5371,8842,176,840,833
kex,0,9,6867,5667,8791,146,840,833
kex,0,10,6885,18276,8677,152,840,833
kex,0,11,6996,43529,8675,152,840,833
kex,0,12,6988,23994,8668,177,840,833
kex,0,13,7459,37142,8689,176,840,833
kex,0,14,6882,10064,8674,166,840,833
kex,0,15,6990,10409,8799,166,840,833
kex,0,16,6850,5338,8770,165,840,833
kex,0,17,6898,6816,8689,159,840,833
kex,0,18,6868,5241,9251,176,840,833
kex,0,19,6956,20022,8853,180,840,833
kex,0,20,6861,5265,8732,166,840,833
kex,0,21,6868,10507,8685,166,840,833
kex,0,22,6976,5338,8661,164,840,833
kex,0,23,7028,15334,8764,168,840,833
kex,0,24,6864,8437,8670,162,840,833
kex,0,25,6876,5504,8690,175,840,833
kex,0,26,6989,5749,8668,174,840,833
kex,0,27,6996,14377,8749,177,840,833
kex,0,28,6869,7232,8737,167,840,833
kex,0,29,6874,10718,8689,165,840,833
kex,0,30,7116,5192,8686,160,840,833
kex,0,31,6987,20652,8668,165,840,833
kex,0,32,6860,5940,8689,163,840,833
kex,0,33,7047,5456,8676,179,840,833
kex,0,34,6990,5055,8666,172,840,833
kex,0,35,7016,19467,8668,179,840,833
kex,0,36,6984,7101,8704,172,840,833
kex,0,37,7051,5567,8676,165,840,833
kex,0,38,6907,5380,8713,162,840,833
kex,0,39,6876,21204,8683,169,840,833
kex,0,40,7002,6444,9185,162,840,833
kex,0,41,7342,19251,8691,216,840,833
kex,0,42,7005,26594,8754,178,840,833
kex,0,43,6882,6964,8842,169,840,833
kex,0,44,6869,5580,8811,169,840,833
kex,0,45,6882,5121,8803,169,840,833
kex,0,46,6858,15356,8665,184,840,833
kex,0,47,7578,6030,8834,160,840,833
kex,0,48,6884,12021,8673,174,840,833
kex,0,49,6876,7992,8685,179,840,833
#stack 2152
#end
#block kex plain ML-KEM-768
#lib none (plain MQTT)
iter,tcp_ms,tls_ms,mqtt_ms,total_ms,hs_tx_B,hs_rx_B,mqtt_tx_B,mqtt_rx_B,hs_writes,hs_reads,writes,reads,free_heap_B,hs_keygen_us,hs_derive_us,hs_verify_us,hs_sign_us,hs_keygen_n,hs_derive_n,hs_verify_n,hs_sign_n
0,6.0380,0.0020,21.9420,27.9820,0,0,23,4,0,0,1,1,83908,0.0,0.0,0.0,0.0,0,0,0,0
#kem ML-KEM-768 lib=wolfSSL_5.9.4 pk_B=1184 ct_B=1088 ss_B=32 nist_level=3
kex,iter,idx,keygen_us,rtt_us,decaps_us,encaps_us,tx_B,rx_B
kex,0,0,10896,22667,14088,204,1224,1153
kex,0,1,10749,40324,13487,200,1224,1153
kex,0,2,10656,9218,13339,241,1224,1153
kex,0,3,10645,5577,13405,241,1224,1153
kex,0,4,10800,6928,13412,229,1224,1153
kex,0,5,10648,18125,13383,241,1224,1153
kex,0,6,10612,6184,13348,243,1224,1153
kex,0,7,11321,7939,13464,229,1224,1153
kex,0,8,10650,12247,13423,232,1224,1153
kex,0,9,10630,5415,13317,227,1224,1153
kex,0,10,10777,5719,13481,227,1224,1153
kex,0,11,10637,18397,13430,239,1224,1153
kex,0,12,11183,5617,13318,243,1224,1153
kex,0,13,10769,5622,13490,235,1224,1153
kex,0,14,10655,15548,13352,231,1224,1153
kex,0,15,10902,5416,13299,244,1224,1153
kex,0,16,10728,5962,13458,233,1224,1153
kex,0,17,10987,19478,13469,254,1224,1153
kex,0,18,10771,5542,13399,241,1224,1153
kex,0,19,10631,5535,13322,236,1224,1153
kex,0,20,10773,15488,13300,270,1224,1153
kex,0,21,10766,6427,13984,234,1224,1153
kex,0,22,11283,8558,13450,237,1224,1153
kex,0,23,10657,11613,13316,240,1224,1153
kex,0,24,10746,5527,13411,244,1224,1153
kex,0,25,10639,5855,14040,232,1224,1153
kex,0,26,10798,51336,13344,235,1224,1153
kex,0,27,10876,6656,13432,265,1224,1153
kex,0,28,11412,12279,13535,277,1224,1153
kex,0,29,10638,5715,13359,278,1224,1153
kex,0,30,10862,6822,13393,233,1224,1153
kex,0,31,10621,15484,13401,237,1224,1153
kex,0,32,10635,5485,13303,230,1224,1153
kex,0,33,10791,7033,13399,224,1224,1153
kex,0,34,10618,17270,13425,241,1224,1153
kex,0,35,10635,5555,13307,243,1224,1153
kex,0,36,10846,5976,13423,228,1224,1153
kex,0,37,10622,15283,13412,233,1224,1153
kex,0,38,10632,5938,13288,260,1224,1153
kex,0,39,10818,5882,13389,224,1224,1153
kex,0,40,10653,18025,13426,244,1224,1153
kex,0,41,10809,5480,13435,243,1224,1153
kex,0,42,10631,5984,13982,228,1224,1153
kex,0,43,10688,17079,13317,272,1224,1153
kex,0,44,10758,6716,13444,227,1224,1153
kex,0,45,10634,5705,13309,244,1224,1153
kex,0,46,10738,15913,13298,241,1224,1153
kex,0,47,10920,5725,13620,256,1224,1153
kex,0,48,10788,5421,13477,246,1224,1153
kex,0,49,10794,16075,13298,234,1224,1153
#stack 2416
#end
#block kex plain ML-KEM-1024
#lib none (plain MQTT)
iter,tcp_ms,tls_ms,mqtt_ms,total_ms,hs_tx_B,hs_rx_B,mqtt_tx_B,mqtt_rx_B,hs_writes,hs_reads,writes,reads,free_heap_B,hs_keygen_us,hs_derive_us,hs_verify_us,hs_sign_us,hs_keygen_n,hs_derive_n,hs_verify_n,hs_sign_n
0,6.7380,0.0020,4.7870,11.5270,0,0,23,4,0,0,1,1,83908,0.0,0.0,0.0,0.0,0,0,0,0
#kem ML-KEM-1024 lib=wolfSSL_5.9.4 pk_B=1568 ct_B=1568 ss_B=32 nist_level=5
kex,iter,idx,keygen_us,rtt_us,decaps_us,encaps_us,tx_B,rx_B
kex,0,0,17071,10233,19598,268,1609,1633
kex,0,1,16384,6165,19742,287,1609,1633
kex,0,2,16555,10267,19734,378,1609,1633
kex,0,3,16440,6548,19580,370,1609,1633
kex,0,4,16431,15833,19612,327,1609,1633
kex,0,5,16404,8077,19553,320,1609,1633
kex,0,6,16457,20031,19595,313,1609,1633
kex,0,7,16417,9763,19560,326,1609,1633
kex,0,8,16423,21610,19592,327,1609,1633
kex,0,9,16396,8407,19618,315,1609,1633
kex,0,10,16205,14817,19599,315,1609,1633
kex,0,11,16389,14443,19628,325,1609,1633
kex,0,12,16197,19381,19654,363,1609,1633
kex,0,13,16439,9891,19642,346,1609,1633
kex,0,14,16394,19616,19599,325,1609,1633
kex,0,15,16367,10199,19710,324,1609,1633
kex,0,16,16383,20713,19608,324,1609,1633
kex,0,17,16895,31814,19610,320,1609,1633
kex,0,18,16412,6669,19610,381,1609,1633
kex,0,19,16416,12566,19617,329,1609,1633
kex,0,20,16427,7156,19576,318,1609,1633
kex,0,21,16403,8130,19694,313,1609,1633
kex,0,22,16566,19240,19656,352,1609,1633
kex,0,23,16404,9966,19639,355,1609,1633
kex,0,24,16393,20209,19581,327,1609,1633
kex,0,25,16391,9687,19528,320,1609,1633
kex,0,26,16406,20723,19574,352,1609,1633
kex,0,27,16443,7964,19581,321,1609,1633
kex,0,28,16222,20367,19508,323,1609,1633
kex,0,29,16552,8684,19735,331,1609,1633
kex,0,30,16367,21655,19598,317,1609,1633
kex,0,31,16374,8341,19566,323,1609,1633
kex,0,32,16484,20999,19614,322,1609,1633
kex,0,33,16244,8769,20142,314,1609,1633
kex,0,34,16365,18457,19608,326,1609,1633
kex,0,35,16532,14200,19485,327,1609,1633
kex,0,36,16235,17508,19701,321,1609,1633
kex,0,37,16440,11392,19498,315,1609,1633
kex,0,38,16403,17362,19602,313,1609,1633
kex,0,39,16514,23468,19600,358,1609,1633
kex,0,40,16387,9194,19582,345,1609,1633
kex,0,41,16375,24349,19606,319,1609,1633
kex,0,42,16397,9834,19614,324,1609,1633
kex,0,43,16382,7854,19594,324,1609,1633
kex,0,44,16386,8904,19532,316,1609,1633
kex,0,45,16554,12014,19578,313,1609,1633
kex,0,46,16228,20589,19571,317,1609,1633
kex,0,47,16422,10263,19585,370,1609,1633
kex,0,48,16406,19196,19703,368,1609,1633
kex,0,49,16185,10464,19572,315,1609,1633
#stack 1920
#end
#block kex plain X25519
#lib none (plain MQTT)
iter,tcp_ms,tls_ms,mqtt_ms,total_ms,hs_tx_B,hs_rx_B,mqtt_tx_B,mqtt_rx_B,hs_writes,hs_reads,writes,reads,free_heap_B,hs_keygen_us,hs_derive_us,hs_verify_us,hs_sign_us,hs_keygen_n,hs_derive_n,hs_verify_n,hs_sign_n
0,23.6980,0.0020,6.6880,30.3880,0,0,23,4,0,0,1,1,83908,0.0,0.0,0.0,0.0,0,0,0,0
#kem X25519 lib=wolfSSL_5.9.4 pk_B=32 ct_B=32 ss_B=32 nist_level=0
kex,iter,idx,keygen_us,rtt_us,decaps_us,encaps_us,tx_B,rx_B
kex,0,0,57396,7050,57007,1732,67,96
kex,0,1,57064,18361,57156,1729,67,96
kex,0,2,57522,6385,56986,1752,67,96
kex,0,3,56979,23444,56964,1746,67,96
kex,0,4,57437,6123,56942,1725,67,96
kex,0,5,57103,20935,57069,1492,67,96
kex,0,6,57581,9725,56989,1727,67,96
kex,0,7,57020,15457,57036,1532,67,96
kex,0,8,57532,6379,57593,1724,67,96
kex,0,9,57089,14123,57074,1779,67,96
kex,0,10,57476,5805,57005,1533,67,96
kex,0,11,56985,26351,56923,1727,67,96
kex,0,12,57597,6313,57158,1725,67,96
kex,0,13,57077,16072,57578,1497,67,96
kex,0,14,57188,6210,57060,1729,67,96
kex,0,15,57159,23828,57528,1745,67,96
kex,0,16,57090,5912,57066,1508,67,96
kex,0,17,57011,17915,57483,1729,67,96
kex,0,18,57253,6753,57042,1755,67,96
kex,0,19,56978,21741,57530,1492,67,96
kex,0,20,57010,6163,57170,1720,67,96
kex,0,21,56975,18834,57461,1524,67,96
kex,0,22,57080,6589,56914,1503,67,96
kex,0,23,57135,20088,57362,1497,67,96
kex,0,24,57134,6192,57067,1768,67,96
kex,0,25,56988,18035,57435,1491,67,96
kex,0,26,57146,6229,56930,1715,67,96
kex,0,27,57045,22492,57496,1497,67,96
kex,0,28,57092,6221,57125,1766,67,96
kex,0,29,57099,17485,57534,1493,67,96
kex,0,30,57217,6276,57165,1731,67,96
kex,0,31,57066,22768,57542,1532,67,96
kex,0,32,57030,6229,56922,1723,67,96
kex,0,33,57114,18159,57065,1727,67,96
kex,0,34,57025,5833,57031,1486,67,96
kex,0,35,57017,22705,57109,1773,67,96
kex,0,36,57078,6755,57067,1725,67,96
kex,0,37,56979,19559,57240,1490,67,96
kex,0,38,57028,6286,57023,1794,67,96
kex,0,39,57578,20400,56948,1496,67,96
kex,0,40,57089,5814,56908,1530,67,96
kex,0,41,57734,12117,57141,1728,67,96
kex,0,42,56994,6240,57030,1769,67,96
kex,0,43,57607,20192,56994,1727,67,96
kex,0,44,56965,9434,57355,1723,67,96
kex,0,45,57586,19343,57093,1494,67,96
kex,0,46,57012,6386,57106,1733,67,96
kex,0,47,57973,27012,57046,1727,67,96
kex,0,48,57031,5813,57068,1495,67,96
kex,0,49,57493,16567,56998,1730,67,96
#stack 2656
#end
#block kex plain X25519MLKEM768
#lib none (plain MQTT)
iter,tcp_ms,tls_ms,mqtt_ms,total_ms,hs_tx_B,hs_rx_B,mqtt_tx_B,mqtt_rx_B,hs_writes,hs_reads,writes,reads,free_heap_B,hs_keygen_us,hs_derive_us,hs_verify_us,hs_sign_us,hs_keygen_n,hs_derive_n,hs_verify_n,hs_sign_n
0,9.6170,0.0020,16.8310,26.4500,0,0,23,4,0,0,1,1,83908,0.0,0.0,0.0,0.0,0,0,0,0
#kem X25519MLKEM768 lib=wolfSSL_5.9.4 pk_B=1216 ct_B=1120 ss_B=64 nist_level=3
kex,iter,idx,keygen_us,rtt_us,decaps_us,encaps_us,tx_B,rx_B
kex,0,0,68576,10352,70720,1787,1260,1185
kex,0,1,68328,10947,71311,1963,1260,1185
kex,0,2,68250,10424,70825,1790,1260,1185
kex,0,3,68730,8536,71358,1793,1260,1185
kex,0,4,68197,11722,70933,1739,1260,1185
kex,0,5,68763,7690,70744,2049,1260,1185
kex,0,6,68034,13608,71488,1739,1260,1185
kex,0,7,68274,12932,70608,2023,1260,1185
kex,0,8,68234,14483,71401,1745,1260,1185
kex,0,9,68207,11996,71412,1746,1260,1185
kex,0,10,68804,14306,70656,2047,1260,1185
kex,0,11,68209,12951,71357,2085,1260,1185
kex,0,12,68265,14565,70863,1787,1260,1185
kex,0,13,68181,12190,70789,1773,1260,1185
kex,0,14,68360,15587,70765,2052,1260,1185
kex,0,15,68801,13481,70806,2064,1260,1185
kex,0,16,68535,16686,71362,2055,1260,1185
kex,0,17,68537,10924,70933,1795,1260,1185
kex,0,18,68811,12388,70973,1778,1260,1185
kex,0,19,68118,13024,70924,2021,1260,1185
kex,0,20,69054,14445,70647,2063,1260,1185
kex,0,21,68162,12610,71418,1784,1260,1185
kex,0,22,68250,14491,70650,1769,1260,1185
kex,0,23,68766,9374,70817,1747,1260,1185
kex,0,24,68157,18206,71521,2007,1260,1185
kex,0,25,68231,11385,70678,1746,1260,1185
kex,0,26,68752,17775,70739,1770,1260,1185
kex,0,27,68229,10942,70845,1725,1260,1185
kex,0,28,68758,14221,70808,1979,1260,1185
kex,0,29,68014,12617,71248,1980,1260,1185
kex,0,30,68428,16221,70781,1979,1260,1185
kex,0,31,68604,11267,70769,1721,1260,1185
kex,0,32,68045,15470,70817,1765,1260,1185
kex,0,33,68924,11721,70802,2059,1260,1185
kex,0,34,67966,15965,71341,2009,1260,1185
kex,0,35,68377,12234,70619,1745,1260,1185
kex,0,36,69013,14306,70680,1790,1260,1185
kex,0,37,68117,13384,71361,2010,1260,1185
kex,0,38,68105,14932,70829,2010,1260,1185
kex,0,39,68241,11717,71320,1745,1260,1185
kex,0,40,68151,15735,70849,1792,1260,1185
kex,0,41,68741,12024,70770,1987,1260,1185
kex,0,42,68187,14860,71272,2057,1260,1185
kex,0,43,68420,11607,70762,2052,1260,1185
kex,0,44,68037,11834,70618,1741,1260,1185
kex,0,45,68165,18227,70812,1780,1260,1185
kex,0,46,68826,13748,70827,2010,1260,1185
kex,0,47,68030,14113,71327,2062,1260,1185
kex,0,48,68512,14996,70609,1793,1260,1185
kex,0,49,69049,19269,70715,1743,1260,1185
#stack 2744
#end
#block kex plain HQC-1
#lib none (plain MQTT)
iter,tcp_ms,tls_ms,mqtt_ms,total_ms,hs_tx_B,hs_rx_B,mqtt_tx_B,mqtt_rx_B,hs_writes,hs_reads,writes,reads,free_heap_B,hs_keygen_us,hs_derive_us,hs_verify_us,hs_sign_us,hs_keygen_n,hs_derive_n,hs_verify_n,hs_sign_n
0,8.8700,0.0010,5.3740,14.2450,0,0,23,4,0,0,1,1,83908,0.0,0.0,0.0,0.0,0,0,0,0
#kem HQC-1 lib=wolfSSL_5.9.4 pk_B=2241 ct_B=4433 ss_B=32 nist_level=1
kex,iter,idx,keygen_us,rtt_us,decaps_us,encaps_us,tx_B,rx_B
kex,0,0,504278,35451,1541472,24305,2276,4498
kex,0,1,504923,40626,1543228,24330,2276,4498
kex,0,2,504878,40871,1543646,24315,2276,4498
kex,0,3,505098,39300,1543778,22316,2276,4498
kex,0,4,505377,47707,1543604,24340,2276,4498
kex,0,5,504935,36522,1542298,24299,2276,4498
kex,0,6,504846,44678,1549041,24288,2276,4498
kex,0,7,506510,63542,1545761,24288,2276,4498
kex,0,8,504833,50315,1544155,24345,2276,4498
kex,0,9,504326,48835,1543697,24294,2276,4498
kex,0,10,504718,35455,1543262,24304,2276,4498
kex,0,11,504423,45924,1542473,24296,2276,4498
kex,0,12,504673,36650,1542848,24323,2276,4498
kex,0,13,504861,36845,1543265,24310,2276,4498
kex,0,14,504528,47870,1543703,24241,2276,4498
kex,0,15,504688,42012,1543585,24279,2276,4498
kex,0,16,504513,39758,1542978,24291,2276,4498
kex,0,17,504309,35585,1544221,24288,2276,4498
kex,0,18,505340,38245,1543071,24318,2276,4498
kex,0,19,504402,47435,1543601,21030,2276,4498
kex,0,20,504791,48844,1541879,24315,2276,4498
kex,0,21,504323,33301,1544841,22100,2276,4498
kex,0,22,504495,35208,1544114,24300,2276,4498
kex,0,23,504504,36861,1544238,24294,2276,4498
kex,0,24,504921,46272,1542721,24289,2276,4498
kex,0,25,505087,49507,1543265,24311,2276,4498
kex,0,26,505040,54144,1544534,24293,2276,4498
kex,0,27,504642,45026,1543715,20965,2276,4498
kex,0,28,504376,35684,1542290,24334,2276,4498
kex,0,29,504451,52382,1542965,24353,2276,4498
kex,0,30,504843,40702,1543106,21266,2276,4498
kex,0,31,504394,32674,1543525,20821,2276,4498
kex,0,32,506432,41225,1545869,20831,2276,4498
kex,0,33,504485,49826,1543458,24293,2276,4498
kex,0,34,505107,48870,1542997,24290,2276,4498
kex,0,35,504447,35642,1548471,24300,2276,4498
kex,0,36,504316,45491,1543005,24278,2276,4498
kex,0,37,504828,49301,1542550,24289,2276,4498
kex,0,38,504782,81806,1542847,24288,2276,4498
kex,0,39,504540,46315,1542982,24344,2276,4498
kex,0,40,504498,44762,1542817,24422,2276,4498
kex,0,41,504625,29456,1543275,20834,2276,4498
kex,0,42,504538,34504,1544476,20230,2276,4498
kex,0,43,505091,35305,1542918,24302,2276,4498
kex,0,44,505176,35345,1542838,24279,2276,4498
kex,0,45,504770,44514,1542238,24288,2276,4498
kex,0,46,504118,35728,1544988,24349,2276,4498
kex,0,47,504363,36869,1542262,22312,2276,4498
kex,0,48,504342,35025,1544357,24306,2276,4498
kex,0,49,504631,43106,1541836,24324,2276,4498
#stack 66336
#end
=== done ===
