=== MQTT / TLS 1.3 / mTLS, DEPLOY_RSA3072 certificates, X25519MLKEM768 (wolfSSL 5.9.4) on RP2040 ===
CPU clock: 200 MHz
#config iterations=50 warmup=5 pipe_iterations=3 messages=200 payload_B=51 schemes=2 sweep_iterations=20 sweep_warmup=2 groups=13 kex_iterations=50 kex_warmup=2 blocks=7
#kat LoRaWAN / AES-CMAC / Ascon known-answer checks: OK
#time 1791470498 (NTP pool.ntp.org): certificate and CRL dates are checked
#wifi rssi=-13 dBm channel=10 ip=192.168.50.235 broker=192.168.50.132
#block connect TLS
#lib wolfSSL 5.9.4
iter,tcp_ms,tls_ms,mqtt_ms,total_ms,hs_tx_B,hs_rx_B,mqtt_tx_B,mqtt_rx_B,hs_writes,hs_reads,writes,reads,free_heap_B,hs_keygen_us,hs_derive_us,hs_verify_us,hs_sign_us,hs_keygen_n,hs_derive_n,hs_verify_n,hs_sign_n
#suite TLS13-AES256-GCM-SHA384
0,14.4080,334.7010,12.3010,361.4100,1399,2819,45,568,2,12,3,18,168080,66272.0,70247.0,115330.0,0.0,2,2,2,0
1,5.3850,348.0860,11.9370,365.4080,1399,2819,45,568,2,12,3,18,167848,66491.0,70234.0,115371.0,0.0,2,2,2,0
2,5.3960,330.6590,11.5490,347.6040,1399,2819,45,568,2,12,3,18,167848,66567.0,71484.0,115235.0,0.0,2,2,2,0
3,4.4240,327.8390,13.2070,345.4700,1399,2819,45,568,2,12,3,18,167848,66242.0,70268.0,115280.0,0.0,2,2,2,0
4,7.6460,324.8750,13.3030,345.8240,1399,2819,45,568,2,12,3,18,167848,66169.0,70291.0,115274.0,0.0,2,2,2,0
5,4.4860,328.9980,12.1090,345.5930,1399,2819,45,568,2,12,3,18,167848,66307.0,70416.0,115834.0,0.0,2,2,2,0
6,5.7970,332.3920,23.9470,362.1360,1399,2819,45,568,2,12,3,18,167848,66494.0,71575.0,115252.0,0.0,2,2,2,0
7,4.3860,333.5430,12.6930,350.6220,1399,2819,45,568,2,12,3,18,167848,66265.0,70190.0,115620.0,0.0,2,2,2,0
8,18.4250,330.8560,11.5500,360.8310,1399,2819,45,568,2,12,3,18,167848,66354.0,70202.0,115347.0,0.0,2,2,2,0
9,5.4540,338.1050,26.2240,369.7830,1399,2819,45,568,2,12,3,18,167848,66440.0,70986.0,115216.0,0.0,2,2,2,0
10,20.4110,890.4280,18.5020,929.3410,1399,2819,45,568,2,12,3,18,167848,66550.0,71110.0,115390.0,0.0,2,2,2,0
11,5.5930,326.5260,12.0490,344.1680,1399,2819,45,568,2,12,3,18,167848,66273.0,70249.0,115202.0,0.0,2,2,2,0
12,10.6940,329.7320,23.5070,363.9330,1399,2819,45,568,2,12,3,18,167848,66191.0,70248.0,115271.0,0.0,2,2,2,0
13,5.4190,337.6150,11.7640,354.7980,1399,2819,45,568,2,12,3,18,167848,66292.0,70287.0,115207.0,0.0,2,2,2,0
14,5.3930,327.3820,12.0310,344.8060,1399,2819,45,568,2,12,3,18,167848,66436.0,70459.0,115194.0,0.0,2,2,2,0
15,4.7260,360.2630,12.4930,377.4820,1399,2819,45,568,2,12,3,18,167848,66166.0,70304.0,115239.0,0.0,2,2,2,0
16,5.4170,360.8400,24.1240,390.3810,1399,2819,45,568,2,12,3,18,167848,66324.0,70329.0,115358.0,0.0,2,2,2,0
17,5.7900,350.3710,25.6850,381.8460,1399,2819,45,568,2,12,3,18,167848,66464.0,70433.0,115226.0,0.0,2,2,2,0
18,20.4220,356.7740,12.0230,389.2190,1399,2819,45,568,2,12,3,18,167848,66822.0,70369.0,115285.0,0.0,2,2,2,0
19,5.4070,360.3690,14.5140,380.2900,1399,2819,45,568,2,12,3,18,167848,66347.0,70322.0,115342.0,0.0,2,2,2,0
#heap 21989
#stack 3488
#end
#block connect TLS-checked
#lib wolfSSL 5.9.4
iter,tcp_ms,tls_ms,mqtt_ms,total_ms,hs_tx_B,hs_rx_B,mqtt_tx_B,mqtt_rx_B,hs_writes,hs_reads,writes,reads,free_heap_B,hs_keygen_us,hs_derive_us,hs_verify_us,hs_sign_us,hs_keygen_n,hs_derive_n,hs_verify_n,hs_sign_n
#suite TLS13-AES256-GCM-SHA384
0,5.4380,355.8490,22.3790,383.6660,1399,2819,45,568,2,12,3,18,167504,66375.0,70261.0,115384.0,0.0,2,2,2,0
1,5.4110,354.7740,26.0280,386.2130,1399,2819,45,568,2,12,3,18,167504,66379.0,70341.0,115253.0,0.0,2,2,2,0
2,15.6410,355.0920,16.8070,387.5400,1399,2819,45,568,2,12,3,18,167504,66443.0,71315.0,115394.0,0.0,2,2,2,0
3,19.4080,355.4340,14.1670,389.0090,1399,2819,45,568,2,12,3,18,167504,66239.0,70699.0,115354.0,0.0,2,2,2,0
4,9.4110,372.2410,28.6940,410.3460,1399,2819,45,568,2,12,3,18,167504,66271.0,70287.0,115545.0,0.0,2,2,2,0
5,5.4180,359.0490,23.3510,387.8180,1399,2819,45,568,2,12,3,18,167504,66334.0,71446.0,115353.0,0.0,2,2,2,0
6,9.4710,363.9790,39.1390,412.5890,1399,2819,45,568,2,12,3,18,167504,66285.0,70274.0,115294.0,0.0,2,2,2,0
7,4.7970,369.5170,12.3840,386.6980,1399,2819,45,568,2,12,3,18,167504,66431.0,70308.0,115275.0,0.0,2,2,2,0
8,5.4210,359.0320,19.9980,384.4510,1399,2819,45,568,2,12,3,18,167504,66541.0,70770.0,115279.0,0.0,2,2,2,0
9,5.4330,356.0660,12.6180,374.1170,1399,2819,45,568,2,12,3,18,167504,66273.0,70311.0,115143.0,0.0,2,2,2,0
10,19.4060,361.3500,26.0470,406.8030,1399,2819,45,568,2,12,3,18,167504,66378.0,70363.0,115283.0,0.0,2,2,2,0
11,20.7020,356.3930,26.7490,403.8440,1399,2819,45,568,2,12,3,18,167504,66287.0,70284.0,115398.0,0.0,2,2,2,0
12,21.5330,359.6920,15.8090,397.0340,1399,2819,45,568,2,12,3,18,167504,66274.0,70247.0,115214.0,0.0,2,2,2,0
13,4.8230,353.8820,24.7290,383.4340,1399,2819,45,568,2,12,3,18,167504,66300.0,70309.0,115197.0,0.0,2,2,2,0
14,7.6250,353.6510,26.4980,387.7740,1399,2819,45,568,2,12,3,18,167504,66713.0,70394.0,115262.0,0.0,2,2,2,0
15,19.6620,337.5260,12.8630,370.0510,1399,2819,45,568,2,12,3,18,167504,66314.0,70285.0,115456.0,0.0,2,2,2,0
16,19.6460,332.4200,12.2200,364.2860,1399,2819,45,568,2,12,3,18,167504,66323.0,71109.0,115418.0,0.0,2,2,2,0
17,5.5470,328.2680,11.7980,345.6130,1399,2819,45,568,2,12,3,18,167504,66448.0,70328.0,115545.0,0.0,2,2,2,0
18,5.3940,329.6500,11.4330,346.4770,1399,2819,45,568,2,12,3,18,167504,66336.0,70269.0,115376.0,0.0,2,2,2,0
19,5.3820,327.5560,15.4230,348.3610,1399,2819,45,568,2,12,3,18,167504,66249.0,70230.0,115676.0,0.0,2,2,2,0
#heap 22304
#stack 3488
#end
#block connect mTLS
#lib wolfSSL 5.9.4
iter,tcp_ms,tls_ms,mqtt_ms,total_ms,hs_tx_B,hs_rx_B,mqtt_tx_B,mqtt_rx_B,hs_writes,hs_reads,writes,reads,free_heap_B,hs_keygen_us,hs_derive_us,hs_verify_us,hs_sign_us,hs_keygen_n,hs_derive_n,hs_verify_n,hs_sign_n
#suite TLS13-AES256-GCM-SHA384
0,5.3810,3635.3740,38.1850,3678.9400,2935,2989,45,2744,4,14,5,20,164896,66360.0,70501.0,172768.0,3200178.0,2,2,3,1
1,5.5900,3596.2590,81.6650,3683.5140,2935,2989,45,2744,4,14,5,20,164896,66284.0,71410.0,173392.0,3199771.0,2,2,3,1
2,4.4550,3626.7610,46.4700,3677.6860,2935,2989,45,2744,4,14,5,20,164896,66506.0,71341.0,173273.0,3200469.0,2,2,3,1
3,6.5590,3626.8410,44.2390,3677.6390,2935,2989,45,2744,4,14,5,20,164896,66188.0,70647.0,172917.0,3200344.0,2,2,3,1
4,6.3840,3627.2340,46.9980,3680.6160,2935,2989,45,2744,4,14,5,20,164896,66218.0,70729.0,172883.0,3201031.0,2,2,3,1
5,6.4030,3631.3220,26.3510,3664.0760,2935,2989,45,2744,4,14,5,20,164896,66313.0,70138.0,173561.0,3200990.0,2,2,3,1
6,5.4070,3637.6920,49.2100,3692.3090,2935,2989,45,2744,4,14,5,20,164896,66474.0,70233.0,173229.0,3200735.0,2,2,3,1
7,4.5820,3625.9770,50.3930,3680.9520,2935,2989,45,2744,4,14,5,20,164896,66392.0,70281.0,172979.0,3201240.0,2,2,3,1
8,6.3930,3627.9840,44.1160,3678.4930,2935,2989,45,2744,4,14,5,20,164896,66455.0,71946.0,172948.0,3200073.0,2,2,3,1
9,5.6040,3630.0450,45.7640,3681.4130,2935,2989,45,2744,4,14,5,20,164896,66208.0,70298.0,173243.0,3199940.0,2,2,3,1
10,6.4430,3637.3890,35.4000,3679.2320,2935,2989,45,2744,4,14,5,20,164896,66344.0,71566.0,173302.0,3204568.0,2,2,3,1
11,5.7240,3631.2690,40.1340,3677.1270,2935,2989,45,2744,4,14,5,20,164896,66493.0,71101.0,172865.0,3200352.0,2,2,3,1
12,6.6710,3627.0840,46.5070,3680.2620,2935,2989,45,2744,4,14,5,20,164896,66279.0,70545.0,173137.0,3200914.0,2,2,3,1
13,6.5060,3654.5900,118.6400,3779.7360,2935,2989,45,2744,4,14,5,20,164896,66154.0,70459.0,172841.0,3200189.0,2,2,3,1
14,5.4660,3628.0160,45.7170,3679.1990,2935,2989,45,2744,4,14,5,20,164896,66256.0,70375.0,173179.0,3200521.0,2,2,3,1
15,5.4300,3627.8640,46.4180,3679.7120,2935,2989,45,2744,4,14,5,20,164896,66537.0,70372.0,173222.0,3200234.0,2,2,3,1
16,6.5620,3631.0490,42.4790,3680.0900,2935,2989,45,2744,4,14,5,20,164896,66205.0,71661.0,173297.0,3199637.0,2,2,3,1
17,6.6610,3625.3110,47.4050,3679.3770,2935,2989,45,2744,4,14,5,20,164896,66292.0,70424.0,173355.0,3200329.0,2,2,3,1
18,6.5440,3628.2690,47.0190,3681.8320,2935,2989,45,2744,4,14,5,20,164896,66167.0,70303.0,172925.0,3200300.0,2,2,3,1
19,6.5930,3625.8200,42.7210,3675.1340,2935,2989,45,2744,4,14,5,20,164896,66368.0,70238.0,172925.0,3200737.0,2,2,3,1
#heap 26489
#stack 3904
#end
#block connect mTLS-checked
#lib wolfSSL 5.9.4
iter,tcp_ms,tls_ms,mqtt_ms,total_ms,hs_tx_B,hs_rx_B,mqtt_tx_B,mqtt_rx_B,hs_writes,hs_reads,writes,reads,free_heap_B,hs_keygen_us,hs_derive_us,hs_verify_us,hs_sign_us,hs_keygen_n,hs_derive_n,hs_verify_n,hs_sign_n
#suite TLS13-AES256-GCM-SHA384
0,5.5730,3626.0180,52.2470,3683.8380,2935,2989,45,2744,4,14,5,20,164552,66276.0,70837.0,172849.0,3201064.0,2,2,3,1
1,5.6800,3628.9690,40.1580,3674.8070,2935,2989,45,2744,4,14,5,20,164552,66512.0,71435.0,173174.0,3200196.0,2,2,3,1
2,5.3790,3630.4600,44.7370,3680.5760,2935,2989,45,2744,4,14,5,20,164552,66313.0,70773.0,173182.0,3200793.0,2,2,3,1
3,9.4130,3628.8450,29.1600,3667.4180,2935,2989,45,2744,4,14,5,20,164552,66560.0,71865.0,173222.0,3201171.0,2,2,3,1
4,17.7760,3637.2840,346.7030,4001.7630,2935,2989,45,2744,4,14,5,20,164552,66250.0,70320.0,173875.0,3203206.0,2,2,3,1
5,6.4470,3626.6290,67.3510,3700.4270,2935,2989,45,2744,4,14,5,20,164552,66261.0,70288.0,173017.0,3201028.0,2,2,3,1
6,4.6420,3630.1180,45.5600,3680.3200,2935,2989,45,2744,4,14,5,20,164552,66284.0,70728.0,173293.0,3200336.0,2,2,3,1
7,5.3640,3626.5290,48.3910,3680.2840,2935,2989,45,2744,4,14,5,20,164552,66480.0,70294.0,173328.0,3200441.0,2,2,3,1
8,15.4080,3637.9990,124.7320,3778.1390,2935,2989,45,2744,4,14,5,20,164552,66188.0,70206.0,172932.0,3200813.0,2,2,3,1
9,5.5790,3603.4610,70.8530,3679.8930,2935,2989,45,2744,4,14,5,20,164552,66454.0,71203.0,173673.0,3200901.0,2,2,3,1
10,7.3890,3625.5000,47.4500,3680.3390,2935,2989,45,2744,4,14,5,20,164552,66567.0,70811.0,173105.0,3199740.0,2,2,3,1
11,5.3650,3628.3060,48.0580,3681.7290,2935,2989,45,2744,4,14,5,20,164552,66382.0,71336.0,172843.0,3200126.0,2,2,3,1
12,7.4180,3639.6790,127.5330,3774.6300,2935,2989,45,2744,4,14,5,20,164552,66291.0,70291.0,173253.0,3200600.0,2,2,3,1
13,11.0820,3639.6770,128.2180,3778.9770,2935,2989,45,2744,4,14,5,20,164552,66352.0,70269.0,172877.0,3200506.0,2,2,3,1
14,7.7430,3646.0000,130.5540,3784.2970,2935,2989,45,2744,4,14,5,20,164552,66298.0,70839.0,172983.0,3200480.0,2,2,3,1
15,9.3740,3638.8360,128.2320,3776.4420,2935,2989,45,2744,4,14,5,20,164552,66279.0,70758.0,172866.0,3200310.0,2,2,3,1
16,5.7600,3626.1300,48.8000,3680.6900,2935,2989,45,2744,4,14,5,20,164552,66286.0,70208.0,173004.0,3200612.0,2,2,3,1
17,6.5530,3631.4580,39.8050,3677.8160,2935,2989,45,2744,4,14,5,20,164552,66401.0,71894.0,172847.0,3200764.0,2,2,3,1
18,8.3700,3623.8090,50.7710,3682.9500,2935,2989,45,2744,4,14,5,20,164552,66158.0,70344.0,173235.0,3201035.0,2,2,3,1
19,5.4900,3627.6700,29.4680,3662.6280,2935,2989,45,2744,4,14,5,20,164552,66863.0,71810.0,173176.0,3200698.0,2,2,3,1
#heap 26804
#stack 3704
#end
#block refuse TLS wrong-name
#lib wolfSSL 5.9.4
iter,tcp_ms,tls_ms,mqtt_ms,total_ms,hs_tx_B,hs_rx_B,mqtt_tx_B,mqtt_rx_B,hs_writes,hs_reads,writes,reads,free_heap_B,hs_keygen_us,hs_derive_us,hs_verify_us,hs_sign_us,hs_keygen_n,hs_derive_n,hs_verify_n,hs_sign_n
#reason tls handshake failed: peer ip address mismatch
#deploy refused=1 case=wrong-name crl_load_us=59299 crl_B=539
#heap 22299
#stack 3096
#end
#block refuse TLS revoked
#lib wolfSSL 5.9.4
iter,tcp_ms,tls_ms,mqtt_ms,total_ms,hs_tx_B,hs_rx_B,mqtt_tx_B,mqtt_rx_B,hs_writes,hs_reads,writes,reads,free_heap_B,hs_keygen_us,hs_derive_us,hs_verify_us,hs_sign_us,hs_keygen_n,hs_derive_n,hs_verify_n,hs_sign_n
#reason tls handshake failed: CRL Cert revoked
#deploy refused=1 case=revoked crl_load_us=58757 crl_B=539
#heap 22304
#stack 3096
#end
#block refuse TLS expired
#lib wolfSSL 5.9.4
iter,tcp_ms,tls_ms,mqtt_ms,total_ms,hs_tx_B,hs_rx_B,mqtt_tx_B,mqtt_rx_B,hs_writes,hs_reads,writes,reads,free_heap_B,hs_keygen_us,hs_derive_us,hs_verify_us,hs_sign_us,hs_keygen_n,hs_derive_n,hs_verify_n,hs_sign_n
#reason tls handshake failed: ASN date error, current date is after expiration
#deploy refused=1 case=expired crl_load_us=59393 crl_B=539
#heap 22304
#stack 3096
#end
=== done ===
